Microchip MPLAB XC8 Compiler V1.45 ()

Linker command line:

-W-3 --edf=C:\Program Files (x86)\Microchip\xc8\v1.45\dat\en_msgs.txt -cs \
  -h+dist/default/production\Comunica__o_46K22.X.production.sym \
  --cmf=dist/default/production\Comunica__o_46K22.X.production.cmf -z \
  -Q18F46K22 -oC:\Users\asus\AppData\Local\Temp\slo.2 \
  -Mdist/default/production/Comunica__o_46K22.X.production.map -E1 -ver=XC8 \
  -ASTACK=0B2h-0f37h -pstack=STACK -ACODE=00h-0FFFFh -ACONST=00h-0FFFFh \
  -ASMALLCONST=01000h-010FFhx240 -AMEDIUMCONST=01000h-0FFFFh \
  -ACOMRAM=01h-05Fh -AABS1=00h-0F37h -ABIGRAM=01h-0F37h \
  -ARAM=060h-0FFh,0100h-01FFhx14,0F00h-0F37h -ABANK0=060h-0FFh \
  -ABANK1=0100h-01FFh -ABANK2=0200h-02FFh -ABANK3=0300h-03FFh \
  -ABANK4=0400h-04FFh -ABANK5=0500h-05FFh -ABANK6=0600h-06FFh \
  -ABANK7=0700h-07FFh -ABANK8=0800h-08FFh -ABANK9=0900h-09FFh \
  -ABANK10=0A00h-0AFFh -ABANK11=0B00h-0BFFh -ABANK12=0C00h-0CFFh \
  -ABANK13=0D00h-0DFFh -ABANK14=0E00h-0EFFh -ABANK15=0F00h-0F37h \
  -ASFR=0F38h-0F5Fh,0F60h-0FFFh \
  -preset_vec=00h,intcode=08h,intcodelo,powerup,init -pramtop=01000h \
  -psmallconst=SMALLCONST -pmediumconst=MEDIUMCONST -pconst=CONST \
  -AFARRAM=00h-00h -ACONFIG=0300000h-030000Dh -pconfig=CONFIG \
  -AIDLOC=0200000h-0200007h -pidloc=IDLOC -AEEDATA=0F00000h-0F003FFh \
  -peeprom_data=EEDATA \
  -prdata=COMRAM,nvrram=COMRAM,nvbit=COMRAM,rbss=COMRAM,rbit=COMRAM \
  -pfarbss=FARRAM,fardata=FARRAM,nvFARRAM=FARRAM \
  -pintsave_regs=BIGRAM,bigbss=BIGRAM,bigdata=BIGRAM -pbss=RAM \
  -pidata=CODE,irdata=CODE,ibigdata=CODE,ifardata=CODE -prparam=COMRAM \
  C:\Users\asus\AppData\Local\Temp\slo.obj \
  dist/default/production\Comunica__o_46K22.X.production.obj 

Object code version is 3.11

Machine type is 18F46K22

Call graph: (short form)




                Name                               Link     Load   Length Selector   Space Scale
C:\Users\asus\AppData\Local\Temp\slo.obj
                init                                1C6      1C6        4        4       0
                reset_vec                             0        0        4        0       0
                idloc                            200000   200000        8   200000       0
                config                           300000   300000        E   300000       0
dist/default/production\Comunica__o_46K22.X.production.obj
                intcode                               8        8      1BE        4       0
                temp                                 46       46        1        1       1
                smallconst                         1000     1000       50      800       0
                text27                             1B9E     1B9E       1A      828       0
                text26                             1C3A     1C3A        8      828       0
                text25                             1C30     1C30        A      828       0
                text23                             1C1A     1C1A        C      828       0
                text22                             1AB2     1AB2       3E      828       0
                text21                             1AF0     1AF0       34      828       0
                text20                             1BF8     1BF8       12      828       0
                text19                             1B84     1B84       1A      828       0
                text18                             16AC     16AC       CE      828       0
                text17                             15B6     15B6       F6      828       0
                text16                             1BB8     1BB8       18      828       0
                text15                             1B6A     1B6A       1A      828       0
                text14                             1C0A     1C0A       10      828       0
                text13                             1BE6     1BE6       12      828       0
                text12                             18D8     18D8       72      828       0
                text11                             1832     1832       A6      828       0
                text10                             194A     194A       54      828       0
                text9                              177A     177A       B8      828       0
                text8                              1BD0     1BD0       16      828       0
                text7                              1A32     1A32       42      828       0
                text6                              148A     148A      12C      828       0
                text5                              1A74     1A74       3E      828       0
                text4                              199E     199E       4C      828       0
                text3                              1C26     1C26        A      828       0
                text2                              1B24     1B24       2A      828       0
                text1                              1B4E     1B4E       1C      828       0
                text0                              1050     1050      43A      828       0
                cstackCOMRAM                         26       26       1F        1       1
                cstackBANK0                          96       96       18       60       1
                dataBANK0                            AE       AE        4       60       1
                bssBANK0                             60       60       36       60       1
                bssCOMRAM                             1        1       25        1       1
                bitbssCOMRAM                        228       45        1        1       1     8
                cinit                              19EA     19EA       48      828       0
                idataBANK0                         1C42     1C42        4      828       0

TOTAL           Name                               Link     Load   Length     Space
        CLASS   STACK          

        CLASS   CODE           
                intcode                               8        8      1BE         0
                init                                1C6      1C6        4         0
                reset_vec                             0        0        4         0
                text27                             1B9E     1B9E       1A         0
                text26                             1C3A     1C3A        8         0
                text25                             1C30     1C30        A         0
                text23                             1C1A     1C1A        C         0
                text22                             1AB2     1AB2       3E         0
                text21                             1AF0     1AF0       34         0
                text20                             1BF8     1BF8       12         0
                text19                             1B84     1B84       1A         0
                text18                             16AC     16AC       CE         0
                text17                             15B6     15B6       F6         0
                text16                             1BB8     1BB8       18         0
                text15                             1B6A     1B6A       1A         0
                text14                             1C0A     1C0A       10         0
                text13                             1BE6     1BE6       12         0
                text12                             18D8     18D8       72         0
                text11                             1832     1832       A6         0
                text10                             194A     194A       54         0
                text9                              177A     177A       B8         0
                text8                              1BD0     1BD0       16         0
                text7                              1A32     1A32       42         0
                text6                              148A     148A      12C         0
                text5                              1A74     1A74       3E         0
                text4                              199E     199E       4C         0
                text3                              1C26     1C26        A         0
                text2                              1B24     1B24       2A         0
                text1                              1B4E     1B4E       1C         0
                text0                              1050     1050      43A         0
                cinit                              19EA     19EA       48         0
                idataBANK0                         1C42     1C42        4         0

        CLASS   CONST          

        CLASS   SMALLCONST     
                smallconst                         1000     1000       50         0

        CLASS   MEDIUMCONST    

        CLASS   COMRAM         
                temp                                 46       46        1         1
                cstackCOMRAM                         26       26       1F         1
                bssCOMRAM                             1        1       25         1
                bitbssCOMRAM                        228       45        1         1

        CLASS   ABS1           

        CLASS   BIGRAM         

        CLASS   RAM            

        CLASS   BANK0          
                cstackBANK0                          96       96       18         1
                dataBANK0                            AE       AE        4         1
                bssBANK0                             60       60       36         1

        CLASS   BANK1          

        CLASS   BANK2          

        CLASS   BANK3          

        CLASS   BANK4          

        CLASS   BANK5          

        CLASS   BANK6          

        CLASS   BANK7          

        CLASS   BANK8          

        CLASS   BANK9          

        CLASS   BANK10         

        CLASS   BANK11         

        CLASS   BANK12         

        CLASS   BANK13         

        CLASS   BANK14         

        CLASS   BANK15         

        CLASS   SFR            

        CLASS   FARRAM         

        CLASS   CONFIG         
                config                           300000   300000        E         0

        CLASS   IDLOC          
                idloc                            200000   200000        8         0

        CLASS   EEDATA         



SEGMENTS        Name                           Load    Length   Top    Selector   Space  Class

                reset_vec                      000000  000004  000004         0       0  CODE    
                bssCOMRAM                      000001  000046  000047         1       1  COMRAM  
                intcode                        000008  0001C2  0001CA         4       0  CODE    
                bssBANK0                       000060  000052  0000B2        60       1  BANK0   
                smallconst                     001000  000050  001050       800       0  SMALLCON
                text0                          001050  000BF6  001C46       828       0  CODE    
                idloc                          200000  000008  200008    200000       0  IDLOC   
                config                         300000  00000E  30000E    300000       0  CONFIG  


UNUSED ADDRESS RANGES

        Name                Unused          Largest block    Delta
        BANK0            0000B2-0000FF               4E
        BANK1            000100-0001FF              100
        BANK10           000A00-000AFF              100
        BANK11           000B00-000BFF              100
        BANK12           000C00-000CFF              100
        BANK13           000D00-000DFF              100
        BANK14           000E00-000EFF              100
        BANK15           000F00-000F37               38
        BANK2            000200-0002FF              100
        BANK3            000300-0003FF              100
        BANK4            000400-0004FF              100
        BANK5            000500-0005FF              100
        BANK6            000600-0006FF              100
        BANK7            000700-0007FF              100
        BANK8            000800-0008FF              100
        BANK9            000900-0009FF              100
        BIGRAM           000047-00005F               19
                         0000B2-000F37              E86
        CODE             000004-000007                4
                         0001CA-000FFF              E36
                         001C46-00FFFF             E3BA
        COMRAM           000047-00005F               19
        CONST            000004-000007                4
                         0001CA-000FFF              E36
                         001C46-00FFFF             E3BA
        EEDATA           F00000-F003FF              400
        MEDIUMCONST      001C46-00FFFF             E3BA
        RAM              0000B2-000F37              100
        SFR              000F38-000FFF               28
        SMALLCONST       001C46-00FFFF              100
        STACK            0000B2-000F37              E86

                                  Symbol Table

?_Make16                      cstackCOMRAM 000026
?_Update_CurrentValue         cstackCOMRAM 00003F
?___aldiv                     cstackBANK0  000096
?___lwdiv                     cstackCOMRAM 00003F
?___lwmod                     cstackCOMRAM 00003F
?_strlen                      cstackCOMRAM 00003F
CAN_SPI2_WRITE@addr           cstackCOMRAM 000041
CAN_SPI2_WRITE@data           cstackCOMRAM 000040
Init1_RS232@mode              cstackBANK0  0000A2
Init1_RS232@value             cstackBANK0  0000A4
Init1_RS232@velocity          cstackBANK0  00009E
MASTER_SPI_WRITE2@dados       cstackCOMRAM 00003F
Make16@data1                  cstackCOMRAM 00002A
Make16@data2                  cstackCOMRAM 000026
PutRXRotation@Rot             cstackCOMRAM 000042
PutRXTempMotor@Temp           cstackCOMRAM 000043
Putc_TX1@valor                cstackCOMRAM 00003F
Putc_TX1_Data@data            cstackBANK0  000099
Putc_TX1_Data@vet             cstackBANK0  00009B
Putc_Text_TX1@frase           cstackBANK0  000096
Putc_Text_TX1@indice          cstackBANK0  00009B
Putc_Text_TX1@tamanho         cstackBANK0  00009A
SLAVE_SPI_READ1@data          cstackCOMRAM 000026
Set_Timer3@data_timer         cstackCOMRAM 00003F
Update_CurrentValue@Current   cstackCOMRAM 000041
Update_CurrentValue@Old       cstackCOMRAM 00003F
Update_CurrentValue@boReturn  cstackCOMRAM 000043
Update_OldValue@NewValue      cstackCOMRAM 000041
Update_OldValue@index         cstackCOMRAM 00003F
_ADCON0bits                   (abs)        000FC2
_ADCON1bits                   (abs)        000FC1
_ADCON2bits                   (abs)        000FC0
_ADRESH                       (abs)        000FC4
_ANSELA                       (abs)        000F38
_ANSELB                       (abs)        000F39
_ANSELC                       (abs)        000F3A
_ANSELD                       (abs)        000F3B
_ANSELE                       (abs)        000F3C
_BAT                          dataBANK0    0000AE
_BAUDCON1bits                 (abs)        000FB8
_BAUDCON2bits                 (abs)        000F70
_CAN_SPI2_WRITE               text22       001AB2
_CONFIG_MCP2515               text21       001AF0
_Config_Timer1                text20       001BF8
_Config_Timer3                text19       001B84
_ConfigureHW                  text12       0018D8
_CountCANRot                  bssCOMRAM    000007
_CountCANTemp                 bssCOMRAM    000005
_CountSerial                  bssCOMRAM    000003
_Estequiometria               bssCOMRAM    00000F
_INTCON2bits                  (abs)        000FF1
_INTCONbits                   (abs)        000FF2
_Init1_RS232                  text17       0015B6
_Init1_RS232$2651             cstackBANK0  0000A6
_LATAbits                     (abs)        000F89
_LATCbits                     (abs)        000F8B
_Lambda                       dataBANK0    0000B0
_Linha_15                     bitbssCOMRAM 000228
_MASTER_SPI_WRITE2            text23       001C1A
_Make16                       text27       001B9E
_No_Analogs                   text16       001BB8
_Old_Value                    bssBANK0     000060
_PIE1bits                     (abs)        000F9D
_PIE2bits                     (abs)        000FA0
_PIR1bits                     (abs)        000F9E
_PIR2bits                     (abs)        000FA1
_PORTB                        (abs)        000F81
_PORTBbits                    (abs)        000F81
_PutRXRotation                text11       001832
_PutRXTempMotor               text9        00177A
_Putc_TX1                     text8        001BD0
_Putc_TX1_Data                text6        00148A
_Putc_Text_TX1                text4        00199E
_RC1IE                        (abs)        007CED
_RC1IF                        (abs)        007CF5
_RC2IE                        (abs)        007D1D
_RC2IF                        (abs)        007D25
_RCREG1                       (abs)        000FAE
_RCREG2                       (abs)        000F74
_RCSTA1                       (abs)        000FAB
_RCSTA2                       (abs)        000F71
_RESET_CAN                    text15       001B6A
_Rot2                         bssCOMRAM    00000B
_SLAVE_SPI_READ1              text26       001C3A
_SPBRG1                       (abs)        000FAF
_SPI_MASTER2                  text14       001C0A
_SPI_SLAVE1                   text13       001BE6
_SSP1BUF                      (abs)        000FC9
_SSP1CON1                     (abs)        000FC6
_SSP1IP                       (abs)        007CFB
_SSP1STAT                     (abs)        000FC7
_SSP1STATbits                 (abs)        000FC7
_SSP2BUF                      (abs)        000F6F
_SSP2CON1                     (abs)        000F6C
_SSP2STAT                     (abs)        000F6D
_SSP2STATbits                 (abs)        000F6D
_Select_Data                  bssCOMRAM    000025
_Sensor_comb                  bssCOMRAM    000011
_Set_Timer3                   text3        001C26
_T0CONbits                    (abs)        000FD5
_T1CONbits                    (abs)        000FCD
_T2CONbits                    (abs)        000FBA
_T3CONbits                    (abs)        000FB1
_T4CONbits                    (abs)        000F51
_T5CONbits                    (abs)        000F4E
_T6CONbits                    (abs)        000F4A
_TMR0H                        (abs)        000FD7
_TMR0L                        (abs)        000FD6
_TMR1H                        (abs)        000FCF
_TMR1IE                       (abs)        007CE8
_TMR1L                        (abs)        000FCE
_TMR2                         (abs)        000FBC
_TMR3H                        (abs)        000FB3
_TMR3IE                       (abs)        007D01
_TMR3L                        (abs)        000FB2
_TMR4                         (abs)        000F53
_TMR5H                        (abs)        000F50
_TMR5IE                       (abs)        007BE9
_TMR5L                        (abs)        000F4F
_TMR6                         (abs)        000F4C
_TRISA0                       (abs)        007C90
_TRISA5                       (abs)        007C95
_TRISB0                       (abs)        007C98
_TRISB1                       (abs)        007C99
_TRISB2                       (abs)        007C9A
_TRISB7                       (abs)        007C9F
_TRISC0                       (abs)        007CA0
_TRISC1                       (abs)        007CA1
_TRISC2                       (abs)        007CA2
_TRISC3                       (abs)        007CA3
_TRISC4                       (abs)        007CA4
_TRISC5                       (abs)        007CA5
_TRISC6                       (abs)        007CA6
_TRISC7                       (abs)        007CA7
_TRISD0                       (abs)        007CA8
_TRISD1                       (abs)        007CA9
_TRISD3                       (abs)        007CAB
_TRISD4                       (abs)        007CAC
_TRISD6                       (abs)        007CAE
_TRISD7                       (abs)        007CAF
_TX1IE                        (abs)        007CEC
_TX1IF                        (abs)        007CF4
_TX2IE                        (abs)        007D1C
_TX2IF                        (abs)        007D24
_TXREG1                       (abs)        000FAD
_TXREG2                       (abs)        000F73
_TXSTA1                       (abs)        000FAC
_TXSTA2                       (abs)        000F72
_TempMotor                    bssCOMRAM    000009
_TimeUpdate                   bssCOMRAM    000001
_Update_CurrentValue          text2        001B24
_Update_OldValue              text1        001B4E
__CFG_CP0$OFF                 (abs)        000000
__CFG_CP1$OFF                 (abs)        000000
__CFG_CPB$OFF                 (abs)        000000
__CFG_CPD$OFF                 (abs)        000000
__CFG_EBTR0$OFF               (abs)        000000
__CFG_EBTR1$OFF               (abs)        000000
__CFG_EBTRB$OFF               (abs)        000000
__CFG_FCMEN$OFF               (abs)        000000
__CFG_FOSC$HSHP               (abs)        000000
__CFG_IESO$OFF                (abs)        000000
__CFG_LVP$OFF                 (abs)        000000
__CFG_PLLCFG$ON               (abs)        000000
__CFG_STVREN$ON               (abs)        000000
__CFG_WDTPS$32768             (abs)        000000
__CFG_WRT0$OFF                (abs)        000000
__CFG_WRT1$OFF                (abs)        000000
__CFG_WRTB$OFF                (abs)        000000
__CFG_WRTC$OFF                (abs)        000000
__CFG_WRTD$OFF                (abs)        000000
__CFG_XINST$OFF               (abs)        000000
__HRAM                        (abs)        000000
__Habs1                       abs1         000000
__Hbank0                      bank0        000000
__Hbank1                      bank1        000000
__Hbank10                     bank10       000000
__Hbank11                     bank11       000000
__Hbank12                     bank12       000000
__Hbank13                     bank13       000000
__Hbank14                     bank14       000000
__Hbank15                     bank15       000000
__Hbank2                      bank2        000000
__Hbank3                      bank3        000000
__Hbank4                      bank4        000000
__Hbank5                      bank5        000000
__Hbank6                      bank6        000000
__Hbank7                      bank7        000000
__Hbank8                      bank8        000000
__Hbank9                      bank9        000000
__Hbigbss                     bigbss       000000
__Hbigdata                    bigdata      000000
__Hbigram                     bigram       000000
__HbitbssCOMRAM               bitbssCOMRAM 000000
__Hbss                        bss          000000
__HbssBANK0                   bssBANK0     000000
__HbssCOMRAM                  bssCOMRAM    000000
__Hcinit                      cinit        000000
__Hclrtext                    clrtext      000000
__Hcomram                     comram       000000
__Hconfig                     config       30000E
__Hconst                      const        000000
__HcstackBANK0                cstackBANK0  000000
__HcstackCOMRAM               cstackCOMRAM 000000
__Hdata                       data         000000
__HdataBANK0                  dataBANK0    000000
__Heeprom_data                eeprom_data  000000
__Hfarbss                     farbss       000000
__Hfardata                    fardata      000000
__Hibigdata                   ibigdata     000000
__Hidata                      idata        000000
__HidataBANK0                 idataBANK0   000000
__Hidloc                      idloc        200008
__Hifardata                   ifardata     000000
__Hinit                       init         0001CA
__Hintcode                    intcode      0001C6
__Hintcode_body               intcode_body 000000
__Hintcodelo                  intcodelo    0001C6
__Hintentry                   intentry     000000
__Hintret                     intret       000000
__Hintsave_regs               intsave_regs 000000
__Hirdata                     irdata       000000
__Hmediumconst                mediumconst  000000
__HnvFARRAM                   nvFARRAM     000000
__Hnvbit                      nvbit        000000
__Hnvrram                     nvrram       000000
__Hparam                      rparam       000000
__Hpowerup                    powerup      0001C6
__Hram                        ram          000000
__Hramtop                     ramtop       001000
__Hrbit                       rbit         000000
__Hrbss                       rbss         000000
__Hrdata                      rdata        000000
__Hreset_vec                  reset_vec    000004
__Hrparam                     rparam       000000
__Hsfr                        sfr          000000
__Hsmallconst                 smallconst   001050
__Hspace_0                    (abs)        30000E
__Hspace_1                    (abs)        000229
__Hspace_2                    (abs)        000000
__Hstack                      stack        000000
__Hstruct                     struct       000000
__Htemp                       temp         000047
__Htext                       text         000000
__Htext0                      text0        000000
__Htext1                      text1        000000
__Htext10                     text10       000000
__Htext11                     text11       000000
__Htext12                     text12       000000
__Htext13                     text13       000000
__Htext14                     text14       000000
__Htext15                     text15       000000
__Htext16                     text16       000000
__Htext17                     text17       000000
__Htext18                     text18       000000
__Htext19                     text19       000000
__Htext2                      text2        000000
__Htext20                     text20       000000
__Htext21                     text21       000000
__Htext22                     text22       000000
__Htext23                     text23       000000
__Htext25                     text25       000000
__Htext26                     text26       000000
__Htext27                     text27       000000
__Htext3                      text3        000000
__Htext4                      text4        000000
__Htext5                      text5        000000
__Htext6                      text6        000000
__Htext7                      text7        000000
__Htext8                      text8        000000
__Htext9                      text9        000000
__LRAM                        (abs)        000001
__Labs1                       abs1         000000
__Lbank0                      bank0        000000
__Lbank1                      bank1        000000
__Lbank10                     bank10       000000
__Lbank11                     bank11       000000
__Lbank12                     bank12       000000
__Lbank13                     bank13       000000
__Lbank14                     bank14       000000
__Lbank15                     bank15       000000
__Lbank2                      bank2        000000
__Lbank3                      bank3        000000
__Lbank4                      bank4        000000
__Lbank5                      bank5        000000
__Lbank6                      bank6        000000
__Lbank7                      bank7        000000
__Lbank8                      bank8        000000
__Lbank9                      bank9        000000
__Lbigbss                     bigbss       000000
__Lbigdata                    bigdata      000000
__Lbigram                     bigram       000000
__LbitbssCOMRAM               bitbssCOMRAM 000000
__Lbss                        bss          000000
__LbssBANK0                   bssBANK0     000000
__LbssCOMRAM                  bssCOMRAM    000000
__Lcinit                      cinit        000000
__Lclrtext                    clrtext      000000
__Lcomram                     comram       000000
__Lconfig                     config       300000
__Lconst                      const        000000
__LcstackBANK0                cstackBANK0  000000
__LcstackCOMRAM               cstackCOMRAM 000000
__Ldata                       data         000000
__LdataBANK0                  dataBANK0    000000
__Leeprom_data                eeprom_data  000000
__Lfarbss                     farbss       000000
__Lfardata                    fardata      000000
__Libigdata                   ibigdata     000000
__Lidata                      idata        000000
__LidataBANK0                 idataBANK0   000000
__Lidloc                      idloc        200000
__Lifardata                   ifardata     000000
__Linit                       init         0001C6
__Lintcode                    intcode      000008
__Lintcode_body               intcode_body 000000
__Lintcodelo                  intcodelo    0001C6
__Lintentry                   intentry     000000
__Lintret                     intret       000000
__Lintsave_regs               intsave_regs 000000
__Lirdata                     irdata       000000
__Lmediumconst                mediumconst  000000
__LnvFARRAM                   nvFARRAM     000000
__Lnvbit                      nvbit        000000
__Lnvrram                     nvrram       000000
__Lparam                      rparam       000000
__Lpowerup                    powerup      0001C6
__Lram                        ram          000000
__Lramtop                     ramtop       001000
__Lrbit                       rbit         000000
__Lrbss                       rbss         000000
__Lrdata                      rdata        000000
__Lreset_vec                  reset_vec    000000
__Lrparam                     rparam       000000
__Lsfr                        sfr          000000
__Lsmallconst                 smallconst   001000
__Lspace_0                    (abs)        000000
__Lspace_1                    (abs)        000000
__Lspace_2                    (abs)        000000
__Lstack                      stack        000000
__Lstruct                     struct       000000
__Ltemp                       temp         000046
__Ltext                       text         000000
__Ltext0                      text0        000000
__Ltext1                      text1        000000
__Ltext10                     text10       000000
__Ltext11                     text11       000000
__Ltext12                     text12       000000
__Ltext13                     text13       000000
__Ltext14                     text14       000000
__Ltext15                     text15       000000
__Ltext16                     text16       000000
__Ltext17                     text17       000000
__Ltext18                     text18       000000
__Ltext19                     text19       000000
__Ltext2                      text2        000000
__Ltext20                     text20       000000
__Ltext21                     text21       000000
__Ltext22                     text22       000000
__Ltext23                     text23       000000
__Ltext25                     text25       000000
__Ltext26                     text26       000000
__Ltext27                     text27       000000
__Ltext3                      text3        000000
__Ltext4                      text4        000000
__Ltext5                      text5        000000
__Ltext6                      text6        000000
__Ltext7                      text7        000000
__Ltext8                      text8        000000
__Ltext9                      text9        000000
__S0                          (abs)        30000E
__S1                          (abs)        0000B2
__S2                          (abs)        000000
___aldiv                      text18       0016AC
___aldiv@counter              cstackCOMRAM 00003F
___aldiv@dividend             cstackBANK0  000096
___aldiv@divisor              cstackBANK0  00009A
___aldiv@quotient             cstackCOMRAM 000041
___aldiv@sign                 cstackCOMRAM 000040
___inthi_sp                   stack        000000
___intlo_sp                   stack        000000
___lwdiv                      text10       00194A
___lwdiv@counter              cstackBANK0  000096
___lwdiv@dividend             cstackCOMRAM 00003F
___lwdiv@divisor              cstackCOMRAM 000041
___lwdiv@quotient             cstackBANK0  000097
___lwmod                      text7        001A32
___lwmod@counter              cstackCOMRAM 000043
___lwmod@dividend             cstackCOMRAM 00003F
___lwmod@divisor              cstackCOMRAM 000041
___param_bank                 (abs)        000000
___rparam_used                (abs)        000001
___sp                         stack        000000
__accesstop                   (abs)        000060
__activetblptr                (abs)        000002
__end_of_CAN_SPI2_WRITE       text22       001AF0
__end_of_CONFIG_MCP2515       text21       001B24
__end_of_Config_Timer1        text20       001C0A
__end_of_Config_Timer3        text19       001B9E
__end_of_ConfigureHW          text12       00194A
__end_of_Init1_RS232          text17       0016AC
__end_of_MASTER_SPI_WRITE2    text23       001C26
__end_of_Make16               text27       001BB8
__end_of_No_Analogs           text16       001BD0
__end_of_PutRXRotation        text11       0018D8
__end_of_PutRXTempMotor       text9        001832
__end_of_Putc_TX1             text8        001BE6
__end_of_Putc_TX1_Data        text6        0015B6
__end_of_Putc_Text_TX1        text4        0019EA
__end_of_RESET_CAN            text15       001B84
__end_of_SLAVE_SPI_READ1      text26       001C42
__end_of_SPI_MASTER2          text14       001C1A
__end_of_SPI_SLAVE1           text13       001BF8
__end_of_Set_Timer3           text3        001C30
__end_of_Update_CurrentValue  text2        001B4E
__end_of_Update_OldValue      text1        001B6A
__end_of___aldiv              text18       00177A
__end_of___lwdiv              text10       00199E
__end_of___lwmod              text7        001A74
__end_of__initialization      cinit        001A24
__end_of_isr                  intcode      0001C6
__end_of_main                 text0        00148A
__end_of_strlen               text5        001AB2
__end_ofi2_Set_Timer3         text25       001C3A
__initialization              cinit        0019EA
__mediumconst                 mediumconst  000000
__pbitbssCOMRAM               bitbssCOMRAM 000228
__pbssBANK0                   bssBANK0     000060
__pbssCOMRAM                  bssCOMRAM    000001
__pcinit                      cinit        0019EA
__pcstackBANK0                cstackBANK0  000096
__pcstackCOMRAM               cstackCOMRAM 000026
__pdataBANK0                  dataBANK0    0000AE
__pidataBANK0                 idataBANK0   001C42
__pintcode                    intcode      000008
__psmallconst                 smallconst   001000
__ptext0                      text0        001050
__ptext1                      text1        001B4E
__ptext10                     text10       00194A
__ptext11                     text11       001832
__ptext12                     text12       0018D8
__ptext13                     text13       001BE6
__ptext14                     text14       001C0A
__ptext15                     text15       001B6A
__ptext16                     text16       001BB8
__ptext17                     text17       0015B6
__ptext18                     text18       0016AC
__ptext19                     text19       001B84
__ptext2                      text2        001B24
__ptext20                     text20       001BF8
__ptext21                     text21       001AF0
__ptext22                     text22       001AB2
__ptext23                     text23       001C1A
__ptext25                     text25       001C30
__ptext26                     text26       001C3A
__ptext27                     text27       001B9E
__ptext3                      text3        001C26
__ptext4                      text4        00199E
__ptext5                      text5        001A74
__ptext6                      text6        00148A
__ptext7                      text7        001A32
__ptext8                      text8        001BD0
__ptext9                      text9        00177A
__ramtop                      ramtop       001000
__size_of_CAN_SPI2_WRITE      (abs)        000000
__size_of_CONFIG_MCP2515      (abs)        000000
__size_of_Config_Timer1       (abs)        000000
__size_of_Config_Timer3       (abs)        000000
__size_of_ConfigureHW         (abs)        000000
__size_of_Init1_RS232         (abs)        000000
__size_of_MASTER_SPI_WRITE2   (abs)        000000
__size_of_Make16              (abs)        000000
__size_of_No_Analogs          (abs)        000000
__size_of_PutRXRotation       (abs)        000000
__size_of_PutRXTempMotor      (abs)        000000
__size_of_Putc_TX1            (abs)        000000
__size_of_Putc_TX1_Data       (abs)        000000
__size_of_Putc_Text_TX1       (abs)        000000
__size_of_RESET_CAN           (abs)        000000
__size_of_SLAVE_SPI_READ1     (abs)        000000
__size_of_SPI_MASTER2         (abs)        000000
__size_of_SPI_SLAVE1          (abs)        000000
__size_of_Set_Timer3          (abs)        000000
__size_of_Update_CurrentValue (abs)        000000
__size_of_Update_OldValue     (abs)        000000
__size_of___aldiv             (abs)        000000
__size_of___lwdiv             (abs)        000000
__size_of___lwmod             (abs)        000000
__size_of_isr                 (abs)        000000
__size_of_main                (abs)        000000
__size_of_strlen              (abs)        000000
__size_ofi2_Set_Timer3        (abs)        000000
__smallconst                  smallconst   001000
_ig_dente_14                  bssCOMRAM    00001D
_isr                          intcode      000008
_main                         text0        001050
_map                          bssCOMRAM    00001F
_pedal_ad                     bssCOMRAM    000021
_ref_vb                       bssCOMRAM    000017
_rotacao                      bssCOMRAM    00000D
_rotacao_4                    bssBANK0     000092
_spi_ctr                      bssCOMRAM    000023
_strlen                       text5        001A74
_t_agua                       bssCOMRAM    000013
_t_ar_com                     bssCOMRAM    000015
_tempo_bob                    bssCOMRAM    00001B
_tempo_inj                    bssCOMRAM    000019
_valor                        bssBANK0     00007A
btemp                         temp         000046
end_of_initialization         cinit        001A24
i2Set_Timer3@data_timer       cstackCOMRAM 000026
i2_Set_Timer3                 text25       001C30
int$flags                     temp         000046
intlevel0                     text         000000
intlevel1                     text         000000
intlevel2                     text         000000
intlevel3                     text         000000
main@i                        cstackBANK0  0000AD
stackhi                       (abs)        000F37
stacklo                       (abs)        0000B2
start                         init         0001C6
start_initialization          cinit        0019EA
strlen@cp                     cstackCOMRAM 000043
strlen@s                      cstackCOMRAM 00003F
wtemp6                        temp         000047


FUNCTION INFORMATION:

 *************** function _main *****************
 Defined at:
		line 310 in file "main.c"
 Parameters:    Size  Location     Type
		None
 Auto vars:     Size  Location     Type
  i               1   23[BANK0 ] unsigned char 
 Return value:  Size  Location     Type
                  1    wreg      void 
 Registers used:
		wreg, fsr2l, fsr2h, status,2, status,0, tblptrl, tblptrh, tblptru, prodl, prodh, cstack
 Tracked objects:
		On entry : 
		On exit  : 
		Unchanged: 
 Data sizes:     COMRAM   BANK0   BANK1   BANK2   BANK3   BANK4   BANK5   BANK6   BANK7   BANK8   BANK9  BANK10  BANK11  BANK12  BANK13  BANK14  BANK15
      Params:         0       0       0       0       0       0       0       0       0       0       0       0       0       0       0       0       0
      Locals:         0       1       0       0       0       0       0       0       0       0       0       0       0       0       0       0       0
      Temps:          0       2       0       0       0       0       0       0       0       0       0       0       0       0       0       0       0
      Totals:         0       3       0       0       0       0       0       0       0       0       0       0       0       0       0       0       0
Total ram usage:        3 bytes
 Hardware stack levels required when called:    6
 This function calls:
		_ConfigureHW
		_PutRXRotation
		_PutRXTempMotor
		_Putc_TX1_Data
		_Putc_Text_TX1
		_Set_Timer3
		_Update_CurrentValue
		_Update_OldValue
 This function is called by:
		Startup code after reset
 This function uses a non-reentrant model


 *************** function _Update_OldValue *****************
 Defined at:
		line 265 in file "main.c"
 Parameters:    Size  Location     Type
  index           2   25[COMRAM] unsigned int 
  NewValue        2   27[COMRAM] unsigned int 
 Auto vars:     Size  Location     Type
		None
 Return value:  Size  Location     Type
                  1    wreg      void 
 Registers used:
		wreg, fsr2l, fsr2h, status,2, status,0
 Tracked objects:
		On entry : 
		On exit  : 
		Unchanged: 
 Data sizes:     COMRAM   BANK0   BANK1   BANK2   BANK3   BANK4   BANK5   BANK6   BANK7   BANK8   BANK9  BANK10  BANK11  BANK12  BANK13  BANK14  BANK15
      Params:         4       0       0       0       0       0       0       0       0       0       0       0       0       0       0       0       0
      Locals:         0       0       0       0       0       0       0       0       0       0       0       0       0       0       0       0       0
      Temps:          0       0       0       0       0       0       0       0       0       0       0       0       0       0       0       0       0
      Totals:         4       0       0       0       0       0       0       0       0       0       0       0       0       0       0       0       0
Total ram usage:        4 bytes
 Hardware stack levels used:    1
 Hardware stack levels required when called:    2
 This function calls:
		Nothing
 This function is called by:
		_main
 This function uses a non-reentrant model


 *************** function _Update_CurrentValue *****************
 Defined at:
		line 258 in file "main.c"
 Parameters:    Size  Location     Type
  Old             2   25[COMRAM] unsigned int 
  Current         2   27[COMRAM] unsigned int 
 Auto vars:     Size  Location     Type
  boReturn        2   29[COMRAM] short 
 Return value:  Size  Location     Type
                  2   25[COMRAM] short 
 Registers used:
		wreg, status,2, status,0
 Tracked objects:
		On entry : 
		On exit  : 
		Unchanged: 
 Data sizes:     COMRAM   BANK0   BANK1   BANK2   BANK3   BANK4   BANK5   BANK6   BANK7   BANK8   BANK9  BANK10  BANK11  BANK12  BANK13  BANK14  BANK15
      Params:         4       0       0       0       0       0       0       0       0       0       0       0       0       0       0       0       0
      Locals:         2       0       0       0       0       0       0       0       0       0       0       0       0       0       0       0       0
      Temps:          0       0       0       0       0       0       0       0       0       0       0       0       0       0       0       0       0
      Totals:         6       0       0       0       0       0       0       0       0       0       0       0       0       0       0       0       0
Total ram usage:        6 bytes
 Hardware stack levels used:    1
 Hardware stack levels required when called:    2
 This function calls:
		Nothing
 This function is called by:
		_main
 This function uses a non-reentrant model


 *************** function _Set_Timer3 *****************
 Defined at:
		line 71 in file "TIMERS_XC8.c"
 Parameters:    Size  Location     Type
  data_timer      2   25[COMRAM] unsigned int 
 Auto vars:     Size  Location     Type
		None
 Return value:  Size  Location     Type
                  1    wreg      void 
 Registers used:
		wreg, status,2
 Tracked objects:
		On entry : 
		On exit  : 
		Unchanged: 
 Data sizes:     COMRAM   BANK0   BANK1   BANK2   BANK3   BANK4   BANK5   BANK6   BANK7   BANK8   BANK9  BANK10  BANK11  BANK12  BANK13  BANK14  BANK15
      Params:         2       0       0       0       0       0       0       0       0       0       0       0       0       0       0       0       0
      Locals:         0       0       0       0       0       0       0       0       0       0       0       0       0       0       0       0       0
      Temps:          0       0       0       0       0       0       0       0       0       0       0       0       0       0       0       0       0
      Totals:         2       0       0       0       0       0       0       0       0       0       0       0       0       0       0       0       0
Total ram usage:        2 bytes
 Hardware stack levels used:    1
 Hardware stack levels required when called:    2
 This function calls:
		Nothing
 This function is called by:
		_main
 This function uses a non-reentrant model


 *************** function _Putc_Text_TX1 *****************
 Defined at:
		line 75 in file "RS232_K22.c"
 Parameters:    Size  Location     Type
  frase           2    0[BANK0 ] PTR const unsigned char 
		 -> STR_12(7), STR_11(7), STR_10(7), STR_9(7), 
		 -> STR_8(7), STR_7(7), STR_6(7), STR_5(7), 
		 -> STR_4(7), STR_3(7), STR_2(7), STR_1(7), 
 Auto vars:     Size  Location     Type
  indice          1    5[BANK0 ] unsigned char 
  tamanho         1    4[BANK0 ] unsigned char 
 Return value:  Size  Location     Type
                  1    wreg      void 
 Registers used:
		wreg, status,2, status,0, tblptrl, tblptrh, tblptru, prodl, prodh, cstack
 Tracked objects:
		On entry : 
		On exit  : 
		Unchanged: 
 Data sizes:     COMRAM   BANK0   BANK1   BANK2   BANK3   BANK4   BANK5   BANK6   BANK7   BANK8   BANK9  BANK10  BANK11  BANK12  BANK13  BANK14  BANK15
      Params:         0       2       0       0       0       0       0       0       0       0       0       0       0       0       0       0       0
      Locals:         0       2       0       0       0       0       0       0       0       0       0       0       0       0       0       0       0
      Temps:          0       2       0       0       0       0       0       0       0       0       0       0       0       0       0       0       0
      Totals:         0       6       0       0       0       0       0       0       0       0       0       0       0       0       0       0       0
Total ram usage:        6 bytes
 Hardware stack levels used:    1
 Hardware stack levels required when called:    3
 This function calls:
		_Putc_TX1
		_strlen
 This function is called by:
		_main
 This function uses a non-reentrant model


 *************** function _strlen *****************
 Defined at:
		line 4 in file "C:\Program Files (x86)\Microchip\xc8\v1.45\sources\common\strlen.c"
 Parameters:    Size  Location     Type
  s               2   25[COMRAM] PTR const unsigned char 
		 -> STR_12(7), STR_11(7), STR_10(7), STR_9(7), 
		 -> STR_8(7), STR_7(7), STR_6(7), STR_5(7), 
		 -> STR_4(7), STR_3(7), STR_2(7), STR_1(7), 
 Auto vars:     Size  Location     Type
  cp              2   29[COMRAM] PTR const unsigned char 
		 -> STR_12(7), STR_11(7), STR_10(7), STR_9(7), 
		 -> STR_8(7), STR_7(7), STR_6(7), STR_5(7), 
		 -> STR_4(7), STR_3(7), STR_2(7), STR_1(7), 
 Return value:  Size  Location     Type
                  2   25[COMRAM] unsigned int 
 Registers used:
		wreg, status,2, status,0, tblptrl, tblptrh, tblptru
 Tracked objects:
		On entry : 
		On exit  : 
		Unchanged: 
 Data sizes:     COMRAM   BANK0   BANK1   BANK2   BANK3   BANK4   BANK5   BANK6   BANK7   BANK8   BANK9  BANK10  BANK11  BANK12  BANK13  BANK14  BANK15
      Params:         2       0       0       0       0       0       0       0       0       0       0       0       0       0       0       0       0
      Locals:         2       0       0       0       0       0       0       0       0       0       0       0       0       0       0       0       0
      Temps:          2       0       0       0       0       0       0       0       0       0       0       0       0       0       0       0       0
      Totals:         6       0       0       0       0       0       0       0       0       0       0       0       0       0       0       0       0
Total ram usage:        6 bytes
 Hardware stack levels used:    1
 Hardware stack levels required when called:    2
 This function calls:
		Nothing
 This function is called by:
		_Putc_Text_TX1
		_Putc_Text_TX2
 This function uses a non-reentrant model


 *************** function _Putc_TX1_Data *****************
 Defined at:
		line 200 in file "main.c"
 Parameters:    Size  Location     Type
  data            2    3[BANK0 ] unsigned int 
 Auto vars:     Size  Location     Type
  vet             5    5[BANK0 ] unsigned char [5]
 Return value:  Size  Location     Type
                  2    3[BANK0 ] unsigned int 
 Registers used:
		wreg, status,2, status,0, cstack
 Tracked objects:
		On entry : 
		On exit  : 
		Unchanged: 
 Data sizes:     COMRAM   BANK0   BANK1   BANK2   BANK3   BANK4   BANK5   BANK6   BANK7   BANK8   BANK9  BANK10  BANK11  BANK12  BANK13  BANK14  BANK15
      Params:         0       2       0       0       0       0       0       0       0       0       0       0       0       0       0       0       0
      Locals:         0       5       0       0       0       0       0       0       0       0       0       0       0       0       0       0       0
      Temps:          0       0       0       0       0       0       0       0       0       0       0       0       0       0       0       0       0
      Totals:         0       7       0       0       0       0       0       0       0       0       0       0       0       0       0       0       0
Total ram usage:        7 bytes
 Hardware stack levels used:    1
 Hardware stack levels required when called:    3
 This function calls:
		_Putc_TX1
		___lwdiv
		___lwmod
 This function is called by:
		_main
 This function uses a non-reentrant model


 *************** function ___lwmod *****************
 Defined at:
		line 8 in file "C:\Program Files (x86)\Microchip\xc8\v1.45\sources\common\lwmod.c"
 Parameters:    Size  Location     Type
  dividend        2   25[COMRAM] unsigned int 
  divisor         2   27[COMRAM] unsigned int 
 Auto vars:     Size  Location     Type
  counter         1   29[COMRAM] unsigned char 
 Return value:  Size  Location     Type
                  2   25[COMRAM] unsigned int 
 Registers used:
		wreg, status,2, status,0
 Tracked objects:
		On entry : 
		On exit  : 
		Unchanged: 
 Data sizes:     COMRAM   BANK0   BANK1   BANK2   BANK3   BANK4   BANK5   BANK6   BANK7   BANK8   BANK9  BANK10  BANK11  BANK12  BANK13  BANK14  BANK15
      Params:         4       0       0       0       0       0       0       0       0       0       0       0       0       0       0       0       0
      Locals:         1       0       0       0       0       0       0       0       0       0       0       0       0       0       0       0       0
      Temps:          0       0       0       0       0       0       0       0       0       0       0       0       0       0       0       0       0
      Totals:         5       0       0       0       0       0       0       0       0       0       0       0       0       0       0       0       0
Total ram usage:        5 bytes
 Hardware stack levels used:    1
 Hardware stack levels required when called:    2
 This function calls:
		Nothing
 This function is called by:
		_Putc_TX1_Data
 This function uses a non-reentrant model


 *************** function _Putc_TX1 *****************
 Defined at:
		line 60 in file "RS232_K22.c"
 Parameters:    Size  Location     Type
  valor           1    wreg     unsigned char 
 Auto vars:     Size  Location     Type
  valor           1   25[COMRAM] unsigned char 
 Return value:  Size  Location     Type
                  1    wreg      void 
 Registers used:
		wreg, status,2, cstack
 Tracked objects:
		On entry : 
		On exit  : 
		Unchanged: 
 Data sizes:     COMRAM   BANK0   BANK1   BANK2   BANK3   BANK4   BANK5   BANK6   BANK7   BANK8   BANK9  BANK10  BANK11  BANK12  BANK13  BANK14  BANK15
      Params:         0       0       0       0       0       0       0       0       0       0       0       0       0       0       0       0       0
      Locals:         1       0       0       0       0       0       0       0       0       0       0       0       0       0       0       0       0
      Temps:          0       0       0       0       0       0       0       0       0       0       0       0       0       0       0       0       0
      Totals:         1       0       0       0       0       0       0       0       0       0       0       0       0       0       0       0       0
Total ram usage:        1 bytes
 Hardware stack levels used:    1
 Hardware stack levels required when called:    2
 This function calls:
		Nothing
 This function is called by:
		_Putc_TX1_Data
		_Putc_Text_TX1
 This function uses a non-reentrant model


 *************** function _PutRXTempMotor *****************
 Defined at:
		line 290 in file "main.c"
 Parameters:    Size  Location     Type
  Temp            2   29[COMRAM] unsigned int 
 Auto vars:     Size  Location     Type
		None
 Return value:  Size  Location     Type
                  1    wreg      void 
 Registers used:
		wreg, status,2, status,0, cstack
 Tracked objects:
		On entry : 
		On exit  : 
		Unchanged: 
 Data sizes:     COMRAM   BANK0   BANK1   BANK2   BANK3   BANK4   BANK5   BANK6   BANK7   BANK8   BANK9  BANK10  BANK11  BANK12  BANK13  BANK14  BANK15
      Params:         2       0       0       0       0       0       0       0       0       0       0       0       0       0       0       0       0
      Locals:         0       0       0       0       0       0       0       0       0       0       0       0       0       0       0       0       0
      Temps:          0       2       0       0       0       0       0       0       0       0       0       0       0       0       0       0       0
      Totals:         2       2       0       0       0       0       0       0       0       0       0       0       0       0       0       0       0
Total ram usage:        4 bytes
 Hardware stack levels used:    1
 Hardware stack levels required when called:    4
 This function calls:
		_CAN_SPI2_WRITE
		___lwdiv
 This function is called by:
		_main
 This function uses a non-reentrant model


 *************** function ___lwdiv *****************
 Defined at:
		line 8 in file "C:\Program Files (x86)\Microchip\xc8\v1.45\sources\common\lwdiv.c"
 Parameters:    Size  Location     Type
  dividend        2   25[COMRAM] unsigned int 
  divisor         2   27[COMRAM] unsigned int 
 Auto vars:     Size  Location     Type
  quotient        2    1[BANK0 ] unsigned int 
  counter         1    0[BANK0 ] unsigned char 
 Return value:  Size  Location     Type
                  2   25[COMRAM] unsigned int 
 Registers used:
		wreg, status,2, status,0
 Tracked objects:
		On entry : 
		On exit  : 
		Unchanged: 
 Data sizes:     COMRAM   BANK0   BANK1   BANK2   BANK3   BANK4   BANK5   BANK6   BANK7   BANK8   BANK9  BANK10  BANK11  BANK12  BANK13  BANK14  BANK15
      Params:         4       0       0       0       0       0       0       0       0       0       0       0       0       0       0       0       0
      Locals:         0       3       0       0       0       0       0       0       0       0       0       0       0       0       0       0       0
      Temps:          0       0       0       0       0       0       0       0       0       0       0       0       0       0       0       0       0
      Totals:         4       3       0       0       0       0       0       0       0       0       0       0       0       0       0       0       0
Total ram usage:        7 bytes
 Hardware stack levels used:    1
 Hardware stack levels required when called:    2
 This function calls:
		Nothing
 This function is called by:
		_Putc_TX1_Data
		_PutRXTempMotor
 This function uses a non-reentrant model


 *************** function _PutRXRotation *****************
 Defined at:
		line 270 in file "main.c"
 Parameters:    Size  Location     Type
  Rot             2   28[COMRAM] unsigned int 
 Auto vars:     Size  Location     Type
		None
 Return value:  Size  Location     Type
                  1    wreg      void 
 Registers used:
		wreg, status,2, status,0, cstack
 Tracked objects:
		On entry : 
		On exit  : 
		Unchanged: 
 Data sizes:     COMRAM   BANK0   BANK1   BANK2   BANK3   BANK4   BANK5   BANK6   BANK7   BANK8   BANK9  BANK10  BANK11  BANK12  BANK13  BANK14  BANK15
      Params:         2       0       0       0       0       0       0       0       0       0       0       0       0       0       0       0       0
      Locals:         0       0       0       0       0       0       0       0       0       0       0       0       0       0       0       0       0
      Temps:          0       2       0       0       0       0       0       0       0       0       0       0       0       0       0       0       0
      Totals:         2       2       0       0       0       0       0       0       0       0       0       0       0       0       0       0       0
Total ram usage:        4 bytes
 Hardware stack levels used:    1
 Hardware stack levels required when called:    4
 This function calls:
		_CAN_SPI2_WRITE
 This function is called by:
		_main
 This function uses a non-reentrant model


 *************** function _ConfigureHW *****************
 Defined at:
		line 235 in file "main.c"
 Parameters:    Size  Location     Type
		None
 Auto vars:     Size  Location     Type
		None
 Return value:  Size  Location     Type
                  1    wreg      void 
 Registers used:
		wreg, status,2, status,0, cstack
 Tracked objects:
		On entry : 
		On exit  : 
		Unchanged: 
 Data sizes:     COMRAM   BANK0   BANK1   BANK2   BANK3   BANK4   BANK5   BANK6   BANK7   BANK8   BANK9  BANK10  BANK11  BANK12  BANK13  BANK14  BANK15
      Params:         0       0       0       0       0       0       0       0       0       0       0       0       0       0       0       0       0
      Locals:         0       0       0       0       0       0       0       0       0       0       0       0       0       0       0       0       0
      Temps:          0       1       0       0       0       0       0       0       0       0       0       0       0       0       0       0       0
      Totals:         0       1       0       0       0       0       0       0       0       0       0       0       0       0       0       0       0
Total ram usage:        1 bytes
 Hardware stack levels used:    1
 Hardware stack levels required when called:    5
 This function calls:
		_CONFIG_MCP2515
		_Config_Timer1
		_Config_Timer3
		_Init1_RS232
		_No_Analogs
		_RESET_CAN
		_SPI_MASTER2
		_SPI_SLAVE1
 This function is called by:
		_main
 This function uses a non-reentrant model


 *************** function _SPI_SLAVE1 *****************
 Defined at:
		line 72 in file "SPI_XC8.c"
 Parameters:    Size  Location     Type
		None
 Auto vars:     Size  Location     Type
		None
 Return value:  Size  Location     Type
                  1    wreg      void 
 Registers used:
		wreg, status,2
 Tracked objects:
		On entry : 
		On exit  : 
		Unchanged: 
 Data sizes:     COMRAM   BANK0   BANK1   BANK2   BANK3   BANK4   BANK5   BANK6   BANK7   BANK8   BANK9  BANK10  BANK11  BANK12  BANK13  BANK14  BANK15
      Params:         0       0       0       0       0       0       0       0       0       0       0       0       0       0       0       0       0
      Locals:         0       0       0       0       0       0       0       0       0       0       0       0       0       0       0       0       0
      Temps:          0       0       0       0       0       0       0       0       0       0       0       0       0       0       0       0       0
      Totals:         0       0       0       0       0       0       0       0       0       0       0       0       0       0       0       0       0
Total ram usage:        0 bytes
 Hardware stack levels used:    1
 Hardware stack levels required when called:    2
 This function calls:
		Nothing
 This function is called by:
		_ConfigureHW
 This function uses a non-reentrant model


 *************** function _SPI_MASTER2 *****************
 Defined at:
		line 102 in file "SPI_XC8.c"
 Parameters:    Size  Location     Type
		None
 Auto vars:     Size  Location     Type
		None
 Return value:  Size  Location     Type
                  1    wreg      void 
 Registers used:
		wreg, status,2
 Tracked objects:
		On entry : 
		On exit  : 
		Unchanged: 
 Data sizes:     COMRAM   BANK0   BANK1   BANK2   BANK3   BANK4   BANK5   BANK6   BANK7   BANK8   BANK9  BANK10  BANK11  BANK12  BANK13  BANK14  BANK15
      Params:         0       0       0       0       0       0       0       0       0       0       0       0       0       0       0       0       0
      Locals:         0       0       0       0       0       0       0       0       0       0       0       0       0       0       0       0       0
      Temps:          0       0       0       0       0       0       0       0       0       0       0       0       0       0       0       0       0
      Totals:         0       0       0       0       0       0       0       0       0       0       0       0       0       0       0       0       0
Total ram usage:        0 bytes
 Hardware stack levels used:    1
 Hardware stack levels required when called:    2
 This function calls:
		Nothing
 This function is called by:
		_ConfigureHW
 This function uses a non-reentrant model


 *************** function _RESET_CAN *****************
 Defined at:
		line 32 in file "MCP2515.c"
 Parameters:    Size  Location     Type
		None
 Auto vars:     Size  Location     Type
		None
 Return value:  Size  Location     Type
                  1    wreg      void 
 Registers used:
		wreg, cstack
 Tracked objects:
		On entry : 
		On exit  : 
		Unchanged: 
 Data sizes:     COMRAM   BANK0   BANK1   BANK2   BANK3   BANK4   BANK5   BANK6   BANK7   BANK8   BANK9  BANK10  BANK11  BANK12  BANK13  BANK14  BANK15
      Params:         0       0       0       0       0       0       0       0       0       0       0       0       0       0       0       0       0
      Locals:         0       0       0       0       0       0       0       0       0       0       0       0       0       0       0       0       0
      Temps:          0       0       0       0       0       0       0       0       0       0       0       0       0       0       0       0       0
      Totals:         0       0       0       0       0       0       0       0       0       0       0       0       0       0       0       0       0
Total ram usage:        0 bytes
 Hardware stack levels used:    1
 Hardware stack levels required when called:    3
 This function calls:
		_MASTER_SPI_WRITE2
 This function is called by:
		_ConfigureHW
 This function uses a non-reentrant model


 *************** function _No_Analogs *****************
 Defined at:
		line 226 in file "main.c"
 Parameters:    Size  Location     Type
		None
 Auto vars:     Size  Location     Type
		None
 Return value:  Size  Location     Type
                  1    wreg      void 
 Registers used:
		wreg, status,2
 Tracked objects:
		On entry : 
		On exit  : 
		Unchanged: 
 Data sizes:     COMRAM   BANK0   BANK1   BANK2   BANK3   BANK4   BANK5   BANK6   BANK7   BANK8   BANK9  BANK10  BANK11  BANK12  BANK13  BANK14  BANK15
      Params:         0       0       0       0       0       0       0       0       0       0       0       0       0       0       0       0       0
      Locals:         0       0       0       0       0       0       0       0       0       0       0       0       0       0       0       0       0
      Temps:          0       0       0       0       0       0       0       0       0       0       0       0       0       0       0       0       0
      Totals:         0       0       0       0       0       0       0       0       0       0       0       0       0       0       0       0       0
Total ram usage:        0 bytes
 Hardware stack levels used:    1
 Hardware stack levels required when called:    2
 This function calls:
		Nothing
 This function is called by:
		_ConfigureHW
 This function uses a non-reentrant model


 *************** function _Init1_RS232 *****************
 Defined at:
		line 6 in file "RS232_K22.c"
 Parameters:    Size  Location     Type
  velocity        4    8[BANK0 ] long 
  mode            2   12[BANK0 ] unsigned int 
 Auto vars:     Size  Location     Type
  value           2   14[BANK0 ] int 
 Return value:  Size  Location     Type
                  1    wreg      void 
 Registers used:
		wreg, status,2, status,0, cstack
 Tracked objects:
		On entry : 
		On exit  : 
		Unchanged: 
 Data sizes:     COMRAM   BANK0   BANK1   BANK2   BANK3   BANK4   BANK5   BANK6   BANK7   BANK8   BANK9  BANK10  BANK11  BANK12  BANK13  BANK14  BANK15
      Params:         0       6       0       0       0       0       0       0       0       0       0       0       0       0       0       0       0
      Locals:         0       6       0       0       0       0       0       0       0       0       0       0       0       0       0       0       0
      Temps:          0       0       0       0       0       0       0       0       0       0       0       0       0       0       0       0       0
      Totals:         0      12       0       0       0       0       0       0       0       0       0       0       0       0       0       0       0
Total ram usage:       12 bytes
 Hardware stack levels used:    1
 Hardware stack levels required when called:    3
 This function calls:
		___aldiv
 This function is called by:
		_ConfigureHW
 This function uses a non-reentrant model


 *************** function ___aldiv *****************
 Defined at:
		line 8 in file "C:\Program Files (x86)\Microchip\xc8\v1.45\sources\common\aldiv.c"
 Parameters:    Size  Location     Type
  dividend        4    0[BANK0 ] long 
  divisor         4    4[BANK0 ] long 
 Auto vars:     Size  Location     Type
  quotient        4   27[COMRAM] long 
  sign            1   26[COMRAM] unsigned char 
  counter         1   25[COMRAM] unsigned char 
 Return value:  Size  Location     Type
                  4    0[BANK0 ] long 
 Registers used:
		wreg, status,2, status,0
 Tracked objects:
		On entry : 
		On exit  : 
		Unchanged: 
 Data sizes:     COMRAM   BANK0   BANK1   BANK2   BANK3   BANK4   BANK5   BANK6   BANK7   BANK8   BANK9  BANK10  BANK11  BANK12  BANK13  BANK14  BANK15
      Params:         0       8       0       0       0       0       0       0       0       0       0       0       0       0       0       0       0
      Locals:         6       0       0       0       0       0       0       0       0       0       0       0       0       0       0       0       0
      Temps:          0       0       0       0       0       0       0       0       0       0       0       0       0       0       0       0       0
      Totals:         6       8       0       0       0       0       0       0       0       0       0       0       0       0       0       0       0
Total ram usage:       14 bytes
 Hardware stack levels used:    1
 Hardware stack levels required when called:    2
 This function calls:
		Nothing
 This function is called by:
		_Init1_RS232
		_Init2_RS232
 This function uses a non-reentrant model


 *************** function _Config_Timer3 *****************
 Defined at:
		line 49 in file "TIMERS_XC8.c"
 Parameters:    Size  Location     Type
		None
 Auto vars:     Size  Location     Type
		None
 Return value:  Size  Location     Type
                  1    wreg      void 
 Registers used:
		wreg, status,2
 Tracked objects:
		On entry : 
		On exit  : 
		Unchanged: 
 Data sizes:     COMRAM   BANK0   BANK1   BANK2   BANK3   BANK4   BANK5   BANK6   BANK7   BANK8   BANK9  BANK10  BANK11  BANK12  BANK13  BANK14  BANK15
      Params:         0       0       0       0       0       0       0       0       0       0       0       0       0       0       0       0       0
      Locals:         0       0       0       0       0       0       0       0       0       0       0       0       0       0       0       0       0
      Temps:          0       0       0       0       0       0       0       0       0       0       0       0       0       0       0       0       0
      Totals:         0       0       0       0       0       0       0       0       0       0       0       0       0       0       0       0       0
Total ram usage:        0 bytes
 Hardware stack levels used:    1
 Hardware stack levels required when called:    2
 This function calls:
		Nothing
 This function is called by:
		_ConfigureHW
 This function uses a non-reentrant model


 *************** function _Config_Timer1 *****************
 Defined at:
		line 14 in file "TIMERS_XC8.c"
 Parameters:    Size  Location     Type
		None
 Auto vars:     Size  Location     Type
		None
 Return value:  Size  Location     Type
                  1    wreg      void 
 Registers used:
		wreg, status,2
 Tracked objects:
		On entry : 
		On exit  : 
		Unchanged: 
 Data sizes:     COMRAM   BANK0   BANK1   BANK2   BANK3   BANK4   BANK5   BANK6   BANK7   BANK8   BANK9  BANK10  BANK11  BANK12  BANK13  BANK14  BANK15
      Params:         0       0       0       0       0       0       0       0       0       0       0       0       0       0       0       0       0
      Locals:         0       0       0       0       0       0       0       0       0       0       0       0       0       0       0       0       0
      Temps:          0       0       0       0       0       0       0       0       0       0       0       0       0       0       0       0       0
      Totals:         0       0       0       0       0       0       0       0       0       0       0       0       0       0       0       0       0
Total ram usage:        0 bytes
 Hardware stack levels used:    1
 Hardware stack levels required when called:    2
 This function calls:
		Nothing
 This function is called by:
		_ConfigureHW
 This function uses a non-reentrant model


 *************** function _CONFIG_MCP2515 *****************
 Defined at:
		line 43 in file "MCP2515.c"
 Parameters:    Size  Location     Type
		None
 Auto vars:     Size  Location     Type
		None
 Return value:  Size  Location     Type
                  1    wreg      void 
 Registers used:
		wreg, status,2, cstack
 Tracked objects:
		On entry : 
		On exit  : 
		Unchanged: 
 Data sizes:     COMRAM   BANK0   BANK1   BANK2   BANK3   BANK4   BANK5   BANK6   BANK7   BANK8   BANK9  BANK10  BANK11  BANK12  BANK13  BANK14  BANK15
      Params:         0       0       0       0       0       0       0       0       0       0       0       0       0       0       0       0       0
      Locals:         0       0       0       0       0       0       0       0       0       0       0       0       0       0       0       0       0
      Temps:          0       0       0       0       0       0       0       0       0       0       0       0       0       0       0       0       0
      Totals:         0       0       0       0       0       0       0       0       0       0       0       0       0       0       0       0       0
Total ram usage:        0 bytes
 Hardware stack levels used:    1
 Hardware stack levels required when called:    4
 This function calls:
		_CAN_SPI2_WRITE
 This function is called by:
		_ConfigureHW
 This function uses a non-reentrant model


 *************** function _CAN_SPI2_WRITE *****************
 Defined at:
		line 15 in file "MCP2515.c"
 Parameters:    Size  Location     Type
  addr            1    wreg     unsigned char 
  data            1   26[COMRAM] unsigned char 
 Auto vars:     Size  Location     Type
  addr            1   27[COMRAM] unsigned char 
 Return value:  Size  Location     Type
                  1    wreg      void 
 Registers used:
		wreg, status,2, cstack
 Tracked objects:
		On entry : 
		On exit  : 
		Unchanged: 
 Data sizes:     COMRAM   BANK0   BANK1   BANK2   BANK3   BANK4   BANK5   BANK6   BANK7   BANK8   BANK9  BANK10  BANK11  BANK12  BANK13  BANK14  BANK15
      Params:         1       0       0       0       0       0       0       0       0       0       0       0       0       0       0       0       0
      Locals:         1       0       0       0       0       0       0       0       0       0       0       0       0       0       0       0       0
      Temps:          0       0       0       0       0       0       0       0       0       0       0       0       0       0       0       0       0
      Totals:         2       0       0       0       0       0       0       0       0       0       0       0       0       0       0       0       0
Total ram usage:        2 bytes
 Hardware stack levels used:    1
 Hardware stack levels required when called:    3
 This function calls:
		_MASTER_SPI_WRITE2
 This function is called by:
		_PutRXRotation
		_PutRXTempMotor
		_CONFIG_MCP2515
 This function uses a non-reentrant model


 *************** function _MASTER_SPI_WRITE2 *****************
 Defined at:
		line 123 in file "SPI_XC8.c"
 Parameters:    Size  Location     Type
  dados           1    wreg     unsigned char 
 Auto vars:     Size  Location     Type
  dados           1   25[COMRAM] unsigned char 
 Return value:  Size  Location     Type
                  1    wreg      void 
 Registers used:
		wreg
 Tracked objects:
		On entry : 
		On exit  : 
		Unchanged: 
 Data sizes:     COMRAM   BANK0   BANK1   BANK2   BANK3   BANK4   BANK5   BANK6   BANK7   BANK8   BANK9  BANK10  BANK11  BANK12  BANK13  BANK14  BANK15
      Params:         0       0       0       0       0       0       0       0       0       0       0       0       0       0       0       0       0
      Locals:         1       0       0       0       0       0       0       0       0       0       0       0       0       0       0       0       0
      Temps:          0       0       0       0       0       0       0       0       0       0       0       0       0       0       0       0       0
      Totals:         1       0       0       0       0       0       0       0       0       0       0       0       0       0       0       0       0
Total ram usage:        1 bytes
 Hardware stack levels used:    1
 Hardware stack levels required when called:    2
 This function calls:
		Nothing
 This function is called by:
		_CAN_SPI2_WRITE
		_RESET_CAN
 This function uses a non-reentrant model


 *************** function _isr *****************
 Defined at:
		line 148 in file "main.c"
 Parameters:    Size  Location     Type
		None
 Auto vars:     Size  Location     Type
		None
 Return value:  Size  Location     Type
                  1    wreg      void 
 Registers used:
		wreg, fsr2l, fsr2h, status,2, status,0, cstack
 Tracked objects:
		On entry : 
		On exit  : 
		Unchanged: 
 Data sizes:     COMRAM   BANK0   BANK1   BANK2   BANK3   BANK4   BANK5   BANK6   BANK7   BANK8   BANK9  BANK10  BANK11  BANK12  BANK13  BANK14  BANK15
      Params:         0       0       0       0       0       0       0       0       0       0       0       0       0       0       0       0       0
      Locals:         0       0       0       0       0       0       0       0       0       0       0       0       0       0       0       0       0
      Temps:         20       0       0       0       0       0       0       0       0       0       0       0       0       0       0       0       0
      Totals:        20       0       0       0       0       0       0       0       0       0       0       0       0       0       0       0       0
Total ram usage:       20 bytes
 Hardware stack levels used:    1
 Hardware stack levels required when called:    1
 This function calls:
		_Make16
		_SLAVE_SPI_READ1
		i2_Set_Timer3
 This function is called by:
		Interrupt level 2
 This function uses a non-reentrant model


 *************** function i2_Set_Timer3 *****************
 Defined at:
		line 71 in file "TIMERS_XC8.c"
 Parameters:    Size  Location     Type
  data_timer      2    0[COMRAM] unsigned int 
 Auto vars:     Size  Location     Type
		None
 Return value:  Size  Location     Type
                  1    wreg      void 
 Registers used:
		wreg, status,2
 Tracked objects:
		On entry : 
		On exit  : 
		Unchanged: 
 Data sizes:     COMRAM   BANK0   BANK1   BANK2   BANK3   BANK4   BANK5   BANK6   BANK7   BANK8   BANK9  BANK10  BANK11  BANK12  BANK13  BANK14  BANK15
      Params:         2       0       0       0       0       0       0       0       0       0       0       0       0       0       0       0       0
      Locals:         0       0       0       0       0       0       0       0       0       0       0       0       0       0       0       0       0
      Temps:          0       0       0       0       0       0       0       0       0       0       0       0       0       0       0       0       0
      Totals:         2       0       0       0       0       0       0       0       0       0       0       0       0       0       0       0       0
Total ram usage:        2 bytes
 Hardware stack levels used:    1
 This function calls:
		Nothing
 This function is called by:
		_isr
 This function uses a non-reentrant model


 *************** function _SLAVE_SPI_READ1 *****************
 Defined at:
		line 83 in file "SPI_XC8.c"
 Parameters:    Size  Location     Type
		None
 Auto vars:     Size  Location     Type
  data            1    0[COMRAM] unsigned char 
 Return value:  Size  Location     Type
                  1    wreg      unsigned char 
 Registers used:
		wreg, status,2
 Tracked objects:
		On entry : 
		On exit  : 
		Unchanged: 
 Data sizes:     COMRAM   BANK0   BANK1   BANK2   BANK3   BANK4   BANK5   BANK6   BANK7   BANK8   BANK9  BANK10  BANK11  BANK12  BANK13  BANK14  BANK15
      Params:         0       0       0       0       0       0       0       0       0       0       0       0       0       0       0       0       0
      Locals:         1       0       0       0       0       0       0       0       0       0       0       0       0       0       0       0       0
      Temps:          0       0       0       0       0       0       0       0       0       0       0       0       0       0       0       0       0
      Totals:         1       0       0       0       0       0       0       0       0       0       0       0       0       0       0       0       0
Total ram usage:        1 bytes
 Hardware stack levels used:    1
 This function calls:
		Nothing
 This function is called by:
		_isr
 This function uses a non-reentrant model


 *************** function _Make16 *****************
 Defined at:
		line 195 in file "main.c"
 Parameters:    Size  Location     Type
  data1           1    wreg     unsigned char 
  data2           1    0[COMRAM] unsigned char 
 Auto vars:     Size  Location     Type
  data1           1    4[COMRAM] unsigned char 
 Return value:  Size  Location     Type
                  2    0[COMRAM] unsigned int 
 Registers used:
		wreg, status,2, status,0
 Tracked objects:
		On entry : 
		On exit  : 
		Unchanged: 
 Data sizes:     COMRAM   BANK0   BANK1   BANK2   BANK3   BANK4   BANK5   BANK6   BANK7   BANK8   BANK9  BANK10  BANK11  BANK12  BANK13  BANK14  BANK15
      Params:         2       0       0       0       0       0       0       0       0       0       0       0       0       0       0       0       0
      Locals:         1       0       0       0       0       0       0       0       0       0       0       0       0       0       0       0       0
      Temps:          2       0       0       0       0       0       0       0       0       0       0       0       0       0       0       0       0
      Totals:         5       0       0       0       0       0       0       0       0       0       0       0       0       0       0       0       0
Total ram usage:        5 bytes
 Hardware stack levels used:    1
 This function calls:
		Nothing
 This function is called by:
		_isr
 This function uses a non-reentrant model



MODULE INFORMATION

Module		Function		Class		Link	Load	Size
SPI_XC8.c
		_SPI_SLAVE1    		CODE           	1BE6	0000	19
		_SPI_MASTER2   		CODE           	1C0A	0000	17
		_SLAVE_SPI_READ1		CODE           	1C3A	0000	9
		_MASTER_SPI_WRITE2		CODE           	1C1A	0000	13

SPI_XC8.c estimated size: 58

RS232_K22.c
		_Init1_RS232   		CODE           	15B6	0000	247
		_Putc_TX1      		CODE           	1BD0	0000	23
		_Putc_Text_TX1 		CODE           	199E	0000	77

RS232_K22.c estimated size: 347

TIMERS_XC8.c
		_Config_Timer1 		CODE           	1BF8	0000	19
		_Config_Timer3 		CODE           	1B84	0000	27
		_Set_Timer3    		CODE           	1C26	0000	11

TIMERS_XC8.c estimated size: 57

C:\Program Files (x86)\Microchip\xc8\v1.45\sources\common\lwmod.c
		___lwmod       		CODE           	1A32	0000	67

C:\Program Files (x86)\Microchip\xc8\v1.45\sources\common\lwmod.c estimated size: 67

shared
		i2_Set_Timer3  		CODE           	1C30	0000	11
		__initialization		CODE           	19EA	0000	59

shared estimated size: 70

MCP2515.c
		_RESET_CAN     		CODE           	1B6A	0000	27
		_CONFIG_MCP2515		CODE           	1AF0	0000	53
		_CAN_SPI2_WRITE		CODE           	1AB2	0000	63

MCP2515.c estimated size: 143

C:\Program Files (x86)\Microchip\xc8\v1.45\sources\common\lwdiv.c
		___lwdiv       		CODE           	194A	0000	85

C:\Program Files (x86)\Microchip\xc8\v1.45\sources\common\lwdiv.c estimated size: 85

C:\Program Files (x86)\Microchip\xc8\v1.45\sources\common\aldiv.c
		___aldiv       		CODE           	16AC	0000	207

C:\Program Files (x86)\Microchip\xc8\v1.45\sources\common\aldiv.c estimated size: 207

main.c
		_Update_CurrentValue		CODE           	1B24	0000	43
		_Make16        		CODE           	1B9E	0000	27
		_PutRXTempMotor		CODE           	177A	0000	185
		_main          		CODE           	1050	0000	1083
		_PutRXRotation 		CODE           	1832	0000	167
		_isr           		CODE           	0008	0000	447
		_No_Analogs    		CODE           	1BB8	0000	25
		_Update_OldValue		CODE           	1B4E	0000	29
		_ConfigureHW   		CODE           	18D8	0000	115
		_Putc_TX1_Data 		CODE           	148A	0000	301

main.c estimated size: 2422

C:\Program Files (x86)\Microchip\xc8\v1.45\sources\common\strlen.c
		_strlen        		CODE           	1A74	0000	63

C:\Program Files (x86)\Microchip\xc8\v1.45\sources\common\strlen.c estimated size: 63

