Microchip MPLAB XC8 Compiler V1.45 ()

Linker command line:

-W-3 --edf=C:\Program Files (x86)\Microchip\xc8\v1.45\dat\en_msgs.txt -cs \
  -h+dist/default/production\Gerenciamento_46K22.X.production.sym \
  --cmf=dist/default/production\Gerenciamento_46K22.X.production.cmf -z \
  -Q18F46K22 -oC:\Users\asus\AppData\Local\Temp\s30k.2 \
  -Mdist/default/production/Gerenciamento_46K22.X.production.map -E1 \
  -ver=XC8 --acfsm=1493 -ASTACK=084Ch-0f37h -pstack=STACK -ACODE=00h-0FFFFh \
  -ACONST=00h-0FFFFh -ASMALLCONST=01000h-010FFhx240 \
  -AMEDIUMCONST=01000h-0FFFFh -ACOMRAM=01h-05Fh -AABS1=00h-0F37h \
  -ABIGRAM=01h-0F37h -ARAM=060h-0FFh,0100h-01FFhx14,0F00h-0F37h \
  -ABANK0=060h-0FFh -ABANK1=0100h-01FFh -ABANK2=0200h-02FFh \
  -ABANK3=0300h-03FFh -ABANK4=0400h-04FFh -ABANK5=0500h-05FFh \
  -ABANK6=0600h-06FFh -ABANK7=0700h-07FFh -ABANK8=0800h-08FFh \
  -ABANK9=0900h-09FFh -ABANK10=0A00h-0AFFh -ABANK11=0B00h-0BFFh \
  -ABANK12=0C00h-0CFFh -ABANK13=0D00h-0DFFh -ABANK14=0E00h-0EFFh \
  -ABANK15=0F00h-0F37h -ASFR=0F38h-0F5Fh,0F60h-0FFFh \
  -preset_vec=00h,intcode=08h,intcodelo=018h,powerup,init -pramtop=01000h \
  -psmallconst=SMALLCONST -pmediumconst=MEDIUMCONST -pconst=CONST \
  -AFARRAM=00h-00h -ACONFIG=0300000h-030000Dh -pconfig=CONFIG \
  -AIDLOC=0200000h-0200007h -pidloc=IDLOC -AEEDATA=0F00000h-0F003FFh \
  -peeprom_data=EEDATA \
  -prdata=COMRAM,nvrram=COMRAM,nvbit=COMRAM,rbss=COMRAM,rbit=COMRAM \
  -pfarbss=FARRAM,fardata=FARRAM,nvFARRAM=FARRAM \
  -pintsave_regs=BIGRAM,bigbss=BIGRAM,bigdata=BIGRAM -pbss=RAM \
  -pidata=CODE,irdata=CODE,ibigdata=CODE,ifardata=CODE -prparam=COMRAM \
  C:\Users\asus\AppData\Local\Temp\s30k.obj \
  dist/default/production\Gerenciamento_46K22.X.production.obj 

Object code version is 3.11

Machine type is 18F46K22

Call graph: (short form)




                Name                               Link     Load   Length Selector   Space Scale
C:\Users\asus\AppData\Local\Temp\s30k.obj
                init                                614      614        4        C       0
                reset_vec                             0        0        4        0       0
                idloc                            200000   200000        8   200000       0
                config                           300000   300000        E   300000       0
dist/default/production\Gerenciamento_46K22.X.production.obj
                intcodelo                            18       18      5FC        C       0
                intcode                               8        8        6        4       0
                temp                                 5F       5F        1        1       1
                mediumconst                        EA3E     EA3E     15C2     751F       0
                text61                             5184     5184       2A        C       0
                text60                             4716     4716      120        C       0
                text59                             4CF4     4CF4       7C        C       0
                text58                             51F4     51F4       20        C       0
                text57                             5378     5378        A     29B2       0
                text56                             51D4     51D4       20        C       0
                text55                             536E     536E        A     29B2       0
                text54                             5364     5364        A     29B2       0
                text53                             4F7C     4F7C       56        C       0
                text52                             3264     3264      33E        C       0
                text51                             2BD6     2BD6      350        C       0
                text50                             50D8     50D8       2E        C       0
                text49                             4384     4384      150        C       0
                text48                             35A2     35A2      2C4        C       0
                text47                             4C70     4C70       84        C       0
                text46                             51AE     51AE       26        C       0
                text45                             4EB8     4EB8       64        C       0
                text44                             4A30     4A30       DE        C       0
                text43                             4BE0     4BE0       90        C       0
                text42                             4DE2     4DE2       70        C       0
                text41                             3B1C     3B1C      2B4        C       0
                text40                             5026     5026       52        C       0
                text39                             4008     4008      228        C       0
                text38                             534C     534C        C        C       0
                text37                             52A2     52A2       14        C       0
                text36                             5340     5340        C        C       0
                text35                             528E     528E       14        C       0
                text34                             515A     515A       2A        C       0
                intcode_body                        618      618     16F0        C       0
                text32                             4D70     4D70       72        C       0
                text31                             3866     3866      2B6        C       0
                text30                             2884     2884      352        C       0
                text29                             4936     4936       FA        C       0
                text28                             4FD2     4FD2       54        C       0
                text27                             4230     4230      154        C       0
                text26                             3DD0     3DD0      238        C       0
                text25                             5332     5332        E        C       0
                text24                             5262     5262       18        C       0
                text23                             2F26     2F26      33E        C       0
                text22                             44D4     44D4      122        C       0
                text21                             50A8     50A8       30        C       0
                text20                             1D08     1D08      730        C       0
                text19                             5078     5078       30        C       0
                text18                             4E52     4E52       66        C       0
                text17                             5130     5130       2A        C       0
                text16                             5324     5324        E        C       0
                text14                             5106     5106       2A        C       0
                text13                             5316     5316        E        C       0
                text12                             538A     538A        8     29B2       0
                text11                             52B6     52B6       12        C       0
                text10                             527A     527A       14        C       0
                text9                              52F8     52F8       10        C       0
                text8                              5230     5230       1A        C       0
                text7                              5214     5214       1C        C       0
                text6                              52E8     52E8       10        C       0
                text5                              52D8     52D8       10        C       0
                text4                              4F1C     4F1C       60        C       0
                text3                              52C8     52C8       10        C       0
                text2                              5308     5308        E        C       0
                text1                              524A     524A       18        C       0
                text0                              45F6     45F6      120        C       0
                cstackCOMRAM                          1        1       5E        1       1
                cstackBANK0                          60       60       38       60       1
                cstackBANK1                         198      198       60      100       1
                cstackBANK2                         258      258       2D      200       1
                dataBIGRAM                          400      400      44C      400       1
                dataBANK3                           300      300      100      300       1
                dataBANK2                           285      285        B      200       1
                bssBANK2                            200      200       58      200       1
                dataBANK1                           1F8      1F8        8      100       1
                bssBANK1                            100      100       98      100       1
                dataBANK0                            CF       CF        2       60       1
                bssBANK0                             98       98       37       60       1
                cinit                              4B0E     4B0E       D2        C       0
                idataBANK3                         4836     4836      100        C       0
                idataBANK2                         5358     5358        B        C       0
                idataBANK1                         5382     5382        8     29B2       0
                idataBANK0                         5392     5392        2     29B2       0
                idataBIGRAM                        2438     2438      44C        C       0

TOTAL           Name                               Link     Load   Length     Space
        CLASS   STACK          

        CLASS   CODE           
                intcodelo                            18       18      5FC         0
                intcode                               8        8        6         0
                init                                614      614        4         0
                reset_vec                             0        0        4         0
                text61                             5184     5184       2A         0
                text60                             4716     4716      120         0
                text59                             4CF4     4CF4       7C         0
                text58                             51F4     51F4       20         0
                text57                             5378     5378        A         0
                text56                             51D4     51D4       20         0
                text55                             536E     536E        A         0
                text54                             5364     5364        A         0
                text53                             4F7C     4F7C       56         0
                text52                             3264     3264      33E         0
                text51                             2BD6     2BD6      350         0
                text50                             50D8     50D8       2E         0
                text49                             4384     4384      150         0
                text48                             35A2     35A2      2C4         0
                text47                             4C70     4C70       84         0
                text46                             51AE     51AE       26         0
                text45                             4EB8     4EB8       64         0
                text44                             4A30     4A30       DE         0
                text43                             4BE0     4BE0       90         0
                text42                             4DE2     4DE2       70         0
                text41                             3B1C     3B1C      2B4         0
                text40                             5026     5026       52         0
                text39                             4008     4008      228         0
                text38                             534C     534C        C         0
                text37                             52A2     52A2       14         0
                text36                             5340     5340        C         0
                text35                             528E     528E       14         0
                text34                             515A     515A       2A         0
                intcode_body                        618      618     16F0         0
                text32                             4D70     4D70       72         0
                text31                             3866     3866      2B6         0
                text30                             2884     2884      352         0
                text29                             4936     4936       FA         0
                text28                             4FD2     4FD2       54         0
                text27                             4230     4230      154         0
                text26                             3DD0     3DD0      238         0
                text25                             5332     5332        E         0
                text24                             5262     5262       18         0
                text23                             2F26     2F26      33E         0
                text22                             44D4     44D4      122         0
                text21                             50A8     50A8       30         0
                text20                             1D08     1D08      730         0
                text19                             5078     5078       30         0
                text18                             4E52     4E52       66         0
                text17                             5130     5130       2A         0
                text16                             5324     5324        E         0
                text14                             5106     5106       2A         0
                text13                             5316     5316        E         0
                text12                             538A     538A        8         0
                text11                             52B6     52B6       12         0
                text10                             527A     527A       14         0
                text9                              52F8     52F8       10         0
                text8                              5230     5230       1A         0
                text7                              5214     5214       1C         0
                text6                              52E8     52E8       10         0
                text5                              52D8     52D8       10         0
                text4                              4F1C     4F1C       60         0
                text3                              52C8     52C8       10         0
                text2                              5308     5308        E         0
                text1                              524A     524A       18         0
                text0                              45F6     45F6      120         0
                cinit                              4B0E     4B0E       D2         0
                idataBANK3                         4836     4836      100         0
                idataBANK2                         5358     5358        B         0
                idataBANK1                         5382     5382        8         0
                idataBANK0                         5392     5392        2         0
                idataBIGRAM                        2438     2438      44C         0

        CLASS   CONST          

        CLASS   SMALLCONST     

        CLASS   MEDIUMCONST    
                mediumconst                        EA3E     EA3E     15C2         0

        CLASS   COMRAM         
                temp                                 5F       5F        1         1
                cstackCOMRAM                          1        1       5E         1

        CLASS   ABS1           

        CLASS   BIGRAM         
                dataBIGRAM                          400      400      44C         1

        CLASS   RAM            

        CLASS   BANK0          
                cstackBANK0                          60       60       38         1
                dataBANK0                            CF       CF        2         1
                bssBANK0                             98       98       37         1

        CLASS   BANK1          
                cstackBANK1                         198      198       60         1
                dataBANK1                           1F8      1F8        8         1
                bssBANK1                            100      100       98         1

        CLASS   BANK2          
                cstackBANK2                         258      258       2D         1
                dataBANK2                           285      285        B         1
                bssBANK2                            200      200       58         1

        CLASS   BANK3          
                dataBANK3                           300      300      100         1

        CLASS   BANK4          

        CLASS   BANK5          

        CLASS   BANK6          

        CLASS   BANK7          

        CLASS   BANK8          

        CLASS   BANK9          

        CLASS   BANK10         

        CLASS   BANK11         

        CLASS   BANK12         

        CLASS   BANK13         

        CLASS   BANK14         

        CLASS   BANK15         

        CLASS   SFR            

        CLASS   FARRAM         

        CLASS   CONFIG         
                config                           300000   300000        E         0

        CLASS   IDLOC          
                idloc                            200000   200000        8         0

        CLASS   EEDATA         



SEGMENTS        Name                           Load    Length   Top    Selector   Space  Class

                reset_vec                      000000  000004  000004         0       0  CODE    
                cstackCOMRAM                   000001  00005F  000060         1       1  COMRAM  
                intcode                        000008  000006  00000E         4       0  CODE    
                intcodelo                      000018  00534B  005363         C       0  CODE    
                cstackBANK0                    000060  000071  0000D1        60       1  BANK0   
                bssBANK1                       000100  000100  000200       100       1  BANK1   
                bssBANK2                       000200  000090  000290       200       1  BANK2   
                dataBANK3                      000300  000100  000400       300       1  BANK3   
                dataBIGRAM                     000400  00044C  00084C       400       1  BIGRAM  
                text54                         005364  000030  005394      29B2       0  CODE    
                mediumconst                    00EA3E  0015C2  010000      751F       0  MEDIUMCO
                idloc                          200000  000008  200008    200000       0  IDLOC   
                config                         300000  00000E  30000E    300000       0  CONFIG  


UNUSED ADDRESS RANGES

        Name                Unused          Largest block    Delta
        BANK0            0000D1-0000FF               2F
        BANK10           000A00-000AFF              100
        BANK11           000B00-000BFF              100
        BANK12           000C00-000CFF              100
        BANK13           000D00-000DFF              100
        BANK14           000E00-000EFF              100
        BANK15           000F00-000F37               38
        BANK2            000290-0002FF               70
        BANK8            00084C-0008FF               B4
        BANK9            000900-0009FF              100
        BIGRAM           0000D1-0000FF               2F
                         000290-0002FF               70
                         00084C-000F37              6EC
        CODE             000004-000007                4
                         00000E-000017                A
                         005363-005363                1
                         005394-00EA3D             96AA
        CONST            000004-000007                4
                         00000E-000017                A
                         005363-005363                1
                         005394-00EA3D             96AA
        EEDATA           F00000-F003FF              400
        MEDIUMCONST      005363-005363                1
                         005394-00EA3D             96AA
        RAM              0000D1-0000FF               2F
                         000290-0002FF               70
                         00084C-000F37              100
        SFR              000F38-000FFF               28
        SMALLCONST       005363-005363                1
                         005394-00EA3D              100
        STACK            00084C-000F37              6EC

                                  Symbol Table

?_Get_Timer0                                 cstackCOMRAM 000001
?_Get_Timer1                                 cstackCOMRAM 000001
?_Read_ADC                                   cstackBANK1  000198
?___awdiv                                    cstackCOMRAM 000007
?___awmod                                    cstackBANK1  000198
?___fladd                                    cstackBANK1  0001C3
?___fldiv                                    cstackBANK1  0001D7
?___flmul                                    cstackBANK1  0001A6
?___flneg                                    cstackBANK1  0001BF
?___fltol                                    cstackBANK1  0001F0
?___lwdiv                                    cstackBANK1  000198
?___wmul                                     cstackCOMRAM 000001
?___xxtofl                                   cstackBANK1  000198
?_controle_Avn_marchaLenta                   cstackBANK0  000064
?i2_Read_ADC                                 cstackCOMRAM 000001
?i2___awmod                                  cstackCOMRAM 000001
?i2___fladd                                  cstackCOMRAM 00004F
?i2___fldiv                                  cstackCOMRAM 000036
?i2___flmul                                  cstackCOMRAM 00001D
?i2___flneg                                  cstackCOMRAM 000036
?i2___fltol                                  cstackBANK0  000064
?i2___lwdiv                                  cstackCOMRAM 000001
?i2___xxtofl                                 cstackCOMRAM 00000F
Comb_CCP_Read@Frequencia                     bssBANK1     00018F
Comb_CCP_Read@Index                          bssBANK1     00018C
Comb_CCP_Read@N                              bssBANK1     00018D
Comb_CCP_Read@Soma                           bssBANK1     000150
Comb_CCP_Read@Valores                        bssBANK2     000200
Comb_CCP_Read@i                              bssBANK1     00018E
Comb_CCP_Read@periodo_CCP                    bssBANK1     000194
Get_Timer0@Data                              cstackCOMRAM 000005
Get_Timer1@Data                              cstackCOMRAM 000005
MASTER_SPI_WRITE1@dados                      cstackBANK2  000282
MASTER_SPI_WRITE2@dados                      cstackBANK1  000198
Read_ADC@channel                             cstackBANK1  00019B
Set_Timer0@data_timer                        cstackCOMRAM 000001
Set_Timer1@data_timer                        cstackCOMRAM 000001
Set_Timer3@data_timer                        cstackCOMRAM 000001
Spi2_Write16@data                            cstackBANK1  000199
Spi_Write16@data                             cstackBANK2  000283
_ADCON0bits                                  (abs)        000FC2
_ADCON1bits                                  (abs)        000FC1
_ADCON2bits                                  (abs)        000FC0
_ADRESH                                      (abs)        000FC4
_AD_Req                                      bssBANK1     00015A
_ANSELA                                      (abs)        000F38
_ANSELAbits                                  (abs)        000F38
_ANSELB                                      (abs)        000F39
_ANSELBbits                                  (abs)        000F39
_ANSELC                                      (abs)        000F3A
_ANSELD                                      (abs)        000F3B
_ANSELE                                      (abs)        000F3C
_ANSELEbits                                  (abs)        000F3C
_ANTref_vb                                   dataBANK1    0001F8
_ATUALref_vb                                 dataBANK1    0001FA
_Battery                                     bssBANK2     00024C
_Battery_ad_Read                             text59       004CF4
_CCP1CON                                     (abs)        000FBD
_CCPR1H                                      (abs)        000FBF
_CCPR1L                                      (abs)        000FBE
_CCPTMRS0bits                                (abs)        000F49
_Comb_CCP_Read                               text26       003DD0
_Comb_CCP_Read$861                           cstackBANK2  00025C
_Config_ADC                                  text14       005106
_Config_CCP1                                 text13       005316
_Config_Int_Ext0                             text12       00538A
_Config_Timer0                               text11       0052B6
_Config_Timer1                               text10       00527A
_Config_Timer2                               text9        0052F8
_Config_Timer3                               text8        005230
_Config_Timer5                               text7        005214
_Configure_HW                                text4        004F1C
_Estequiometria                              dataBANK0    0000CF
_Flag_MarchaLenta                            bssBANK1     000156
_Get_Timer0                                  text56       0051D4
_Get_Timer1                                  text58       0051F4
_INTCON2bits                                 (abs)        000FF1
_INTCONbits                                  (abs)        000FF2
_IPEN                                        (abs)        007E87
_Ki_rpm                                      mediumconst  00FFF7
_Kp_inj                                      mediumconst  00FFFB
_Kp_rpm                                      bssBANK2     000240
_Kref1_rpm                                   bssBANK2     00023C
_Kref2_rpm                                   bssBANK2     000238
_LATBbits                                    (abs)        000F8A
_LATCbits                                    (abs)        000F8B
_LATDbits                                    (abs)        000F8C
_LATEbits                                    (abs)        000F8D
_Low_Isr                                     intcodelo    000018
_Low_Isr$2780                                cstackBANK2  00027A
_Low_Isr$2781                                cstackBANK2  00027E
_MASTER_SPI_WRITE1                           text2        005308
_MASTER_SPI_WRITE2                           text25       005332
_OffSet_refRPM                               bssBANK0     0000BC
_Old_Estequiometria                          bssBANK1     00017E
_Old_Percentual_Etanol                       bssBANK1     000193
_Old_Percentual_Gasolina                     bssBANK1     000192
_PIE1bits                                    (abs)        000F9D
_PIE2bits                                    (abs)        000FA0
_PIR1bits                                    (abs)        000F9E
_PIR2bits                                    (abs)        000FA1
_PORTBbits                                   (abs)        000F81
_PR2                                         (abs)        000FBB
_Percentual_Etanol                           bssBANK0     0000BE
_Percentual_Gasolina                         bssBANK0     0000BD
_Read_ADC                                    text19       005078
_Rele_bomb_Count                             dataBANK1    0001FE
_SPI_MASTER1                                 text3        0052C8
_SPI_MASTER1_Chip                            text6        0052E8
_SPI_MASTER2                                 text5        0052D8
_SSP1BUF                                     (abs)        000FC9
_SSP1CON1                                    (abs)        000FC6
_SSP1STAT                                    (abs)        000FC7
_SSP1STATbits                                (abs)        000FC7
_SSP2BUF                                     (abs)        000F6F
_SSP2CON1                                    (abs)        000F6C
_SSP2STAT                                    (abs)        000F6D
_SSP2STATbits                                (abs)        000F6D
_Send_Spi                                    bssBANK1     000158
_Send_Spi_2                                  dataBANK1    0001FF
_Set_Timer0                                  text55       00536E
_Set_Timer1                                  text57       005378
_Set_Timer3                                  text54       005364
_Spi2_Write16                                text24       005262
_Spi_Write16                                 text1        00524A
_T0CONbits                                   (abs)        000FD5
_T1CONbits                                   (abs)        000FCD
_T2CONbits                                   (abs)        000FBA
_T3CONbits                                   (abs)        000FB1
_T4CONbits                                   (abs)        000F51
_T5CONbits                                   (abs)        000F4E
_T6CONbits                                   (abs)        000F4A
_TMR0H                                       (abs)        000FD7
_TMR0IP                                      (abs)        007F8A
_TMR0L                                       (abs)        000FD6
_TMR1H                                       (abs)        000FCF
_TMR1IP                                      (abs)        007CF8
_TMR1L                                       (abs)        000FCE
_TMR2                                        (abs)        000FBC
_TMR2IP                                      (abs)        007CF9
_TMR3H                                       (abs)        000FB3
_TMR3IE                                      (abs)        007D01
_TMR3IP                                      (abs)        007D11
_TMR3L                                       (abs)        000FB2
_TMR4                                        (abs)        000F53
_TMR5H                                       (abs)        000F50
_TMR5IE                                      (abs)        007BE9
_TMR5L                                       (abs)        000F4F
_TMR6                                        (abs)        000F4C
_TRISA                                       (abs)        000F92
_TRISA5                                      (abs)        007C95
_TRISB                                       (abs)        000F93
_TRISB0                                      (abs)        007C98
_TRISB1                                      (abs)        007C99
_TRISB2                                      (abs)        007C9A
_TRISC                                       (abs)        000F94
_TRISC3                                      (abs)        007CA3
_TRISC4                                      (abs)        007CA4
_TRISC5                                      (abs)        007CA5
_TRISCbits                                   (abs)        000F94
_TRISD                                       (abs)        000F95
_TRISD0                                      (abs)        007CA8
_TRISD1                                      (abs)        007CA9
_TRISD3                                      (abs)        007CAB
_TRISD4                                      (abs)        007CAC
_TRISE                                       (abs)        000F96
_VarTest                                     bssBANK2     000254
_VetBat                                      dataBIGRAM   000400
_VetTempo_Inj_Partida                        dataBANK2    000285
_Vet_TempAg                                  dataBANK3    000300
_Vet_TempAr                                  dataBIGRAM   00064C
_VoltBattery                                 bssBANK0     0000BF
__CFG_BOREN$OFF                              (abs)        000000
__CFG_CP0$OFF                                (abs)        000000
__CFG_CP1$OFF                                (abs)        000000
__CFG_CPB$OFF                                (abs)        000000
__CFG_CPD$OFF                                (abs)        000000
__CFG_EBTR0$OFF                              (abs)        000000
__CFG_EBTR1$OFF                              (abs)        000000
__CFG_EBTRB$OFF                              (abs)        000000
__CFG_FCMEN$OFF                              (abs)        000000
__CFG_FOSC$HSHP                              (abs)        000000
__CFG_IESO$OFF                               (abs)        000000
__CFG_LVP$OFF                                (abs)        000000
__CFG_PLLCFG$ON                              (abs)        000000
__CFG_STVREN$OFF                             (abs)        000000
__CFG_WDTEN$OFF                              (abs)        000000
__CFG_WDTPS$32768                            (abs)        000000
__CFG_WRT0$OFF                               (abs)        000000
__CFG_WRT1$OFF                               (abs)        000000
__CFG_WRTB$OFF                               (abs)        000000
__CFG_WRTC$OFF                               (abs)        000000
__CFG_WRTD$OFF                               (abs)        000000
__CFG_XINST$OFF                              (abs)        000000
__HRAM                                       (abs)        000000
__Habs1                                      abs1         000000
__Hbank0                                     bank0        000000
__Hbank1                                     bank1        000000
__Hbank10                                    bank10       000000
__Hbank11                                    bank11       000000
__Hbank12                                    bank12       000000
__Hbank13                                    bank13       000000
__Hbank14                                    bank14       000000
__Hbank15                                    bank15       000000
__Hbank2                                     bank2        000000
__Hbank3                                     bank3        000000
__Hbank4                                     bank4        000000
__Hbank5                                     bank5        000000
__Hbank6                                     bank6        000000
__Hbank7                                     bank7        000000
__Hbank8                                     bank8        000000
__Hbank9                                     bank9        000000
__Hbigbss                                    bigbss       000000
__Hbigdata                                   bigdata      000000
__Hbigram                                    bigram       000000
__Hbss                                       bss          000000
__HbssBANK0                                  bssBANK0     000000
__HbssBANK1                                  bssBANK1     000000
__HbssBANK2                                  bssBANK2     000000
__Hcinit                                     cinit        000000
__Hclrtext                                   clrtext      000000
__Hcomram                                    comram       000000
__Hconfig                                    config       30000E
__Hconst                                     const        000000
__HcstackBANK0                               cstackBANK0  000000
__HcstackBANK1                               cstackBANK1  000000
__HcstackBANK2                               cstackBANK2  000000
__HcstackCOMRAM                              cstackCOMRAM 000000
__Hdata                                      data         000000
__HdataBANK0                                 dataBANK0    000000
__HdataBANK1                                 dataBANK1    000000
__HdataBANK2                                 dataBANK2    000000
__HdataBANK3                                 dataBANK3    000000
__HdataBIGRAM                                dataBIGRAM   000000
__Heeprom_data                               eeprom_data  000000
__Hfarbss                                    farbss       000000
__Hfardata                                   fardata      000000
__Hibigdata                                  ibigdata     000000
__Hidata                                     idata        000000
__HidataBANK0                                idataBANK0   000000
__HidataBANK1                                idataBANK1   000000
__HidataBANK2                                idataBANK2   000000
__HidataBANK3                                idataBANK3   000000
__HidataBIGRAM                               idataBIGRAM  000000
__Hidloc                                     idloc        200008
__Hifardata                                  ifardata     000000
__Hinit                                      init         000618
__Hintcode                                   intcode      00000E
__Hintcode_body                              intcode_body 000000
__Hintcodelo                                 intcodelo    000614
__Hintentry                                  intentry     000000
__Hintret                                    intret       000000
__Hintsave_regs                              intsave_regs 000000
__Hirdata                                    irdata       000000
__Hmediumconst                               mediumconst  010000
__HnvFARRAM                                  nvFARRAM     000000
__Hnvbit                                     nvbit        000000
__Hnvrram                                    nvrram       000000
__Hparam                                     rparam       000000
__Hpowerup                                   powerup      000614
__Hram                                       ram          000000
__Hramtop                                    ramtop       001000
__Hrbit                                      rbit         000000
__Hrbss                                      rbss         000000
__Hrdata                                     rdata        000000
__Hreset_vec                                 reset_vec    000004
__Hrparam                                    rparam       000000
__Hsfr                                       sfr          000000
__Hsmallconst                                smallconst   000000
__Hspace_0                                   (abs)        30000E
__Hspace_1                                   (abs)        00084C
__Hspace_2                                   (abs)        000000
__Hstack                                     stack        000000
__Hstruct                                    struct       000000
__Htemp                                      temp         000060
__Htext                                      text         000000
__Htext0                                     text0        000000
__Htext1                                     text1        000000
__Htext10                                    text10       000000
__Htext11                                    text11       000000
__Htext12                                    text12       000000
__Htext13                                    text13       000000
__Htext14                                    text14       000000
__Htext16                                    text16       000000
__Htext17                                    text17       000000
__Htext18                                    text18       000000
__Htext19                                    text19       000000
__Htext2                                     text2        000000
__Htext20                                    text20       000000
__Htext21                                    text21       000000
__Htext22                                    text22       000000
__Htext23                                    text23       000000
__Htext24                                    text24       000000
__Htext25                                    text25       000000
__Htext26                                    text26       000000
__Htext27                                    text27       000000
__Htext28                                    text28       000000
__Htext29                                    text29       000000
__Htext3                                     text3        000000
__Htext30                                    text30       000000
__Htext31                                    text31       000000
__Htext32                                    text32       000000
__Htext34                                    text34       000000
__Htext35                                    text35       000000
__Htext36                                    text36       000000
__Htext37                                    text37       000000
__Htext38                                    text38       000000
__Htext39                                    text39       000000
__Htext4                                     text4        000000
__Htext40                                    text40       000000
__Htext41                                    text41       000000
__Htext42                                    text42       000000
__Htext43                                    text43       000000
__Htext44                                    text44       000000
__Htext45                                    text45       000000
__Htext46                                    text46       000000
__Htext47                                    text47       000000
__Htext48                                    text48       000000
__Htext49                                    text49       000000
__Htext5                                     text5        000000
__Htext50                                    text50       000000
__Htext51                                    text51       000000
__Htext52                                    text52       000000
__Htext53                                    text53       000000
__Htext54                                    text54       000000
__Htext55                                    text55       000000
__Htext56                                    text56       000000
__Htext57                                    text57       000000
__Htext58                                    text58       000000
__Htext59                                    text59       000000
__Htext6                                     text6        000000
__Htext60                                    text60       000000
__Htext61                                    text61       000000
__Htext7                                     text7        000000
__Htext8                                     text8        000000
__Htext9                                     text9        000000
__LRAM                                       (abs)        000001
__Labs1                                      abs1         000000
__Lbank0                                     bank0        000000
__Lbank1                                     bank1        000000
__Lbank10                                    bank10       000000
__Lbank11                                    bank11       000000
__Lbank12                                    bank12       000000
__Lbank13                                    bank13       000000
__Lbank14                                    bank14       000000
__Lbank15                                    bank15       000000
__Lbank2                                     bank2        000000
__Lbank3                                     bank3        000000
__Lbank4                                     bank4        000000
__Lbank5                                     bank5        000000
__Lbank6                                     bank6        000000
__Lbank7                                     bank7        000000
__Lbank8                                     bank8        000000
__Lbank9                                     bank9        000000
__Lbigbss                                    bigbss       000000
__Lbigdata                                   bigdata      000000
__Lbigram                                    bigram       000000
__Lbss                                       bss          000000
__LbssBANK0                                  bssBANK0     000000
__LbssBANK1                                  bssBANK1     000000
__LbssBANK2                                  bssBANK2     000000
__Lcinit                                     cinit        000000
__Lclrtext                                   clrtext      000000
__Lcomram                                    comram       000000
__Lconfig                                    config       300000
__Lconst                                     const        000000
__LcstackBANK0                               cstackBANK0  000000
__LcstackBANK1                               cstackBANK1  000000
__LcstackBANK2                               cstackBANK2  000000
__LcstackCOMRAM                              cstackCOMRAM 000000
__Ldata                                      data         000000
__LdataBANK0                                 dataBANK0    000000
__LdataBANK1                                 dataBANK1    000000
__LdataBANK2                                 dataBANK2    000000
__LdataBANK3                                 dataBANK3    000000
__LdataBIGRAM                                dataBIGRAM   000000
__Leeprom_data                               eeprom_data  000000
__Lfarbss                                    farbss       000000
__Lfardata                                   fardata      000000
__Libigdata                                  ibigdata     000000
__Lidata                                     idata        000000
__LidataBANK0                                idataBANK0   000000
__LidataBANK1                                idataBANK1   000000
__LidataBANK2                                idataBANK2   000000
__LidataBANK3                                idataBANK3   000000
__LidataBIGRAM                               idataBIGRAM  000000
__Lidloc                                     idloc        200000
__Lifardata                                  ifardata     000000
__Linit                                      init         000614
__Lintcode                                   intcode      000008
__Lintcode_body                              intcode_body 000000
__Lintcodelo                                 intcodelo    000018
__Lintentry                                  intentry     000000
__Lintret                                    intret       000000
__Lintsave_regs                              intsave_regs 000000
__Lirdata                                    irdata       000000
__Lmediumconst                               mediumconst  00EA3E
__LnvFARRAM                                  nvFARRAM     000000
__Lnvbit                                     nvbit        000000
__Lnvrram                                    nvrram       000000
__Lparam                                     rparam       000000
__Lpowerup                                   powerup      000614
__Lram                                       ram          000000
__Lramtop                                    ramtop       001000
__Lrbit                                      rbit         000000
__Lrbss                                      rbss         000000
__Lrdata                                     rdata        000000
__Lreset_vec                                 reset_vec    000000
__Lrparam                                    rparam       000000
__Lsfr                                       sfr          000000
__Lsmallconst                                smallconst   000000
__Lspace_0                                   (abs)        000000
__Lspace_1                                   (abs)        000000
__Lspace_2                                   (abs)        000000
__Lstack                                     stack        000000
__Lstruct                                    struct       000000
__Ltemp                                      temp         00005F
__Ltext                                      text         000000
__Ltext0                                     text0        000000
__Ltext1                                     text1        000000
__Ltext10                                    text10       000000
__Ltext11                                    text11       000000
__Ltext12                                    text12       000000
__Ltext13                                    text13       000000
__Ltext14                                    text14       000000
__Ltext16                                    text16       000000
__Ltext17                                    text17       000000
__Ltext18                                    text18       000000
__Ltext19                                    text19       000000
__Ltext2                                     text2        000000
__Ltext20                                    text20       000000
__Ltext21                                    text21       000000
__Ltext22                                    text22       000000
__Ltext23                                    text23       000000
__Ltext24                                    text24       000000
__Ltext25                                    text25       000000
__Ltext26                                    text26       000000
__Ltext27                                    text27       000000
__Ltext28                                    text28       000000
__Ltext29                                    text29       000000
__Ltext3                                     text3        000000
__Ltext30                                    text30       000000
__Ltext31                                    text31       000000
__Ltext32                                    text32       000000
__Ltext34                                    text34       000000
__Ltext35                                    text35       000000
__Ltext36                                    text36       000000
__Ltext37                                    text37       000000
__Ltext38                                    text38       000000
__Ltext39                                    text39       000000
__Ltext4                                     text4        000000
__Ltext40                                    text40       000000
__Ltext41                                    text41       000000
__Ltext42                                    text42       000000
__Ltext43                                    text43       000000
__Ltext44                                    text44       000000
__Ltext45                                    text45       000000
__Ltext46                                    text46       000000
__Ltext47                                    text47       000000
__Ltext48                                    text48       000000
__Ltext49                                    text49       000000
__Ltext5                                     text5        000000
__Ltext50                                    text50       000000
__Ltext51                                    text51       000000
__Ltext52                                    text52       000000
__Ltext53                                    text53       000000
__Ltext54                                    text54       000000
__Ltext55                                    text55       000000
__Ltext56                                    text56       000000
__Ltext57                                    text57       000000
__Ltext58                                    text58       000000
__Ltext59                                    text59       000000
__Ltext6                                     text6        000000
__Ltext60                                    text60       000000
__Ltext61                                    text61       000000
__Ltext7                                     text7        000000
__Ltext8                                     text8        000000
__Ltext9                                     text9        000000
__S0                                         (abs)        30000E
__S1                                         (abs)        00084C
__S2                                         (abs)        000000
___awdiv                                     text47       004C70
___awdiv@counter                             cstackCOMRAM 00000B
___awdiv@dividend                            cstackCOMRAM 000007
___awdiv@divisor                             cstackCOMRAM 000009
___awdiv@quotient                            cstackCOMRAM 00000D
___awdiv@sign                                cstackCOMRAM 00000C
___awmod                                     text32       004D70
___awmod@counter                             cstackBANK1  00019C
___awmod@dividend                            cstackBANK1  000198
___awmod@divisor                             cstackBANK1  00019A
___awmod@sign                                cstackBANK1  00019D
___fladd                                     text23       002F26
___fladd@a                                   cstackBANK1  0001C7
___fladd@aexp                                cstackBANK1  0001D4
___fladd@b                                   cstackBANK1  0001C3
___fladd@bexp                                cstackBANK1  0001D5
___fladd@grs                                 cstackBANK1  0001D6
___fladd@signs                               cstackBANK1  0001D3
___fldiv                                     text31       003866
___fldiv@a                                   cstackBANK1  0001DB
___fldiv@aexp                                cstackBANK1  0001EF
___fldiv@b                                   cstackBANK1  0001D7
___fldiv@bexp                                cstackBANK1  0001EE
___fldiv@grs                                 cstackBANK1  0001EA
___fldiv@new_exp                             cstackBANK1  0001E8
___fldiv@rem                                 cstackBANK1  0001E4
___fldiv@sign                                cstackBANK1  0001E3
___flge                                      text22       0044D4
___flge@ff1                                  cstackBANK1  0001A6
___flge@ff2                                  cstackBANK1  0001AA
___flmul                                     text30       002884
___flmul@a                                   cstackBANK1  0001AA
___flmul@aexp                                cstackBANK1  0001B3
___flmul@b                                   cstackBANK1  0001A6
___flmul@bexp                                cstackBANK1  0001B8
___flmul@grs                                 cstackBANK1  0001B4
___flmul@prod                                cstackBANK1  0001B9
___flmul@sign                                cstackBANK1  0001B2
___flmul@temp                                cstackBANK1  0001BD
___flneg                                     text21       0050A8
___flneg@f1                                  cstackBANK1  0001BF
___fltol                                     text29       004936
___fltol@exp1                                cstackBANK2  000259
___fltol@f1                                  cstackBANK1  0001F0
___fltol@sign1                               cstackBANK2  000258
___inthi_sp                                  stack        000000
___intlo_sp                                  stack        000000
___lwdiv                                     text28       004FD2
___lwdiv@counter                             cstackBANK1  00019C
___lwdiv@dividend                            cstackBANK1  000198
___lwdiv@divisor                             cstackBANK1  00019A
___lwdiv@quotient                            cstackBANK1  00019D
___param_bank                                (abs)        000000
___rparam_used                               (abs)        000001
___sp                                        stack        000000
___wmul                                      text46       0051AE
___wmul@multiplicand                         cstackCOMRAM 000003
___wmul@multiplier                           cstackCOMRAM 000001
___wmul@product                              cstackCOMRAM 000005
___xxtofl                                    text27       004230
___xxtofl@arg                                cstackBANK1  0001A2
___xxtofl@exp                                cstackBANK1  0001A1
___xxtofl@sign                               cstackBANK1  0001A0
___xxtofl@val                                cstackBANK1  000198
__accesstop                                  (abs)        000060
__activetblptr                               (abs)        000002
__end_of_Battery_ad_Read                     text59       004D70
__end_of_Comb_CCP_Read                       text26       004008
__end_of_Config_ADC                          text14       005130
__end_of_Config_CCP1                         text13       005324
__end_of_Config_Int_Ext0                     text12       005392
__end_of_Config_Timer0                       text11       0052C8
__end_of_Config_Timer1                       text10       00528E
__end_of_Config_Timer2                       text9        005308
__end_of_Config_Timer3                       text8        00524A
__end_of_Config_Timer5                       text7        005230
__end_of_Configure_HW                        text4        004F7C
__end_of_Get_Timer0                          text56       0051F4
__end_of_Get_Timer1                          text58       005214
__end_of_Ki_rpm                              mediumconst  00FFFB
__end_of_Kp_inj                              mediumconst  00FFFF
__end_of_Low_Isr                             intcodelo    000614
__end_of_MASTER_SPI_WRITE1                   text2        005316
__end_of_MASTER_SPI_WRITE2                   text25       005340
__end_of_Read_ADC                            text19       0050A8
__end_of_SPI_MASTER1                         text3        0052D8
__end_of_SPI_MASTER1_Chip                    text6        0052F8
__end_of_SPI_MASTER2                         text5        0052E8
__end_of_Set_Timer0                          text55       005378
__end_of_Set_Timer1                          text57       005382
__end_of_Set_Timer3                          text54       00536E
__end_of_Spi2_Write16                        text24       00527A
__end_of_Spi_Write16                         text1        005262
__end_of___awdiv                             text47       004CF4
__end_of___awmod                             text32       004DE2
__end_of___fladd                             text23       003264
__end_of___fldiv                             text31       003B1C
__end_of___flge                              text22       0045F6
__end_of___flmul                             text30       002BD6
__end_of___flneg                             text21       0050D8
__end_of___fltol                             text29       004A30
__end_of___lwdiv                             text28       005026
__end_of___wmul                              text46       0051D4
__end_of___xxtofl                            text27       004384
__end_of__initialization                     cinit        004BD2
__end_of_conta_dente                         text53       004FD2
__end_of_controle_Avn_marchaLenta            text48       003866
__end_of_controle_rpm                        text20       002438
__end_of_high_isr                            intcode_body 001D08
__end_of_ig_refGOL_Etanol                    mediumconst  00F48F
__end_of_ig_refGOL_Gasolina                  mediumconst  00FEDF
__end_of_ij_ref                              mediumconst  00FFE7
__end_of_main                                text0        004716
__end_of_map_ad_Read                         text45       004F1C
__end_of_pedal_ad_Read                       text18       004EB8
__end_of_t_agua_ad_Read                      text17       00515A
__end_of_t_ar_ad_Read                        text43       004C70
__end_ofcontrole_Avn_marchaLenta@Kd_ign      mediumconst  00FFF3
__end_ofcontrole_Avn_marchaLenta@Kp_ign      mediumconst  00FFF7
__end_ofcontrole_Avn_marchaLenta@Max_control mediumconst  00FFEF
__end_ofcontrole_Avn_marchaLenta@Min_control mediumconst  00FFEB
__end_ofi1_MASTER_SPI_WRITE1                 text16       005332
__end_ofi2_Comb_CCP_Read                     text39       004230
__end_ofi2_MASTER_SPI_WRITE1                 text36       00534C
__end_ofi2_MASTER_SPI_WRITE2                 text38       005358
__end_ofi2_Read_ADC                          text61       0051AE
__end_ofi2_Spi2_Write16                      text37       0052B6
__end_ofi2_Spi_Write16                       text35       0052A2
__end_ofi2___awmod                           text42       004E52
__end_ofi2___fladd                           text52       0035A2
__end_ofi2___fldiv                           text41       003DD0
__end_ofi2___flge                            text60       004836
__end_ofi2___flmul                           text51       002F26
__end_ofi2___flneg                           text50       005106
__end_ofi2___fltol                           text44       004B0E
__end_ofi2___lwdiv                           text40       005078
__end_ofi2___xxtofl                          text49       0044D4
__end_ofi2_t_agua_ad_Read                    text34       005184
__initialization                             cinit        004B0E
__mediumconst                                mediumconst  00EA3E
__pbssBANK0                                  bssBANK0     000098
__pbssBANK1                                  bssBANK1     000100
__pbssBANK2                                  bssBANK2     000200
__pcinit                                     cinit        004B0E
__pcstackBANK0                               cstackBANK0  000060
__pcstackBANK1                               cstackBANK1  000198
__pcstackBANK2                               cstackBANK2  000258
__pcstackCOMRAM                              cstackCOMRAM 000001
__pdataBANK0                                 dataBANK0    0000CF
__pdataBANK1                                 dataBANK1    0001F8
__pdataBANK2                                 dataBANK2    000285
__pdataBANK3                                 dataBANK3    000300
__pdataBIGRAM                                dataBIGRAM   000400
__pidataBANK0                                idataBANK0   005392
__pidataBANK1                                idataBANK1   005382
__pidataBANK2                                idataBANK2   005358
__pidataBANK3                                idataBANK3   004836
__pidataBIGRAM                               idataBIGRAM  002438
__pintcode                                   intcode      000008
__pintcode_body                              intcode_body 000618
__pintcodelo                                 intcodelo    000018
__pmediumconst                               mediumconst  00EA3E
__ptext0                                     text0        0045F6
__ptext1                                     text1        00524A
__ptext10                                    text10       00527A
__ptext11                                    text11       0052B6
__ptext12                                    text12       00538A
__ptext13                                    text13       005316
__ptext14                                    text14       005106
__ptext16                                    text16       005324
__ptext17                                    text17       005130
__ptext18                                    text18       004E52
__ptext19                                    text19       005078
__ptext2                                     text2        005308
__ptext20                                    text20       001D08
__ptext21                                    text21       0050A8
__ptext22                                    text22       0044D4
__ptext23                                    text23       002F26
__ptext24                                    text24       005262
__ptext25                                    text25       005332
__ptext26                                    text26       003DD0
__ptext27                                    text27       004230
__ptext28                                    text28       004FD2
__ptext29                                    text29       004936
__ptext3                                     text3        0052C8
__ptext30                                    text30       002884
__ptext31                                    text31       003866
__ptext32                                    text32       004D70
__ptext34                                    text34       00515A
__ptext35                                    text35       00528E
__ptext36                                    text36       005340
__ptext37                                    text37       0052A2
__ptext38                                    text38       00534C
__ptext39                                    text39       004008
__ptext4                                     text4        004F1C
__ptext40                                    text40       005026
__ptext41                                    text41       003B1C
__ptext42                                    text42       004DE2
__ptext43                                    text43       004BE0
__ptext44                                    text44       004A30
__ptext45                                    text45       004EB8
__ptext46                                    text46       0051AE
__ptext47                                    text47       004C70
__ptext48                                    text48       0035A2
__ptext49                                    text49       004384
__ptext5                                     text5        0052D8
__ptext50                                    text50       0050D8
__ptext51                                    text51       002BD6
__ptext52                                    text52       003264
__ptext53                                    text53       004F7C
__ptext54                                    text54       005364
__ptext55                                    text55       00536E
__ptext56                                    text56       0051D4
__ptext57                                    text57       005378
__ptext58                                    text58       0051F4
__ptext59                                    text59       004CF4
__ptext6                                     text6        0052E8
__ptext60                                    text60       004716
__ptext61                                    text61       005184
__ptext7                                     text7        005214
__ptext8                                     text8        005230
__ptext9                                     text9        0052F8
__ramtop                                     ramtop       001000
__size_of_Battery_ad_Read                    (abs)        000000
__size_of_Comb_CCP_Read                      (abs)        000000
__size_of_Config_ADC                         (abs)        000000
__size_of_Config_CCP1                        (abs)        000000
__size_of_Config_Int_Ext0                    (abs)        000000
__size_of_Config_Timer0                      (abs)        000000
__size_of_Config_Timer1                      (abs)        000000
__size_of_Config_Timer2                      (abs)        000000
__size_of_Config_Timer3                      (abs)        000000
__size_of_Config_Timer5                      (abs)        000000
__size_of_Configure_HW                       (abs)        000000
__size_of_Get_Timer0                         (abs)        000000
__size_of_Get_Timer1                         (abs)        000000
__size_of_Low_Isr                            (abs)        000000
__size_of_MASTER_SPI_WRITE1                  (abs)        000000
__size_of_MASTER_SPI_WRITE2                  (abs)        000000
__size_of_Read_ADC                           (abs)        000000
__size_of_SPI_MASTER1                        (abs)        000000
__size_of_SPI_MASTER1_Chip                   (abs)        000000
__size_of_SPI_MASTER2                        (abs)        000000
__size_of_Set_Timer0                         (abs)        000000
__size_of_Set_Timer1                         (abs)        000000
__size_of_Set_Timer3                         (abs)        000000
__size_of_Spi2_Write16                       (abs)        000000
__size_of_Spi_Write16                        (abs)        000000
__size_of___awdiv                            (abs)        000000
__size_of___awmod                            (abs)        000000
__size_of___fladd                            (abs)        000000
__size_of___fldiv                            (abs)        000000
__size_of___flge                             (abs)        000000
__size_of___flmul                            (abs)        000000
__size_of___flneg                            (abs)        000000
__size_of___fltol                            (abs)        000000
__size_of___lwdiv                            (abs)        000000
__size_of___wmul                             (abs)        000000
__size_of___xxtofl                           (abs)        000000
__size_of_conta_dente                        (abs)        000000
__size_of_controle_Avn_marchaLenta           (abs)        000000
__size_of_controle_rpm                       (abs)        000000
__size_of_high_isr                           (abs)        000000
__size_of_main                               (abs)        000000
__size_of_map_ad_Read                        (abs)        000000
__size_of_pedal_ad_Read                      (abs)        000000
__size_of_t_agua_ad_Read                     (abs)        000000
__size_of_t_ar_ad_Read                       (abs)        000000
__size_ofi1_MASTER_SPI_WRITE1                (abs)        000000
__size_ofi2_Comb_CCP_Read                    (abs)        000000
__size_ofi2_MASTER_SPI_WRITE1                (abs)        000000
__size_ofi2_MASTER_SPI_WRITE2                (abs)        000000
__size_ofi2_Read_ADC                         (abs)        000000
__size_ofi2_Spi2_Write16                     (abs)        000000
__size_ofi2_Spi_Write16                      (abs)        000000
__size_ofi2___awmod                          (abs)        000000
__size_ofi2___fladd                          (abs)        000000
__size_ofi2___fldiv                          (abs)        000000
__size_ofi2___flge                           (abs)        000000
__size_ofi2___flmul                          (abs)        000000
__size_ofi2___flneg                          (abs)        000000
__size_ofi2___fltol                          (abs)        000000
__size_ofi2___lwdiv                          (abs)        000000
__size_ofi2___xxtofl                         (abs)        000000
__size_ofi2_t_agua_ad_Read                   (abs)        000000
__smallconst                                 smallconst   000000
_a                                           bssBANK1     00018A
_address                                     bssBANK0     0000C1
_address_2                                   bssBANK0     0000C0
_b                                           bssBANK1     000188
_c                                           bssBANK1     000186
_conta_dente                                 text53       004F7C
_controle_Avn_marchaLenta                    text48       0035A2
_controle_rpm                                text20       001D08
_controle_rpm$2782                           cstackBANK2  00025D
_controle_rpm$2783                           cstackBANK2  000261
_d                                           bssBANK1     000184
_dente                                       bssBANK0     0000C2
_dm                                          bssBANK1     00015C
_e                                           bssBANK1     000182
_erro_rpm                                    bssBANK0     000098
_falha_ok                                    bssBANK1     00017A
_fator_corr_vbat                             bssBANK1     000130
_fator_inj                                   bssBANK1     00012C
_fator_inj_Aceleracao                        bssBANK1     000128
_high_isr                                    intcode      000008
_high_isr$2906                               cstackBANK0  000094
_high_isr$2907                               cstackBANK0  00008C
_high_isr$2908                               cstackBANK0  000090
_ig_14_temp                                  bssBANK0     00009C
_ig_14_temp_Etanol                           bssBANK2     000248
_ig_14_temp_Gasolina                         bssBANK1     000110
_ig_dente_14                                 bssBANK1     000176
_ig_dente_14_temp                            bssBANK0     0000AC
_ig_pos                                      bssBANK1     00017C
_ig_refGOL_Etanol                            mediumconst  00EA3F
_ig_refGOL_Gasolina                          mediumconst  00F48F
_ig_tmr_disparo                              bssBANK1     000174
_ig_tmr_disparo_temp                         bssBANK1     000124
_ij_14_extra                                 bssBANK1     00010C
_ij_14_temp                                  bssBANK0     0000A0
_ij_dente_14                                 bssBANK1     000172
_ij_dente_14_extra                           bssBANK1     000168
_ij_dente_14_temp                            bssBANK0     0000B8
_ij_ref                                      mediumconst  00FEDF
_ij_tmr_disparo                              bssBANK1     000170
_ij_tmr_disparo_temp                         bssBANK1     000120
_injecao_ok                                  bssBANK1     000191
_lambda                                      dataBANK1    0001FC
_m_ar                                        bssBANK1     000138
_m_comb                                      bssBANK1     000134
_main                                        text0        0045F6
_map                                         bssBANK0     0000B6
_map_ad_Read                                 text45       004EB8
_n                                           bssBANK0     0000AA
_n_e                                         bssBANK1     000160
_n_extra                                     bssBANK1     000180
_pedal_ad                                    bssBANK0     0000B2
_pedal_ad_Read                               text18       004E52
_periodo                                     bssBANK0     0000CB
_periodo_52                                  bssBANK1     000114
_pressao_ar                                  bssBANK0     0000C7
_ref_rpm                                     bssBANK0     0000C3
_ref_vb                                      bssBANK0     0000A8
_ref_vb_base                                 bssBANK2     000234
_ref_vb_max                                  bssBANK1     000104
_rotacao                                     bssBANK0     0000CD
_rotacao_mlenta                              bssBANK1     000196
_rotacao_temp                                bssBANK1     000118
_rotacao_temp_1                              bssBANK2     000244
_rs                                          bssBANK2     000250
_sensor_Comb_Flex                            bssBANK0     0000B0
_sensor_t_agua                               bssBANK1     000166
_sensor_t_ar                                 bssBANK1     000162
_soma_erro_rpm                               bssBANK1     000108
_t_agua                                      bssBANK0     0000B4
_t_agua_ad_Read                              text17       005130
_t_ar                                        bssBANK1     00013C
_t_ar_ad_Read                                text43       004BE0
_t_ar_com                                    bssBANK1     000164
_t_inj_extra                                 bssBANK1     00016A
_t_inj_lim                                   bssBANK1     000140
_t_inj_real                                  bssBANK1     000144
_t_periodo                                   bssBANK1     00014C
_t_periodo_ref                               bssBANK1     000148
_temp                                        bssBANK2     000230
_tempo_Inj_com                               bssBANK1     00015E
_tempo_bob                                   bssBANK1     00016E
_tempo_bob_temp                              bssBANK0     0000AE
_tempo_inj                                   bssBANK1     00016C
_tempo_inj_temp                              bssBANK0     0000A4
_tempo_inj_temp_1                            bssBANK1     00011C
_volta_spi                                   bssBANK1     000178
btemp                                        temp         00005F
controle_Avn_marchaLenta@Kd_ign              mediumconst  00FFEF
controle_Avn_marchaLenta@Kp_ign              mediumconst  00FFF3
controle_Avn_marchaLenta@Max_control         mediumconst  00FFEB
controle_Avn_marchaLenta@Min_control         mediumconst  00FFE7
controle_Avn_marchaLenta@_control            cstackBANK0  000074
controle_Avn_marchaLenta@control_D           cstackBANK0  00006C
controle_Avn_marchaLenta@control_P           cstackBANK0  000068
controle_Avn_marchaLenta@erro_rpm            cstackBANK0  000070
controle_Avn_marchaLenta@erro_rpm_ant        bssBANK2     00022C
controle_rpm@_control                        bssBANK2     000228
controle_rpm@ref_vb_temp                     bssBANK1     000100
end_of_initialization                        cinit        004BD2
i1MASTER_SPI_WRITE1@dados                    cstackBANK1  000198
i1_MASTER_SPI_WRITE1                         text16       005324
i2MASTER_SPI_WRITE1@dados                    cstackCOMRAM 000001
i2MASTER_SPI_WRITE2@dados                    cstackCOMRAM 000001
i2Read_ADC@channel                           cstackCOMRAM 000004
i2Spi2_Write16@data                          cstackCOMRAM 000002
i2Spi_Write16@data                           cstackCOMRAM 000002
i2_Comb_CCP_Read                             text39       004008
i2_Comb_CCP_Read$861                         cstackBANK0  000070
i2_MASTER_SPI_WRITE1                         text36       005340
i2_MASTER_SPI_WRITE2                         text38       00534C
i2_Read_ADC                                  text61       005184
i2_Spi2_Write16                              text37       0052A2
[...]
  __fladd         1    2[BANK0 ] unsigned char 
  __fladd         1    1[BANK0 ] unsigned char 
  __fladd         1    0[BANK0 ] unsigned char 
 Return value:  Size  Location     Type
                  4   78[COMRAM] unsigned char 
 Registers used:
		wreg, status,2, status,0
 Tracked objects:
		On entry : 
		On exit  : 
		Unchanged: 
 Data sizes:     COMRAM   BANK0   BANK1   BANK2   BANK3   BANK4   BANK5   BANK6   BANK7   BANK8   BANK9  BANK10  BANK11  BANK12  BANK13  BANK14  BANK15
      Params:         8       0       0       0       0       0       0       0       0       0       0       0       0       0       0       0       0
      Locals:         0       4       0       0       0       0       0       0       0       0       0       0       0       0       0       0       0
      Temps:          8       0       0       0       0       0       0       0       0       0       0       0       0       0       0       0       0
      Totals:        16       4       0       0       0       0       0       0       0       0       0       0       0       0       0       0       0
Total ram usage:       20 bytes
 Hardware stack levels used:    1
 This function calls:
		Nothing
 This function is called by:
		_high_isr
		_t_ar_ad_Read
		_controle_Avn_marchaLenta
 This function uses a non-reentrant model


 *************** function _conta_dente *****************
 Defined at:
		line 1232 in file "main.c"
 Parameters:    Size  Location     Type
		None
 Auto vars:     Size  Location     Type
		None
 Return value:  Size  Location     Type
                  1    wreg      void 
 Registers used:
		wreg, status,2, status,0, cstack
 Tracked objects:
		On entry : 
		On exit  : 
		Unchanged: 
 Data sizes:     COMRAM   BANK0   BANK1   BANK2   BANK3   BANK4   BANK5   BANK6   BANK7   BANK8   BANK9  BANK10  BANK11  BANK12  BANK13  BANK14  BANK15
      Params:         0       0       0       0       0       0       0       0       0       0       0       0       0       0       0       0       0
      Locals:         0       0       0       0       0       0       0       0       0       0       0       0       0       0       0       0       0
      Temps:          0       0       0       0       0       0       0       0       0       0       0       0       0       0       0       0       0
      Totals:         0       0       0       0       0       0       0       0       0       0       0       0       0       0       0       0       0
Total ram usage:        0 bytes
 Hardware stack levels used:    1
 Hardware stack levels required when called:    1
 This function calls:
		_Get_Timer0
		_Set_Timer0
		_Set_Timer3
 This function is called by:
		_high_isr
 This function uses a non-reentrant model


 *************** function _Set_Timer3 *****************
 Defined at:
		line 73 in file "TIMERS_XC8.c"
 Parameters:    Size  Location     Type
  data_timer      2    0[COMRAM] unsigned int 
 Auto vars:     Size  Location     Type
		None
 Return value:  Size  Location     Type
                  1    wreg      void 
 Registers used:
		wreg, status,2
 Tracked objects:
		On entry : 
		On exit  : 
		Unchanged: 
 Data sizes:     COMRAM   BANK0   BANK1   BANK2   BANK3   BANK4   BANK5   BANK6   BANK7   BANK8   BANK9  BANK10  BANK11  BANK12  BANK13  BANK14  BANK15
      Params:         2       0       0       0       0       0       0       0       0       0       0       0       0       0       0       0       0
      Locals:         0       0       0       0       0       0       0       0       0       0       0       0       0       0       0       0       0
      Temps:          0       0       0       0       0       0       0       0       0       0       0       0       0       0       0       0       0
      Totals:         2       0       0       0       0       0       0       0       0       0       0       0       0       0       0       0       0
Total ram usage:        2 bytes
 Hardware stack levels used:    1
 This function calls:
		Nothing
 This function is called by:
		_conta_dente
 This function uses a non-reentrant model


 *************** function _Set_Timer0 *****************
 Defined at:
		line 290 in file "TIMERS_XC8.c"
 Parameters:    Size  Location     Type
  data_timer      2    0[COMRAM] unsigned int 
 Auto vars:     Size  Location     Type
		None
 Return value:  Size  Location     Type
                  1    wreg      void 
 Registers used:
		wreg, status,2
 Tracked objects:
		On entry : 
		On exit  : 
		Unchanged: 
 Data sizes:     COMRAM   BANK0   BANK1   BANK2   BANK3   BANK4   BANK5   BANK6   BANK7   BANK8   BANK9  BANK10  BANK11  BANK12  BANK13  BANK14  BANK15
      Params:         2       0       0       0       0       0       0       0       0       0       0       0       0       0       0       0       0
      Locals:         0       0       0       0       0       0       0       0       0       0       0       0       0       0       0       0       0
      Temps:          0       0       0       0       0       0       0       0       0       0       0       0       0       0       0       0       0
      Totals:         2       0       0       0       0       0       0       0       0       0       0       0       0       0       0       0       0
Total ram usage:        2 bytes
 Hardware stack levels used:    1
 This function calls:
		Nothing
 This function is called by:
		_conta_dente
 This function uses a non-reentrant model


 *************** function _Get_Timer0 *****************
 Defined at:
		line 296 in file "TIMERS_XC8.c"
 Parameters:    Size  Location     Type
		None
 Auto vars:     Size  Location     Type
  Data            2    4[COMRAM] unsigned int 
 Return value:  Size  Location     Type
                  2    0[COMRAM] unsigned int 
 Registers used:
		wreg, status,2, status,0
 Tracked objects:
		On entry : 
		On exit  : 
		Unchanged: 
 Data sizes:     COMRAM   BANK0   BANK1   BANK2   BANK3   BANK4   BANK5   BANK6   BANK7   BANK8   BANK9  BANK10  BANK11  BANK12  BANK13  BANK14  BANK15
      Params:         2       0       0       0       0       0       0       0       0       0       0       0       0       0       0       0       0
      Locals:         2       0       0       0       0       0       0       0       0       0       0       0       0       0       0       0       0
      Temps:          2       0       0       0       0       0       0       0       0       0       0       0       0       0       0       0       0
      Totals:         6       0       0       0       0       0       0       0       0       0       0       0       0       0       0       0       0
Total ram usage:        6 bytes
 Hardware stack levels used:    1
 This function calls:
		Nothing
 This function is called by:
		_conta_dente
 This function uses a non-reentrant model


 *************** function _Set_Timer1 *****************
 Defined at:
		line 37 in file "TIMERS_XC8.c"
 Parameters:    Size  Location     Type
  data_timer      2    0[COMRAM] unsigned int 
 Auto vars:     Size  Location     Type
		None
 Return value:  Size  Location     Type
                  1    wreg      void 
 Registers used:
		wreg, status,2
 Tracked objects:
		On entry : 
		On exit  : 
		Unchanged: 
 Data sizes:     COMRAM   BANK0   BANK1   BANK2   BANK3   BANK4   BANK5   BANK6   BANK7   BANK8   BANK9  BANK10  BANK11  BANK12  BANK13  BANK14  BANK15
      Params:         2       0       0       0       0       0       0       0       0       0       0       0       0       0       0       0       0
      Locals:         0       0       0       0       0       0       0       0       0       0       0       0       0       0       0       0       0
      Temps:          0       0       0       0       0       0       0       0       0       0       0       0       0       0       0       0       0
      Totals:         2       0       0       0       0       0       0       0       0       0       0       0       0       0       0       0       0
Total ram usage:        2 bytes
 Hardware stack levels used:    1
 This function calls:
		Nothing
 This function is called by:
		_high_isr
 This function uses a non-reentrant model


 *************** function _Get_Timer1 *****************
 Defined at:
		line 43 in file "TIMERS_XC8.c"
 Parameters:    Size  Location     Type
		None
 Auto vars:     Size  Location     Type
  Data            2    4[COMRAM] unsigned int 
 Return value:  Size  Location     Type
                  2    0[COMRAM] unsigned int 
 Registers used:
		wreg, status,2, status,0
 Tracked objects:
		On entry : 
		On exit  : 
		Unchanged: 
 Data sizes:     COMRAM   BANK0   BANK1   BANK2   BANK3   BANK4   BANK5   BANK6   BANK7   BANK8   BANK9  BANK10  BANK11  BANK12  BANK13  BANK14  BANK15
      Params:         2       0       0       0       0       0       0       0       0       0       0       0       0       0       0       0       0
      Locals:         2       0       0       0       0       0       0       0       0       0       0       0       0       0       0       0       0
      Temps:          2       0       0       0       0       0       0       0       0       0       0       0       0       0       0       0       0
      Totals:         6       0       0       0       0       0       0       0       0       0       0       0       0       0       0       0       0
Total ram usage:        6 bytes
 Hardware stack levels used:    1
 This function calls:
		Nothing
 This function is called by:
		_high_isr
 This function uses a non-reentrant model


 *************** function _Battery_ad_Read *****************
 Defined at:
		line 1300 in file "main.c"
 Parameters:    Size  Location     Type
		None
 Auto vars:     Size  Location     Type
		None
 Return value:  Size  Location     Type
                  1    wreg      void 
 Registers used:
		wreg, fsr2l, fsr2h, status,2, status,0, prodl, prodh, cstack
 Tracked objects:
		On entry : 
		On exit  : 
		Unchanged: 
 Data sizes:     COMRAM   BANK0   BANK1   BANK2   BANK3   BANK4   BANK5   BANK6   BANK7   BANK8   BANK9  BANK10  BANK11  BANK12  BANK13  BANK14  BANK15
      Params:         0       0       0       0       0       0       0       0       0       0       0       0       0       0       0       0       0
      Locals:         0       0       0       0       0       0       0       0       0       0       0       0       0       0       0       0       0
      Temps:          0       0       0       0       0       0       0       0       0       0       0       0       0       0       0       0       0
      Totals:         0       0       0       0       0       0       0       0       0       0       0       0       0       0       0       0       0
Total ram usage:        0 bytes
 Hardware stack levels used:    1
 Hardware stack levels required when called:    1
 This function calls:
		i2_Read_ADC
		i2___flge
 This function is called by:
		_high_isr
 This function uses a non-reentrant model


 *************** function i2___flge *****************
 Defined at:
		line 4 in file "C:\Program Files (x86)\Microchip\xc8\v1.45\sources\common\flge.c"
 Parameters:    Size  Location     Type
  ff1             4   28[COMRAM] void 
  ff2             4   32[COMRAM] void 
 Auto vars:     Size  Location     Type
		None
 Return value:  Size  Location     Type
		None               void
 Registers used:
		wreg, status,2, status,0
 Tracked objects:
		On entry : 
		On exit  : 
		Unchanged: 
 Data sizes:     COMRAM   BANK0   BANK1   BANK2   BANK3   BANK4   BANK5   BANK6   BANK7   BANK8   BANK9  BANK10  BANK11  BANK12  BANK13  BANK14  BANK15
      Params:         8       0       0       0       0       0       0       0       0       0       0       0       0       0       0       0       0
      Locals:         0       0       0       0       0       0       0       0       0       0       0       0       0       0       0       0       0
      Temps:          4       0       0       0       0       0       0       0       0       0       0       0       0       0       0       0       0
      Totals:        12       0       0       0       0       0       0       0       0       0       0       0       0       0       0       0       0
Total ram usage:       12 bytes
 Hardware stack levels used:    1
 This function calls:
		Nothing
 This function is called by:
		_high_isr
		_Battery_ad_Read
		_controle_Avn_marchaLenta
 This function uses a non-reentrant model


 *************** function i2_Read_ADC *****************
 Defined at:
		line 57 in file "ADC_K22.c"
 Parameters:    Size  Location     Type
  channel         1    wreg     unsigned char 
 Auto vars:     Size  Location     Type
  channel         1    3[COMRAM] unsigned char 
 Return value:  Size  Location     Type
                  2    0[COMRAM] unsigned int 
 Registers used:
		wreg, status,2, status,0
 Tracked objects:
		On entry : 
		On exit  : 
		Unchanged: 
 Data sizes:     COMRAM   BANK0   BANK1   BANK2   BANK3   BANK4   BANK5   BANK6   BANK7   BANK8   BANK9  BANK10  BANK11  BANK12  BANK13  BANK14  BANK15
      Params:         2       0       0       0       0       0       0       0       0       0       0       0       0       0       0       0       0
      Locals:         1       0       0       0       0       0       0       0       0       0       0       0       0       0       0       0       0
      Temps:          1       0       0       0       0       0       0       0       0       0       0       0       0       0       0       0       0
      Totals:         4       0       0       0       0       0       0       0       0       0       0       0       0       0       0       0       0
Total ram usage:        4 bytes
 Hardware stack levels used:    1
 This function calls:
		Nothing
 This function is called by:
		_map_ad_Read
		_t_ar_ad_Read
		_Battery_ad_Read
		i2_t_agua_ad_Read
 This function uses a non-reentrant model



MODULE INFORMATION

Module		Function		Class		Link	Load	Size
C:\Program Files (x86)\Microchip\xc8\v1.45\sources\common\sprcdiv.c
		___fldiv       		CODE           	3866	0000	695

C:\Program Files (x86)\Microchip\xc8\v1.45\sources\common\sprcdiv.c estimated size: 695

SPI_XC8.c
		_SPI_MASTER1   		CODE           	52C8	0000	17
		_SPI_MASTER2   		CODE           	52D8	0000	17
		_MASTER_SPI_WRITE1		CODE           	5308	0000	15
		_MASTER_SPI_WRITE2		CODE           	5332	0000	15

SPI_XC8.c estimated size: 64

EXT_INT.c
		_Config_Int_Ext0		CODE           	538A	0000	9

EXT_INT.c estimated size: 9

C:\Program Files (x86)\Microchip\xc8\v1.45\sources\common\flge.c
		___flge        		CODE           	44D4	0000	291

C:\Program Files (x86)\Microchip\xc8\v1.45\sources\common\flge.c estimated size: 291

C:\Program Files (x86)\Microchip\xc8\v1.45\sources\common\Umul16.c
		___wmul        		CODE           	51AE	0000	39

C:\Program Files (x86)\Microchip\xc8\v1.45\sources\common\Umul16.c estimated size: 39

ADC_K22.c
		_Read_ADC      		CODE           	5078	0000	49
		_Config_ADC    		CODE           	5106	0000	43

ADC_K22.c estimated size: 92

C:\Program Files (x86)\Microchip\xc8\v1.45\sources\common\sprcadd.c
		___fladd       		CODE           	2F26	0000	831

C:\Program Files (x86)\Microchip\xc8\v1.45\sources\common\sprcadd.c estimated size: 831

TIMERS_XC8.c
		_Config_CCP1   		CODE           	5316	0000	15
		_Config_Timer0 		CODE           	52B6	0000	19
		_Config_Timer1 		CODE           	527A	0000	21
		_Config_Timer2 		CODE           	52F8	0000	17
		_Config_Timer3 		CODE           	5230	0000	27
		_Config_Timer5 		CODE           	5214	0000	29
		_Get_Timer0    		CODE           	51D4	0000	33
		_Get_Timer1    		CODE           	51F4	0000	33
		_Set_Timer0    		CODE           	536E	0000	11
		_Set_Timer1    		CODE           	5378	0000	11
		_Set_Timer3    		CODE           	5364	0000	11

TIMERS_XC8.c estimated size: 227

C:\Program Files (x86)\Microchip\xc8\v1.45\sources\common\awmod.c
		___awmod       		CODE           	4D70	0000	115

C:\Program Files (x86)\Microchip\xc8\v1.45\sources\common\awmod.c estimated size: 115

C:\Program Files (x86)\Microchip\xc8\v1.45\sources\common\fltol.c
		___fltol       		CODE           	4936	0000	251

C:\Program Files (x86)\Microchip\xc8\v1.45\sources\common\fltol.c estimated size: 251

shared
		_ig_refGOL_Gasolina		MEDIUMCONST    	F48F	0000	2641
		controle_Avn_marchaLenta@Kd_ign		MEDIUMCONST    	FFEF	0000	5
		controle_Avn_marchaLenta@Kp_ign		MEDIUMCONST    	FFF3	0000	5
		i2___lwdiv     		CODE           	5026	0000	83
		i2___flneg     		CODE           	50D8	0000	47
		i2_Read_ADC    		CODE           	5184	0000	43
		i2___fladd     		CODE           	3264	0000	831
		controle_Avn_marchaLenta@Min_control		MEDIUMCONST    	FFE7	0000	5
		controle_Avn_marchaLenta@Max_control		MEDIUMCONST    	FFEB	0000	5
		i2___fldiv     		CODE           	3B1C	0000	693
		i2___fltol     		CODE           	4A30	0000	223
		i2_Comb_CCP_Read		CODE           	4008	0000	553
		__initialization		CODE           	4B0E	0000	197
		i2___flge      		CODE           	4716	0000	289
		i2_t_agua_ad_Read		CODE           	515A	0000	43
		i1_MASTER_SPI_WRITE1		CODE           	5324	0000	15
		i2___awmod     		CODE           	4DE2	0000	113
		i2_MASTER_SPI_WRITE1		CODE           	5340	0000	13
		i2_Spi_Write16 		CODE           	528E	0000	21
		i2_MASTER_SPI_WRITE2		CODE           	534C	0000	13
		i2___flmul     		CODE           	2BD6	0000	849
		i2_Spi2_Write16		CODE           	52A2	0000	21
		i2___xxtofl    		CODE           	4384	0000	337
		_ig_refGOL_Etanol		MEDIUMCONST    	EA3F	0000	2641
		_Ki_rpm        		MEDIUMCONST    	FFF7	0000	5
		_Kp_inj        		MEDIUMCONST    	FFFB	0000	5
		_ij_ref        		MEDIUMCONST    	FEDF	0000	265

shared estimated size: 9961

C:\Program Files (x86)\Microchip\xc8\v1.45\sources\common\lwdiv.c
		___lwdiv       		CODE           	4FD2	0000	85

C:\Program Files (x86)\Microchip\xc8\v1.45\sources\common\lwdiv.c estimated size: 85

C:\Program Files (x86)\Microchip\xc8\v1.45\sources\common\awdiv.c
		___awdiv       		CODE           	4C70	0000	133

C:\Program Files (x86)\Microchip\xc8\v1.45\sources\common\awdiv.c estimated size: 133

C:\Program Files (x86)\Microchip\xc8\v1.45\sources\common\xxtofl.c
		___xxtofl      		CODE           	4230	0000	341

C:\Program Files (x86)\Microchip\xc8\v1.45\sources\common\xxtofl.c estimated size: 341

C:\Program Files (x86)\Microchip\xc8\v1.45\sources\common\flneg.c
		___flneg       		CODE           	50A8	0000	49

C:\Program Files (x86)\Microchip\xc8\v1.45\sources\common\flneg.c estimated size: 49

main.c
		_Low_Isr       		CODE           	0018	0000	1533
		_Battery_ad_Read		CODE           	4CF4	0000	125
		_pedal_ad_Read 		CODE           	4E52	0000	103
		_main          		CODE           	45F6	0000	289
		_controle_rpm  		CODE           	1D08	0000	1841
		_high_isr      		CODE           	0008	0000	5879
		_conta_dente   		CODE           	4F7C	0000	87
		_Spi_Write16   		CODE           	524A	0000	25
		_controle_Avn_marchaLenta		CODE           	35A2	0000	709
		_t_agua_ad_Read		CODE           	5130	0000	43
		_Configure_HW  		CODE           	4F1C	0000	97
		_map_ad_Read   		CODE           	4EB8	0000	101
		_SPI_MASTER1_Chip		CODE           	52E8	0000	17
		_Comb_CCP_Read 		CODE           	3DD0	0000	569
		_t_ar_ad_Read  		CODE           	4BE0	0000	145
		_Spi2_Write16  		CODE           	5262	0000	25

main.c estimated size: 11588

C:\Program Files (x86)\Microchip\xc8\v1.45\sources\common\sprcmul.c
		___flmul       		CODE           	2884	0000	851

C:\Program Files (x86)\Microchip\xc8\v1.45\sources\common\sprcmul.c estimated size: 851

