Microchip MPLAB XC8 Compiler V1.45 ()

Linker command line:

-W-3 --edf=C:\Program Files (x86)\Microchip\xc8\v1.45\dat\en_msgs.txt -cs \
  -h+dist/default/production\Admiss_o_46K22.X.production.sym \
  --cmf=dist/default/production\Admiss_o_46K22.X.production.cmf -z \
  -Q18F46K22 -oC:\Users\asus\AppData\Local\Temp\s8f8.2 \
  -Mdist/default/production/Admiss_o_46K22.X.production.map -E1 -ver=XC8 \
  --acfsm=1493 -ASTACK=0134h-0f37h -pstack=STACK -ACODE=00h-0FFFFh \
  -ACONST=00h-0FFFFh -ASMALLCONST=01000h-010FFhx240 \
  -AMEDIUMCONST=01000h-0FFFFh -ACOMRAM=01h-05Fh -AABS1=00h-0F37h \
  -ABIGRAM=01h-0F37h -ARAM=060h-0FFh,0100h-01FFhx14,0F00h-0F37h \
  -ABANK0=060h-0FFh -ABANK1=0100h-01FFh -ABANK2=0200h-02FFh \
  -ABANK3=0300h-03FFh -ABANK4=0400h-04FFh -ABANK5=0500h-05FFh \
  -ABANK6=0600h-06FFh -ABANK7=0700h-07FFh -ABANK8=0800h-08FFh \
  -ABANK9=0900h-09FFh -ABANK10=0A00h-0AFFh -ABANK11=0B00h-0BFFh \
  -ABANK12=0C00h-0CFFh -ABANK13=0D00h-0DFFh -ABANK14=0E00h-0EFFh \
  -ABANK15=0F00h-0F37h -ASFR=0F38h-0F5Fh,0F60h-0FFFh \
  -preset_vec=00h,intcode=08h,intcodelo,powerup,init -pramtop=01000h \
  -psmallconst=SMALLCONST -pmediumconst=MEDIUMCONST -pconst=CONST \
  -AFARRAM=00h-00h -ACONFIG=0300000h-030000Dh -pconfig=CONFIG \
  -AIDLOC=0200000h-0200007h -pidloc=IDLOC -AEEDATA=0F00000h-0F003FFh \
  -peeprom_data=EEDATA \
  -prdata=COMRAM,nvrram=COMRAM,nvbit=COMRAM,rbss=COMRAM,rbit=COMRAM \
  -pfarbss=FARRAM,fardata=FARRAM,nvFARRAM=FARRAM \
  -pintsave_regs=BIGRAM,bigbss=BIGRAM,bigdata=BIGRAM -pbss=RAM \
  -pidata=CODE,irdata=CODE,ibigdata=CODE,ifardata=CODE -prparam=COMRAM \
  C:\Users\asus\AppData\Local\Temp\s8f8.obj \
  dist/default/production\Admiss_o_46K22.X.production.obj 

Object code version is 3.11

Machine type is 18F46K22

Call graph: (short form)




                Name                               Link     Load   Length Selector   Space Scale
C:\Users\asus\AppData\Local\Temp\s8f8.obj
                init                                1F2      1F2        4        4       0
                reset_vec                             0        0        4        0       0
                idloc                            200000   200000        8   200000       0
                config                           300000   300000        E   300000       0
dist/default/production\Admiss_o_46K22.X.production.obj
                intcode                               8        8      1EA        4       0
                temp                                 5E       5E        1        1       1
                smallconst                         1000     1000        A      800       0
                text23                             2E52     2E52        A      805       0
                text22                             206A     206A      2B4      805       0
                text21                             1726     1726      350      805       0
                text20                             28B6     28B6      150      805       0
                text18                             2E30     2E30       12      805       0
                text17                             2E42     2E42       10      805       0
                text16                             2DEC     2DEC       20      805       0
                text15                             2DCC     2DCC       20      805       0
                text14                             2E1E     2E1E       12      805       0
                text13                             2C7C     2C7C       5E      805       0
                text12                             1A76     1A76      33E      805       0
                text11                             2A06     2A06      122      805       0
                text10                             13D4     13D4      352      805       0
                text9                              2D9C     2D9C       30      805       0
                text8                              231E     231E      230      805       0
                text7                              254E     254E      214      805       0
                text6                              2D6A     2D6A       32      805       0
                text5                              2D2E     2D2E       3C      805       0
                text4                              1DB4     1DB4      2B6      805       0
                text3                              2B28     2B28       DE      805       0
                text2                              2CDA     2CDA       54      805       0
                text1                              2762     2762      154      805       0
                text0                              100A     100A      3CA      805       0
                cstackCOMRAM                          1        1       56        1       1
                cstackBANK0                          60       60       48       60       1
                dataBANK1                           12C      12C        8      100       1
                bssBANK1                            100      100       2C      100       1
                dataBANK0                            EC       EC       12       60       1
                bssBANK0                             A8       A8       44       60       1
                bssCOMRAM                            57       57        7        1       1
                cinit                              2C06     2C06       76      805       0
                idataBANK1                         2E5C     2E5C        8      805       0
                idataBANK0                         2E0C     2E0C       12      805       0

TOTAL           Name                               Link     Load   Length     Space
        CLASS   STACK          

        CLASS   CODE           
                intcode                               8        8      1EA         0
                init                                1F2      1F2        4         0
                reset_vec                             0        0        4         0
                text23                             2E52     2E52        A         0
                text22                             206A     206A      2B4         0
                text21                             1726     1726      350         0
                text20                             28B6     28B6      150         0
                text18                             2E30     2E30       12         0
                text17                             2E42     2E42       10         0
                text16                             2DEC     2DEC       20         0
                text15                             2DCC     2DCC       20         0
                text14                             2E1E     2E1E       12         0
                text13                             2C7C     2C7C       5E         0
                text12                             1A76     1A76      33E         0
                text11                             2A06     2A06      122         0
                text10                             13D4     13D4      352         0
                text9                              2D9C     2D9C       30         0
                text8                              231E     231E      230         0
                text7                              254E     254E      214         0
                text6                              2D6A     2D6A       32         0
                text5                              2D2E     2D2E       3C         0
                text4                              1DB4     1DB4      2B6         0
                text3                              2B28     2B28       DE         0
                text2                              2CDA     2CDA       54         0
                text1                              2762     2762      154         0
                text0                              100A     100A      3CA         0
                cinit                              2C06     2C06       76         0
                idataBANK1                         2E5C     2E5C        8         0
                idataBANK0                         2E0C     2E0C       12         0

        CLASS   CONST          

        CLASS   SMALLCONST     
                smallconst                         1000     1000        A         0

        CLASS   MEDIUMCONST    

        CLASS   COMRAM         
                temp                                 5E       5E        1         1
                cstackCOMRAM                          1        1       56         1
                bssCOMRAM                            57       57        7         1

        CLASS   ABS1           

        CLASS   BIGRAM         

        CLASS   RAM            

        CLASS   BANK0          
                cstackBANK0                          60       60       48         1
                dataBANK0                            EC       EC       12         1
                bssBANK0                             A8       A8       44         1

        CLASS   BANK1          
                dataBANK1                           12C      12C        8         1
                bssBANK1                            100      100       2C         1

        CLASS   BANK2          

        CLASS   BANK3          

        CLASS   BANK4          

        CLASS   BANK5          

        CLASS   BANK6          

        CLASS   BANK7          

        CLASS   BANK8          

        CLASS   BANK9          

        CLASS   BANK10         

        CLASS   BANK11         

        CLASS   BANK12         

        CLASS   BANK13         

        CLASS   BANK14         

        CLASS   BANK15         

        CLASS   SFR            

        CLASS   FARRAM         

        CLASS   CONFIG         
                config                           300000   300000        E         0

        CLASS   IDLOC          
                idloc                            200000   200000        8         0

        CLASS   EEDATA         



SEGMENTS        Name                           Load    Length   Top    Selector   Space  Class

                reset_vec                      000000  000004  000004         0       0  CODE    
                cstackCOMRAM                   000001  00005E  00005F         1       1  COMRAM  
                intcode                        000008  0001EE  0001F6         4       0  CODE    
                cstackBANK0                    000060  00009E  0000FE        60       1  BANK0   
                bssBANK1                       000100  000034  000134       100       1  BANK1   
                smallconst                     001000  00000A  00100A       800       0  SMALLCON
                text0                          00100A  001E5A  002E64       805       0  CODE    
                idloc                          200000  000008  200008    200000       0  IDLOC   
                config                         300000  00000E  30000E    300000       0  CONFIG  


UNUSED ADDRESS RANGES

        Name                Unused          Largest block    Delta
        BANK0            0000FE-0000FF                2
        BANK1            000134-0001FF               CC
        BANK10           000A00-000AFF              100
        BANK11           000B00-000BFF              100
        BANK12           000C00-000CFF              100
        BANK13           000D00-000DFF              100
        BANK14           000E00-000EFF              100
        BANK15           000F00-000F37               38
        BANK2            000200-0002FF              100
        BANK3            000300-0003FF              100
        BANK4            000400-0004FF              100
        BANK5            000500-0005FF              100
        BANK6            000600-0006FF              100
        BANK7            000700-0007FF              100
        BANK8            000800-0008FF              100
        BANK9            000900-0009FF              100
        BIGRAM           00005F-00005F                1
                         0000FE-0000FF                2
                         000134-000F37              E04
        CODE             000004-000007                4
                         0001F6-000FFF              E0A
                         002E64-00FFFF             D19C
        COMRAM           00005F-00005F                1
        CONST            000004-000007                4
                         0001F6-000FFF              E0A
                         002E64-00FFFF             D19C
        EEDATA           F00000-F003FF              400
        MEDIUMCONST      002E64-00FFFF             D19C
        RAM              0000FE-0000FF                2
                         000134-000F37              100
        SFR              000F38-000FFF               28
        SMALLCONST       002E64-00FFFF              100
        STACK            000134-000F37              E04

                                  Symbol Table

?___fladd                cstackBANK0  00008B
?___fldiv                cstackBANK0  000087
?___flmul                cstackBANK0  00006E
?___flneg                cstackBANK0  000087
?___fltol                cstackBANK0  000087
?___lwdiv                cstackBANK0  000060
?___xxtofl               cstackBANK0  000060
?i2___fldiv              cstackCOMRAM 000028
?i2___flmul              cstackCOMRAM 00000F
?i2___xxtofl             cstackCOMRAM 000001
Set_PWM2_Duty@dutyValue  cstackBANK0  000060
Set_PWM3_Duty@dutyValue  cstackBANK0  000060
Set_Timer0@data_timer    cstackCOMRAM 000001
_ADCON0                  (abs)        000FC2
_ADCON0bits              (abs)        000FC2
_ADCON1                  (abs)        000FC1
_ADCON1bits              (abs)        000FC1
_ADCON2                  (abs)        000FC0
_ADCON2bits              (abs)        000FC0
_ADRESH                  (abs)        000FC4
_ADRESL                  (abs)        000FC3
_AN1                     (abs)        007C01
_ANSELA                  (abs)        000F38
_ANSELB                  (abs)        000F39
_ANSELC                  (abs)        000F3A
_ANSELD                  (abs)        000F3B
_ANSELE                  (abs)        000F3C
_Angle                   dataBANK0    0000EC
_CCP1CON                 (abs)        000FBD
_CCP2CON                 (abs)        000F66
_CCP3CON                 (abs)        000F5D
_CCP4CON                 (abs)        000F57
_CCP5CON                 (abs)        000F54
_CCPR1H                  (abs)        000FBF
_CCPR1L                  (abs)        000FBE
_CCPR2H                  (abs)        000F68
_CCPR2L                  (abs)        000F67
_CCPR3H                  (abs)        000F5F
_CCPR3L                  (abs)        000F5E
_CCPR4L                  (abs)        000F58
_CCPR5H                  (abs)        000F56
_CCPR5L                  (abs)        000F55
_CCPTMRS0bits            (abs)        000F49
_CCPTMRS1bits            (abs)        000F48
_Config_Timer0           text18       002E30
_Config_Timer2           text17       002E42
_Configure_HW            text13       002C7C
_Configure_PWM2          text16       002DEC
_Configure_PWM3          text15       002DCC
_Control_down            text8        00231E
_Control_down$2670       cstackBANK0  00009F
_Control_up              text7        00254E
_Control_up$2669         cstackBANK0  0000A0
_Dif_vb                  bssBANK0     0000D2
_ECCP1ASbits             (abs)        000FB6
_ECCP2ASbits             (abs)        000F64
_ECCP3ASbits             (abs)        000F5B
_EnableControl           bssBANK0     0000E5
_Erro1                   bssBANK0     0000B0
_Erro2                   bssBANK0     0000E6
_INTCON2bits             (abs)        000FF1
_INTCONbits              (abs)        000FF2
_Ki_vb                   smallconst   001001
_Kp                      dataBANK0    0000F4
_Kp2                     dataBANK0    0000F8
_Kp_vb                   smallconst   001005
_LATAbits                (abs)        000F89
_LATBbits                (abs)        000F8A
_LATCbits                (abs)        000F8B
_LATDbits                (abs)        000F8C
_Out1                    bssBANK0     0000AC
_Out2                    bssBANK0     0000A8
_PIE1bits                (abs)        000F9D
_PIR1bits                (abs)        000F9E
_PORTBbits               (abs)        000F81
_PR2                     (abs)        000FBB
_SPI_SLAVE1              text14       002E1E
_SSP1BUF                 (abs)        000FC9
_SSP1CON1                (abs)        000FC6
_SSP1IP                  (abs)        007CFB
_SSP1STAT                (abs)        000FC7
_SSP1STATbits            (abs)        000FC7
_SSP2BUF                 (abs)        000F6F
_SSP2CON1                (abs)        000F6C
_SSP2IP                  (abs)        007D2F
_SSP2STAT                (abs)        000F6D
_SSP2STATbits            (abs)        000F6D
_SetPoint                dataBANK0    0000F0
_Set_PWM2_Duty           text6        002D6A
_Set_PWM3_Duty           text5        002D2E
_Set_Timer0              text23       002E52
_T0CONbits               (abs)        000FD5
_T1CONbits               (abs)        000FCD
_T2CONbits               (abs)        000FBA
_T3CONbits               (abs)        000FB1
_T4CONbits               (abs)        000F51
_T5CONbits               (abs)        000F4E
_T6CONbits               (abs)        000F4A
_TMR0H                   (abs)        000FD7
_TMR0L                   (abs)        000FD6
_TMR1H                   (abs)        000FCF
_TMR1IE                  (abs)        007CE8
_TMR1L                   (abs)        000FCE
_TMR2                    (abs)        000FBC
_TMR3H                   (abs)        000FB3
_TMR3IE                  (abs)        007D01
_TMR3L                   (abs)        000FB2
_TMR4                    (abs)        000F53
_TMR5H                   (abs)        000F50
_TMR5IE                  (abs)        007BE9
_TMR5L                   (abs)        000F4F
_TMR6                    (abs)        000F4C
_TRISA                   (abs)        000F92
_TRISA5                  (abs)        007C95
_TRISB                   (abs)        000F93
_TRISB0                  (abs)        007C98
_TRISB1                  (abs)        007C99
_TRISB2                  (abs)        007C9A
_TRISC                   (abs)        000F94
_TRISC3                  (abs)        007CA3
_TRISC4                  (abs)        007CA4
_TRISC5                  (abs)        007CA5
_TRISD                   (abs)        000F95
_TRISD0                  (abs)        007CA8
_TRISD1                  (abs)        007CA9
_TRISD3                  (abs)        007CAB
_TRISD4                  (abs)        007CAC
_TRISE                   (abs)        000F96
_ValorTotal              bssCOMRAM    00005C
__CFG_CCP2MX$PORTB3      (abs)        000000
__CFG_CP0$OFF            (abs)        000000
__CFG_CP1$OFF            (abs)        000000
__CFG_CPB$OFF            (abs)        000000
__CFG_CPD$OFF            (abs)        000000
__CFG_EBTR0$OFF          (abs)        000000
__CFG_EBTR1$OFF          (abs)        000000
__CFG_EBTRB$OFF          (abs)        000000
__CFG_FCMEN$OFF          (abs)        000000
__CFG_FOSC$HSHP          (abs)        000000
__CFG_IESO$OFF           (abs)        000000
__CFG_LVP$OFF            (abs)        000000
__CFG_PLLCFG$ON          (abs)        000000
__CFG_STVREN$ON          (abs)        000000
__CFG_WDTPS$32768        (abs)        000000
__CFG_WRT0$OFF           (abs)        000000
__CFG_WRT1$OFF           (abs)        000000
__CFG_WRTB$OFF           (abs)        000000
__CFG_WRTC$OFF           (abs)        000000
__CFG_WRTD$OFF           (abs)        000000
__CFG_XINST$OFF          (abs)        000000
__HRAM                   (abs)        000000
__Habs1                  abs1         000000
__Hbank0                 bank0        000000
__Hbank1                 bank1        000000
__Hbank10                bank10       000000
__Hbank11                bank11       000000
__Hbank12                bank12       000000
__Hbank13                bank13       000000
__Hbank14                bank14       000000
__Hbank15                bank15       000000
__Hbank2                 bank2        000000
__Hbank3                 bank3        000000
__Hbank4                 bank4        000000
__Hbank5                 bank5        000000
__Hbank6                 bank6        000000
__Hbank7                 bank7        000000
__Hbank8                 bank8        000000
__Hbank9                 bank9        000000
__Hbigbss                bigbss       000000
__Hbigdata               bigdata      000000
__Hbigram                bigram       000000
__Hbss                   bss          000000
__HbssBANK0              bssBANK0     000000
__HbssBANK1              bssBANK1     000000
__HbssCOMRAM             bssCOMRAM    000000
__Hcinit                 cinit        000000
__Hclrtext               clrtext      000000
__Hcomram                comram       000000
__Hconfig                config       30000E
__Hconst                 const        000000
__HcstackBANK0           cstackBANK0  000000
__HcstackCOMRAM          cstackCOMRAM 000000
__Hdata                  data         000000
__HdataBANK0             dataBANK0    000000
__HdataBANK1             dataBANK1    000000
__Heeprom_data           eeprom_data  000000
__Hfarbss                farbss       000000
__Hfardata               fardata      000000
__Hibigdata              ibigdata     000000
__Hidata                 idata        000000
__HidataBANK0            idataBANK0   000000
__HidataBANK1            idataBANK1   000000
__Hidloc                 idloc        200008
__Hifardata              ifardata     000000
__Hinit                  init         0001F6
__Hintcode               intcode      0001F2
__Hintcode_body          intcode_body 000000
__Hintcodelo             intcodelo    0001F2
__Hintentry              intentry     000000
__Hintret                intret       000000
__Hintsave_regs          intsave_regs 000000
__Hirdata                irdata       000000
__Hmediumconst           mediumconst  000000
__HnvFARRAM              nvFARRAM     000000
__Hnvbit                 nvbit        000000
__Hnvrram                nvrram       000000
__Hparam                 rparam       000000
__Hpowerup               powerup      0001F2
__Hram                   ram          000000
__Hramtop                ramtop       001000
__Hrbit                  rbit         000000
__Hrbss                  rbss         000000
__Hrdata                 rdata        000000
__Hreset_vec             reset_vec    000004
__Hrparam                rparam       000000
__Hsfr                   sfr          000000
__Hsmallconst            smallconst   00100A
__Hspace_0               (abs)        30000E
__Hspace_1               (abs)        000134
__Hspace_2               (abs)        000000
__Hstack                 stack        000000
__Hstruct                struct       000000
__Htemp                  temp         00005F
__Htext                  text         000000
__Htext0                 text0        000000
__Htext1                 text1        000000
__Htext10                text10       000000
__Htext11                text11       000000
__Htext12                text12       000000
__Htext13                text13       000000
__Htext14                text14       000000
__Htext15                text15       000000
__Htext16                text16       000000
__Htext17                text17       000000
__Htext18                text18       000000
__Htext2                 text2        000000
__Htext20                text20       000000
__Htext21                text21       000000
__Htext22                text22       000000
__Htext23                text23       000000
__Htext3                 text3        000000
__Htext4                 text4        000000
__Htext5                 text5        000000
__Htext6                 text6        000000
__Htext7                 text7        000000
__Htext8                 text8        000000
__Htext9                 text9        000000
__LRAM                   (abs)        000001
__Labs1                  abs1         000000
__Lbank0                 bank0        000000
__Lbank1                 bank1        000000
__Lbank10                bank10       000000
__Lbank11                bank11       000000
__Lbank12                bank12       000000
__Lbank13                bank13       000000
__Lbank14                bank14       000000
__Lbank15                bank15       000000
__Lbank2                 bank2        000000
__Lbank3                 bank3        000000
__Lbank4                 bank4        000000
__Lbank5                 bank5        000000
__Lbank6                 bank6        000000
__Lbank7                 bank7        000000
__Lbank8                 bank8        000000
__Lbank9                 bank9        000000
__Lbigbss                bigbss       000000
__Lbigdata               bigdata      000000
__Lbigram                bigram       000000
__Lbss                   bss          000000
__LbssBANK0              bssBANK0     000000
__LbssBANK1              bssBANK1     000000
__LbssCOMRAM             bssCOMRAM    000000
__Lcinit                 cinit        000000
__Lclrtext               clrtext      000000
__Lcomram                comram       000000
__Lconfig                config       300000
__Lconst                 const        000000
__LcstackBANK0           cstackBANK0  000000
__LcstackCOMRAM          cstackCOMRAM 000000
__Ldata                  data         000000
__LdataBANK0             dataBANK0    000000
__LdataBANK1             dataBANK1    000000
__Leeprom_data           eeprom_data  000000
__Lfarbss                farbss       000000
__Lfardata               fardata      000000
__Libigdata              ibigdata     000000
__Lidata                 idata        000000
__LidataBANK0            idataBANK0   000000
__LidataBANK1            idataBANK1   000000
__Lidloc                 idloc        200000
__Lifardata              ifardata     000000
__Linit                  init         0001F2
__Lintcode               intcode      000008
__Lintcode_body          intcode_body 000000
__Lintcodelo             intcodelo    0001F2
__Lintentry              intentry     000000
__Lintret                intret       000000
__Lintsave_regs          intsave_regs 000000
__Lirdata                irdata       000000
__Lmediumconst           mediumconst  000000
__LnvFARRAM              nvFARRAM     000000
__Lnvbit                 nvbit        000000
__Lnvrram                nvrram       000000
__Lparam                 rparam       000000
__Lpowerup               powerup      0001F2
__Lram                   ram          000000
__Lramtop                ramtop       001000
__Lrbit                  rbit         000000
__Lrbss                  rbss         000000
__Lrdata                 rdata        000000
__Lreset_vec             reset_vec    000000
__Lrparam                rparam       000000
__Lsfr                   sfr          000000
__Lsmallconst            smallconst   001000
__Lspace_0               (abs)        000000
__Lspace_1               (abs)        000000
__Lspace_2               (abs)        000000
__Lstack                 stack        000000
__Lstruct                struct       000000
__Ltemp                  temp         00005E
__Ltext                  text         000000
__Ltext0                 text0        000000
__Ltext1                 text1        000000
__Ltext10                text10       000000
__Ltext11                text11       000000
__Ltext12                text12       000000
__Ltext13                text13       000000
__Ltext14                text14       000000
__Ltext15                text15       000000
__Ltext16                text16       000000
__Ltext17                text17       000000
__Ltext18                text18       000000
__Ltext2                 text2        000000
__Ltext20                text20       000000
__Ltext21                text21       000000
__Ltext22                text22       000000
__Ltext23                text23       000000
__Ltext3                 text3        000000
__Ltext4                 text4        000000
__Ltext5                 text5        000000
__Ltext6                 text6        000000
__Ltext7                 text7        000000
__Ltext8                 text8        000000
__Ltext9                 text9        000000
__S0                     (abs)        30000E
__S1                     (abs)        000134
__S2                     (abs)        000000
___fladd                 text12       001A76
___fladd@a               cstackBANK0  00008F
___fladd@aexp            cstackBANK0  00009C
___fladd@b               cstackBANK0  00008B
___fladd@bexp            cstackBANK0  00009D
___fladd@grs             cstackBANK0  00009E
___fladd@signs           cstackBANK0  00009B
___fldiv                 text4        001DB4
___fldiv@a               cstackBANK0  00008B
___fldiv@aexp            cstackBANK0  00009F
___fldiv@b               cstackBANK0  000087
___fldiv@bexp            cstackBANK0  00009E
___fldiv@grs             cstackBANK0  00009A
___fldiv@new_exp         cstackBANK0  000098
___fldiv@rem             cstackBANK0  000094
___fldiv@sign            cstackBANK0  000093
___flge                  text11       002A06
___flge@ff1              cstackBANK0  000060
___flge@ff2              cstackBANK0  000064
___flmul                 text10       0013D4
___flmul@a               cstackBANK0  000072
___flmul@aexp            cstackBANK0  00007F
___flmul@b               cstackBANK0  00006E
___flmul@bexp            cstackBANK0  000080
___flmul@grs             cstackBANK0  00007B
___flmul@prod            cstackBANK0  000081
___flmul@sign            cstackBANK0  00007A
___flmul@temp            cstackBANK0  000085
___flneg                 text9        002D9C
___flneg@f1              cstackBANK0  000087
___fltol                 text3        002B28
___fltol@exp1            cstackBANK0  000090
___fltol@f1              cstackBANK0  000087
___fltol@sign1           cstackBANK0  00008F
___inthi_sp              stack        000000
___intlo_sp              stack        000000
___lwdiv                 text2        002CDA
___lwdiv@counter         cstackBANK0  000066
___lwdiv@dividend        cstackBANK0  000060
___lwdiv@divisor         cstackBANK0  000062
___lwdiv@quotient        cstackBANK0  000064
___param_bank            (abs)        000000
___rparam_used           (abs)        000001
___sp                    stack        000000
___xxtofl                text1        002762
___xxtofl@arg            cstackBANK0  00006A
___xxtofl@exp            cstackBANK0  000069
___xxtofl@sign           cstackBANK0  000068
___xxtofl@val            cstackBANK0  000060
__accesstop              (abs)        000060
__activetblptr           (abs)        000001
__end_of_Config_Timer0   text18       002E42
__end_of_Config_Timer2   text17       002E52
__end_of_Configure_HW    text13       002CDA
__end_of_Configure_PWM2  text16       002E0C
__end_of_Configure_PWM3  text15       002DEC
__end_of_Control_down    text8        00254E
__end_of_Control_up      text7        002762
__end_of_Ki_vb           smallconst   001005
__end_of_Kp_vb           smallconst   001009
__end_of_SPI_SLAVE1      text14       002E30
__end_of_Set_PWM2_Duty   text6        002D9C
__end_of_Set_PWM3_Duty   text5        002D6A
__end_of_Set_Timer0      text23       002E5C
__end_of___fladd         text12       001DB4
__end_of___fldiv         text4        00206A
__end_of___flge          text11       002B28
__end_of___flmul         text10       001726
__end_of___flneg         text9        002DCC
__end_of___fltol         text3        002C06
__end_of___lwdiv         text2        002D2E
__end_of___xxtofl        text1        0028B6
__end_of__initialization cinit        002C6A
__end_of_isr             intcode      0001F2
__end_of_main            text0        0013D4
__end_ofi2___fldiv       text22       00231E
__end_ofi2___flmul       text21       001A76
__end_ofi2___xxtofl      text20       002A06
__initialization         cinit        002C06
__mediumconst            mediumconst  000000
__pbssBANK0              bssBANK0     0000A8
__pbssBANK1              bssBANK1     000100
__pbssCOMRAM             bssCOMRAM    000057
__pcinit                 cinit        002C06
__pcstackBANK0           cstackBANK0  000060
__pcstackCOMRAM          cstackCOMRAM 000001
__pdataBANK0             dataBANK0    0000EC
__pdataBANK1             dataBANK1    00012C
__pidataBANK0            idataBANK0   002E0C
__pidataBANK1            idataBANK1   002E5C
__pintcode               intcode      000008
__psmallconst            smallconst   001000
__ptext0                 text0        00100A
__ptext1                 text1        002762
__ptext10                text10       0013D4
__ptext11                text11       002A06
__ptext12                text12       001A76
__ptext13                text13       002C7C
__ptext14                text14       002E1E
__ptext15                text15       002DCC
__ptext16                text16       002DEC
__ptext17                text17       002E42
__ptext18                text18       002E30
__ptext2                 text2        002CDA
__ptext20                text20       0028B6
__ptext21                text21       001726
__ptext22                text22       00206A
__ptext23                text23       002E52
__ptext3                 text3        002B28
__ptext4                 text4        001DB4
__ptext5                 text5        002D2E
__ptext6                 text6        002D6A
__ptext7                 text7        00254E
__ptext8                 text8        00231E
__ptext9                 text9        002D9C
__ramtop                 ramtop       001000
__size_of_Config_Timer0  (abs)        000000
__size_of_Config_Timer2  (abs)        000000
__size_of_Configure_HW   (abs)        000000
__size_of_Configure_PWM2 (abs)        000000
__size_of_Configure_PWM3 (abs)        000000
__size_of_Control_down   (abs)        000000
__size_of_Control_up     (abs)        000000
__size_of_SPI_SLAVE1     (abs)        000000
__size_of_Set_PWM2_Duty  (abs)        000000
__size_of_Set_PWM3_Duty  (abs)        000000
__size_of_Set_Timer0     (abs)        000000
__size_of___fladd        (abs)        000000
__size_of___fldiv        (abs)        000000
__size_of___flge         (abs)        000000
__size_of___flmul        (abs)        000000
__size_of___flneg        (abs)        000000
__size_of___fltol        (abs)        000000
__size_of___lwdiv        (abs)        000000
__size_of___xxtofl       (abs)        000000
__size_of_isr            (abs)        000000
__size_of_main           (abs)        000000
__size_ofi2___fldiv      (abs)        000000
__size_ofi2___flmul      (abs)        000000
__size_ofi2___xxtofl     (abs)        000000
__smallconst             smallconst   001000
_constante_integrador    dataBANK1    000130
_constante_integrador2   dataBANK1    00012C
_counter                 bssCOMRAM    000059
_counter2                bssBANK0     0000D6
_e1_ant                  bssBANK0     0000C4
_e2_ant                  bssBANK0     0000C0
_erro_vb                 bssBANK0     0000C8
_flag_vb                 dataBANK0    0000FC
_i                       bssBANK0     0000E4
_inv                     bssCOMRAM    00005B
_isr                     intcode      000008
_main                    text0        00100A
_media                   bssBANK0     0000E0
_pedal_ad                bssBANK0     0000DE
_pwm                     bssBANK0     0000D4
_pwm_10bits              bssBANK0     0000DC
_ref_vb                  bssBANK0     0000E2
_ref_vbReq               bssCOMRAM    00005A
_soma_erro_vb            bssBANK0     0000CC
_spi_ctr                 bssCOMRAM    000057
_tps_ad                  bssBANK0     0000DA
_tps_ad2                 bssBANK0     0000D8
_u1_ant                  bssBANK1     000128
_u2_ant                  bssBANK1     000124
_u_i                     bssBANK0     0000BC
_u_i2                    bssBANK0     0000B4
_u_p                     bssBANK1     00011C
_u_p2                    bssBANK1     000114
_ui_ant                  bssBANK0     0000B8
_ui_ant2                 bssBANK1     000118
_up_ant                  bssBANK1     000120
_valor                   bssBANK0     0000D0
_value                   bssBANK0     0000EA
_vetor_leitura           bssBANK1     000100
btemp                    temp         00005E
end_of_initialization    cinit        002C6A
i2___fldiv               text22       00206A
i2___fldiv@a             cstackCOMRAM 00002C
i2___fldiv@aexp          cstackCOMRAM 000040
i2___fldiv@b             cstackCOMRAM 000028
i2___fldiv@bexp          cstackCOMRAM 00003F
i2___fldiv@grs           cstackCOMRAM 00003B
i2___fldiv@new_exp       cstackCOMRAM 000039
i2___fldiv@rem           cstackCOMRAM 000035
i2___fldiv@sign          cstackCOMRAM 000034
i2___flmul               text21       001726
i2___flmul@a             cstackCOMRAM 000013
i2___flmul@aexp          cstackCOMRAM 000020
i2___flmul@b             cstackCOMRAM 00000F
i2___flmul@bexp          cstackCOMRAM 000021
i2___flmul@grs           cstackCOMRAM 00001C
i2___flmul@prod          cstackCOMRAM 000022
i2___flmul@sign          cstackCOMRAM 00001B
i2___flmul@temp          cstackCOMRAM 000026
i2___xxtofl              text20       0028B6
i2___xxtofl@arg          cstackCOMRAM 00000B
i2___xxtofl@exp          cstackCOMRAM 00000A
i2___xxtofl@sign         cstackCOMRAM 000009
i2___xxtofl@val          cstackCOMRAM 000001
int$flags                temp         00005E
intlevel0                text         000000
intlevel1                text         000000
intlevel2                text         000000
intlevel3                text         000000
stackhi                  (abs)        000F37
stacklo                  (abs)        000134
start                    init         0001F2
start_initialization     cinit        002C06
wtemp6                   temp         00005F


FUNCTION INFORMATION:

 *************** function _main *****************
 Defined at:
		line 423 in file "main.c"
 Parameters:    Size  Location     Type
		None
 Auto vars:     Size  Location     Type
		None
 Return value:  Size  Location     Type
                  1    wreg      void 
 Registers used:
		wreg, fsr2l, fsr2h, status,2, status,0, prodl, prodh, cstack
 Tracked objects:
		On entry : 
		On exit  : 
		Unchanged: 
 Data sizes:     COMRAM   BANK0   BANK1   BANK2   BANK3   BANK4   BANK5   BANK6   BANK7   BANK8   BANK9  BANK10  BANK11  BANK12  BANK13  BANK14  BANK15
      Params:         0       0       0       0       0       0       0       0       0       0       0       0       0       0       0       0       0
      Locals:         0       0       0       0       0       0       0       0       0       0       0       0       0       0       0       0       0
      Temps:          0       4       0       0       0       0       0       0       0       0       0       0       0       0       0       0       0
      Totals:         0       4       0       0       0       0       0       0       0       0       0       0       0       0       0       0       0
Total ram usage:        4 bytes
 Hardware stack levels required when called:    4
 This function calls:
		_Configure_HW
		_Control_down
		_Control_up
		_Set_PWM2_Duty
		_Set_PWM3_Duty
		___fldiv
		___flge
		___flmul
		___fltol
		___lwdiv
		___xxtofl
 This function is called by:
		Startup code after reset
 This function uses a non-reentrant model


 *************** function ___xxtofl *****************
 Defined at:
		line 10 in file "C:\Program Files (x86)\Microchip\xc8\v1.45\sources\common\xxtofl.c"
 Parameters:    Size  Location     Type
  sign            1    wreg     unsigned char 
  val             4    0[BANK0 ] long 
 Auto vars:     Size  Location     Type
  sign            1    8[BANK0 ] unsigned char 
  arg             4   10[BANK0 ] unsigned long 
  exp             1    9[BANK0 ] unsigned char 
 Return value:  Size  Location     Type
                  4    0[BANK0 ] unsigned char 
 Registers used:
		wreg, status,2, status,0
 Tracked objects:
		On entry : 
		On exit  : 
		Unchanged: 
 Data sizes:     COMRAM   BANK0   BANK1   BANK2   BANK3   BANK4   BANK5   BANK6   BANK7   BANK8   BANK9  BANK10  BANK11  BANK12  BANK13  BANK14  BANK15
      Params:         0       4       0       0       0       0       0       0       0       0       0       0       0       0       0       0       0
      Locals:         0       6       0       0       0       0       0       0       0       0       0       0       0       0       0       0       0
      Temps:          0       4       0       0       0       0       0       0       0       0       0       0       0       0       0       0       0
      Totals:         0      14       0       0       0       0       0       0       0       0       0       0       0       0       0       0       0
Total ram usage:       14 bytes
 Hardware stack levels used:    1
 Hardware stack levels required when called:    2
 This function calls:
		Nothing
 This function is called by:
		_main
		_controle_vb
 This function uses a non-reentrant model


 *************** function ___lwdiv *****************
 Defined at:
		line 8 in file "C:\Program Files (x86)\Microchip\xc8\v1.45\sources\common\lwdiv.c"
 Parameters:    Size  Location     Type
  dividend        2    0[BANK0 ] unsigned int 
  divisor         2    2[BANK0 ] unsigned int 
 Auto vars:     Size  Location     Type
  quotient        2    4[BANK0 ] unsigned int 
  counter         1    6[BANK0 ] unsigned char 
 Return value:  Size  Location     Type
                  2    0[BANK0 ] unsigned int 
 Registers used:
		wreg, status,2, status,0
 Tracked objects:
		On entry : 
		On exit  : 
		Unchanged: 
 Data sizes:     COMRAM   BANK0   BANK1   BANK2   BANK3   BANK4   BANK5   BANK6   BANK7   BANK8   BANK9  BANK10  BANK11  BANK12  BANK13  BANK14  BANK15
      Params:         0       4       0       0       0       0       0       0       0       0       0       0       0       0       0       0       0
      Locals:         0       3       0       0       0       0       0       0       0       0       0       0       0       0       0       0       0
      Temps:          0       0       0       0       0       0       0       0       0       0       0       0       0       0       0       0       0
      Totals:         0       7       0       0       0       0       0       0       0       0       0       0       0       0       0       0       0
Total ram usage:        7 bytes
 Hardware stack levels used:    1
 Hardware stack levels required when called:    2
 This function calls:
		Nothing
 This function is called by:
		_main
 This function uses a non-reentrant model


 *************** function ___fltol *****************
 Defined at:
		line 43 in file "C:\Program Files (x86)\Microchip\xc8\v1.45\sources\common\fltol.c"
 Parameters:    Size  Location     Type
  f1              4   39[BANK0 ] unsigned int 
 Auto vars:     Size  Location     Type
  exp1            1   48[BANK0 ] unsigned char 
  sign1           1   47[BANK0 ] unsigned char 
 Return value:  Size  Location     Type
                  4   39[BANK0 ] long 
 Registers used:
		wreg, status,2, status,0
 Tracked objects:
		On entry : 
		On exit  : 
		Unchanged: 
 Data sizes:     COMRAM   BANK0   BANK1   BANK2   BANK3   BANK4   BANK5   BANK6   BANK7   BANK8   BANK9  BANK10  BANK11  BANK12  BANK13  BANK14  BANK15
      Params:         0       4       0       0       0       0       0       0       0       0       0       0       0       0       0       0       0
      Locals:         0       2       0       0       0       0       0       0       0       0       0       0       0       0       0       0       0
      Temps:          0       4       0       0       0       0       0       0       0       0       0       0       0       0       0       0       0
      Totals:         0      10       0       0       0       0       0       0       0       0       0       0       0       0       0       0       0
Total ram usage:       10 bytes
 Hardware stack levels used:    1
 Hardware stack levels required when called:    2
 This function calls:
		Nothing
 This function is called by:
		_main
		_controle_vb
 This function uses a non-reentrant model


 *************** function ___fldiv *****************
 Defined at:
		line 11 in file "C:\Program Files (x86)\Microchip\xc8\v1.45\sources\common\sprcdiv.c"
 Parameters:    Size  Location     Type
  b               4   39[BANK0 ] long 
  a               4   43[BANK0 ] long 
 Auto vars:     Size  Location     Type
  grs             4   58[BANK0 ] unsigned long 
  rem             4   52[BANK0 ] unsigned long 
  new_exp         2   56[BANK0 ] int 
  aexp            1   63[BANK0 ] unsigned char 
  bexp            1   62[BANK0 ] unsigned char 
  sign            1   51[BANK0 ] unsigned char 
 Return value:  Size  Location     Type
                  4   39[BANK0 ] unsigned char 
 Registers used:
		wreg, status,2, status,0
 Tracked objects:
		On entry : 
		On exit  : 
		Unchanged: 
 Data sizes:     COMRAM   BANK0   BANK1   BANK2   BANK3   BANK4   BANK5   BANK6   BANK7   BANK8   BANK9  BANK10  BANK11  BANK12  BANK13  BANK14  BANK15
      Params:         0       8       0       0       0       0       0       0       0       0       0       0       0       0       0       0       0
      Locals:         0      13       0       0       0       0       0       0       0       0       0       0       0       0       0       0       0
      Temps:          0       4       0       0       0       0       0       0       0       0       0       0       0       0       0       0       0
      Totals:         0      25       0       0       0       0       0       0       0       0       0       0       0       0       0       0       0
Total ram usage:       25 bytes
 Hardware stack levels used:    1
 Hardware stack levels required when called:    2
 This function calls:
		Nothing
 This function is called by:
		_main
 This function uses a non-reentrant model


 *************** function _Set_PWM3_Duty *****************
 Defined at:
		line 166 in file "PWM_K22.c"
 Parameters:    Size  Location     Type
  dutyValue       2    0[BANK0 ] unsigned int 
 Auto vars:     Size  Location     Type
		None
 Return value:  Size  Location     Type
                  1    wreg      void 
 Registers used:
		wreg, status,2, status,0
 Tracked objects:
		On entry : 
		On exit  : 
		Unchanged: 
 Data sizes:     COMRAM   BANK0   BANK1   BANK2   BANK3   BANK4   BANK5   BANK6   BANK7   BANK8   BANK9  BANK10  BANK11  BANK12  BANK13  BANK14  BANK15
      Params:         0       2       0       0       0       0       0       0       0       0       0       0       0       0       0       0       0
      Locals:         0       0       0       0       0       0       0       0       0       0       0       0       0       0       0       0       0
      Temps:          0       2       0       0       0       0       0       0       0       0       0       0       0       0       0       0       0
      Totals:         0       4       0       0       0       0       0       0       0       0       0       0       0       0       0       0       0
Total ram usage:        4 bytes
 Hardware stack levels used:    1
 Hardware stack levels required when called:    2
 This function calls:
		Nothing
 This function is called by:
		_main
 This function uses a non-reentrant model


 *************** function _Set_PWM2_Duty *****************
 Defined at:
		line 157 in file "PWM_K22.c"
 Parameters:    Size  Location     Type
  dutyValue       2    0[BANK0 ] unsigned int 
 Auto vars:     Size  Location     Type
		None
 Return value:  Size  Location     Type
                  1    wreg      void 
 Registers used:
		wreg, status,2, status,0
 Tracked objects:
		On entry : 
		On exit  : 
		Unchanged: 
 Data sizes:     COMRAM   BANK0   BANK1   BANK2   BANK3   BANK4   BANK5   BANK6   BANK7   BANK8   BANK9  BANK10  BANK11  BANK12  BANK13  BANK14  BANK15
      Params:         0       2       0       0       0       0       0       0       0       0       0       0       0       0       0       0       0
      Locals:         0       0       0       0       0       0       0       0       0       0       0       0       0       0       0       0       0
      Temps:          0       2       0       0       0       0       0       0       0       0       0       0       0       0       0       0       0
      Totals:         0       4       0       0       0       0       0       0       0       0       0       0       0       0       0       0       0
Total ram usage:        4 bytes
 Hardware stack levels used:    1
 Hardware stack levels required when called:    2
 This function calls:
		Nothing
 This function is called by:
		_main
 This function uses a non-reentrant model


 *************** function _Control_up *****************
 Defined at:
		line 342 in file "main.c"
 Parameters:    Size  Location     Type
		None
 Auto vars:     Size  Location     Type
		None
 Return value:  Size  Location     Type
                  1    wreg      void 
 Registers used:
		wreg, status,2, status,0, prodl, prodh, cstack
 Tracked objects:
		On entry : 
		On exit  : 
		Unchanged: 
 Data sizes:     COMRAM   BANK0   BANK1   BANK2   BANK3   BANK4   BANK5   BANK6   BANK7   BANK8   BANK9  BANK10  BANK11  BANK12  BANK13  BANK14  BANK15
      Params:         0       0       0       0       0       0       0       0       0       0       0       0       0       0       0       0       0
      Locals:         0       4       0       0       0       0       0       0       0       0       0       0       0       0       0       0       0
      Temps:          0       1       0       0       0       0       0       0       0       0       0       0       0       0       0       0       0
      Totals:         0       5       0       0       0       0       0       0       0       0       0       0       0       0       0       0       0
Total ram usage:        5 bytes
 Hardware stack levels used:    1
 Hardware stack levels required when called:    3
 This function calls:
		___fladd
		___flge
		___flmul
		___flneg
 This function is called by:
		_main
 This function uses a non-reentrant model


 *************** function _Control_down *****************
 Defined at:
		line 365 in file "main.c"
 Parameters:    Size  Location     Type
		None
 Auto vars:     Size  Location     Type
		None
 Return value:  Size  Location     Type
                  1    wreg      void 
 Registers used:
		wreg, status,2, status,0, prodl, prodh, cstack
 Tracked objects:
		On entry : 
		On exit  : 
		Unchanged: 
 Data sizes:     COMRAM   BANK0   BANK1   BANK2   BANK3   BANK4   BANK5   BANK6   BANK7   BANK8   BANK9  BANK10  BANK11  BANK12  BANK13  BANK14  BANK15
      Params:         0       0       0       0       0       0       0       0       0       0       0       0       0       0       0       0       0
      Locals:         0       4       0       0       0       0       0       0       0       0       0       0       0       0       0       0       0
      Temps:          0       0       0       0       0       0       0       0       0       0       0       0       0       0       0       0       0
      Totals:         0       4       0       0       0       0       0       0       0       0       0       0       0       0       0       0       0
Total ram usage:        4 bytes
 Hardware stack levels used:    1
 Hardware stack levels required when called:    3
 This function calls:
		___fladd
		___flge
		___flmul
		___flneg
 This function is called by:
		_main
 This function uses a non-reentrant model


 *************** function ___flneg *****************
 Defined at:
		line 15 in file "C:\Program Files (x86)\Microchip\xc8\v1.45\sources\common\flneg.c"
 Parameters:    Size  Location     Type
  f1              4   39[BANK0 ] void 
 Auto vars:     Size  Location     Type
		None
 Return value:  Size  Location     Type
                  4   39[BANK0 ] void 
 Registers used:
		wreg, status,2, status,0
 Tracked objects:
		On entry : 
		On exit  : 
		Unchanged: 
 Data sizes:     COMRAM   BANK0   BANK1   BANK2   BANK3   BANK4   BANK5   BANK6   BANK7   BANK8   BANK9  BANK10  BANK11  BANK12  BANK13  BANK14  BANK15
      Params:         0       4       0       0       0       0       0       0       0       0       0       0       0       0       0       0       0
      Locals:         0       0       0       0       0       0       0       0       0       0       0       0       0       0       0       0       0
      Temps:          0       0       0       0       0       0       0       0       0       0       0       0       0       0       0       0       0
      Totals:         0       4       0       0       0       0       0       0       0       0       0       0       0       0       0       0       0
Total ram usage:        4 bytes
 Hardware stack levels used:    1
 Hardware stack levels required when called:    2
 This function calls:
		Nothing
 This function is called by:
		_Control_up
		_Control_down
		_controle_vb
 This function uses a non-reentrant model


 *************** function ___flmul *****************
 Defined at:
		line 8 in file "C:\Program Files (x86)\Microchip\xc8\v1.45\sources\common\sprcmul.c"
 Parameters:    Size  Location     Type
  b               4   14[BANK0 ] void 
  a               4   18[BANK0 ] void 
 Auto vars:     Size  Location     Type
  prod            4   33[BANK0 ] struct .
  grs             4   27[BANK0 ] unsigned long 
  temp            2   37[BANK0 ] struct .
  bexp            1   32[BANK0 ] unsigned char 
  aexp            1   31[BANK0 ] unsigned char 
  sign            1   26[BANK0 ] unsigned char 
 Return value:  Size  Location     Type
                  4   14[BANK0 ] unsigned char 
 Registers used:
		wreg, status,2, status,0, prodl, prodh
 Tracked objects:
		On entry : 
		On exit  : 
		Unchanged: 
 Data sizes:     COMRAM   BANK0   BANK1   BANK2   BANK3   BANK4   BANK5   BANK6   BANK7   BANK8   BANK9  BANK10  BANK11  BANK12  BANK13  BANK14  BANK15
      Params:         0       8       0       0       0       0       0       0       0       0       0       0       0       0       0       0       0
      Locals:         0      13       0       0       0       0       0       0       0       0       0       0       0       0       0       0       0
      Temps:          0       4       0       0       0       0       0       0       0       0       0       0       0       0       0       0       0
      Totals:         0      25       0       0       0       0       0       0       0       0       0       0       0       0       0       0       0
Total ram usage:       25 bytes
 Hardware stack levels used:    1
 Hardware stack levels required when called:    2
 This function calls:
		Nothing
 This function is called by:
		_Control_up
		_Control_down
		_main
		_controle_vb
 This function uses a non-reentrant model


 *************** function ___flge *****************
 Defined at:
		line 4 in file "C:\Program Files (x86)\Microchip\xc8\v1.45\sources\common\flge.c"
 Parameters:    Size  Location     Type
  ff1             4    0[BANK0 ] unsigned char 
  ff2             4    4[BANK0 ] unsigned char 
 Auto vars:     Size  Location     Type
		None
 Return value:  Size  Location     Type
		None               void
 Registers used:
		wreg, status,2, status,0
 Tracked objects:
		On entry : 
		On exit  : 
		Unchanged: 
 Data sizes:     COMRAM   BANK0   BANK1   BANK2   BANK3   BANK4   BANK5   BANK6   BANK7   BANK8   BANK9  BANK10  BANK11  BANK12  BANK13  BANK14  BANK15
      Params:         0       8       0       0       0       0       0       0       0       0       0       0       0       0       0       0       0
      Locals:         0       0       0       0       0       0       0       0       0       0       0       0       0       0       0       0       0
      Temps:          0       4       0       0       0       0       0       0       0       0       0       0       0       0       0       0       0
      Totals:         0      12       0       0       0       0       0       0       0       0       0       0       0       0       0       0       0
Total ram usage:       12 bytes
 Hardware stack levels used:    1
 Hardware stack levels required when called:    2
 This function calls:
		Nothing
 This function is called by:
		_Control_up
		_Control_down
		_main
		_controle_vb
 This function uses a non-reentrant model


 *************** function ___fladd *****************
 Defined at:
		line 10 in file "C:\Program Files (x86)\Microchip\xc8\v1.45\sources\common\sprcadd.c"
 Parameters:    Size  Location     Type
  b               4   43[BANK0 ] unsigned char 
  a               4   47[BANK0 ] unsigned char 
 Auto vars:     Size  Location     Type
  grs             1   62[BANK0 ] unsigned char 
  bexp            1   61[BANK0 ] unsigned char 
  aexp            1   60[BANK0 ] unsigned char 
  signs           1   59[BANK0 ] unsigned char 
 Return value:  Size  Location     Type
                  4   43[BANK0 ] unsigned char 
 Registers used:
		wreg, status,2, status,0
 Tracked objects:
		On entry : 
		On exit  : 
		Unchanged: 
 Data sizes:     COMRAM   BANK0   BANK1   BANK2   BANK3   BANK4   BANK5   BANK6   BANK7   BANK8   BANK9  BANK10  BANK11  BANK12  BANK13  BANK14  BANK15
      Params:         0       8       0       0       0       0       0       0       0       0       0       0       0       0       0       0       0
      Locals:         0       4       0       0       0       0       0       0       0       0       0       0       0       0       0       0       0
      Temps:          0       8       0       0       0       0       0       0       0       0       0       0       0       0       0       0       0
      Totals:         0      20       0       0       0       0       0       0       0       0       0       0       0       0       0       0       0
Total ram usage:       20 bytes
 Hardware stack levels used:    1
 Hardware stack levels required when called:    2
 This function calls:
		Nothing
 This function is called by:
		_Control_up
		_Control_down
		_controle_vb
 This function uses a non-reentrant model


 *************** function _Configure_HW *****************
 Defined at:
		line 392 in file "main.c"
 Parameters:    Size  Location     Type
		None
 Auto vars:     Size  Location     Type
		None
 Return value:  Size  Location     Type
                  1    wreg      void 
 Registers used:
		wreg, status,2, cstack
 Tracked objects:
		On entry : 
		On exit  : 
		Unchanged: 
 Data sizes:     COMRAM   BANK0   BANK1   BANK2   BANK3   BANK4   BANK5   BANK6   BANK7   BANK8   BANK9  BANK10  BANK11  BANK12  BANK13  BANK14  BANK15
      Params:         0       0       0       0       0       0       0       0       0       0       0       0       0       0       0       0       0
      Locals:         0       0       0       0       0       0       0       0       0       0       0       0       0       0       0       0       0
      Temps:          0       1       0       0       0       0       0       0       0       0       0       0       0       0       0       0       0
      Totals:         0       1       0       0       0       0       0       0       0       0       0       0       0       0       0       0       0
Total ram usage:        1 bytes
 Hardware stack levels used:    1
 Hardware stack levels required when called:    3
 This function calls:
		_Config_Timer0
		_Config_Timer2
		_Configure_PWM2
		_Configure_PWM3
		_SPI_SLAVE1
 This function is called by:
		_main
 This function uses a non-reentrant model


 *************** function _SPI_SLAVE1 *****************
 Defined at:
		line 65 in file "SPI_XC8.c"
 Parameters:    Size  Location     Type
		None
 Auto vars:     Size  Location     Type
		None
 Return value:  Size  Location     Type
                  1    wreg      void 
 Registers used:
		wreg, status,2
 Tracked objects:
		On entry : 
		On exit  : 
		Unchanged: 
 Data sizes:     COMRAM   BANK0   BANK1   BANK2   BANK3   BANK4   BANK5   BANK6   BANK7   BANK8   BANK9  BANK10  BANK11  BANK12  BANK13  BANK14  BANK15
      Params:         0       0       0       0       0       0       0       0       0       0       0       0       0       0       0       0       0
      Locals:         0       0       0       0       0       0       0       0       0       0       0       0       0       0       0       0       0
      Temps:          0       0       0       0       0       0       0       0       0       0       0       0       0       0       0       0       0
      Totals:         0       0       0       0       0       0       0       0       0       0       0       0       0       0       0       0       0
Total ram usage:        0 bytes
 Hardware stack levels used:    1
 Hardware stack levels required when called:    2
 This function calls:
		Nothing
 This function is called by:
		_Configure_HW
 This function uses a non-reentrant model


 *************** function _Configure_PWM3 *****************
 Defined at:
		line 68 in file "PWM_K22.c"
 Parameters:    Size  Location     Type
		None
 Auto vars:     Size  Location     Type
		None
 Return value:  Size  Location     Type
                  1    wreg      void 
 Registers used:
		wreg, status,2
 Tracked objects:
		On entry : 
		On exit  : 
		Unchanged: 
 Data sizes:     COMRAM   BANK0   BANK1   BANK2   BANK3   BANK4   BANK5   BANK6   BANK7   BANK8   BANK9  BANK10  BANK11  BANK12  BANK13  BANK14  BANK15
      Params:         0       0       0       0       0       0       0       0       0       0       0       0       0       0       0       0       0
      Locals:         0       0       0       0       0       0       0       0       0       0       0       0       0       0       0       0       0
      Temps:          0       0       0       0       0       0       0       0       0       0       0       0       0       0       0       0       0
      Totals:         0       0       0       0       0       0       0       0       0       0       0       0       0       0       0       0       0
Total ram usage:        0 bytes
 Hardware stack levels used:    1
 Hardware stack levels required when called:    2
 This function calls:
		Nothing
 This function is called by:
		_Configure_HW
 This function uses a non-reentrant model


 *************** function _Configure_PWM2 *****************
 Defined at:
		line 37 in file "PWM_K22.c"
 Parameters:    Size  Location     Type
		None
 Auto vars:     Size  Location     Type
		None
 Return value:  Size  Location     Type
                  1    wreg      void 
 Registers used:
		wreg, status,2
 Tracked objects:
		On entry : 
		On exit  : 
		Unchanged: 
 Data sizes:     COMRAM   BANK0   BANK1   BANK2   BANK3   BANK4   BANK5   BANK6   BANK7   BANK8   BANK9  BANK10  BANK11  BANK12  BANK13  BANK14  BANK15
      Params:         0       0       0       0       0       0       0       0       0       0       0       0       0       0       0       0       0
      Locals:         0       0       0       0       0       0       0       0       0       0       0       0       0       0       0       0       0
      Temps:          0       0       0       0       0       0       0       0       0       0       0       0       0       0       0       0       0
      Totals:         0       0       0       0       0       0       0       0       0       0       0       0       0       0       0       0       0
Total ram usage:        0 bytes
 Hardware stack levels used:    1
 Hardware stack levels required when called:    2
 This function calls:
		Nothing
 This function is called by:
		_Configure_HW
 This function uses a non-reentrant model


 *************** function _Config_Timer2 *****************
 Defined at:
		line 121 in file "TIMERS_XC8.c"
 Parameters:    Size  Location     Type
		None
 Auto vars:     Size  Location     Type
		None
 Return value:  Size  Location     Type
                  1    wreg      void 
 Registers used:
		None
 Tracked objects:
		On entry : 
		On exit  : 
		Unchanged: 
 Data sizes:     COMRAM   BANK0   BANK1   BANK2   BANK3   BANK4   BANK5   BANK6   BANK7   BANK8   BANK9  BANK10  BANK11  BANK12  BANK13  BANK14  BANK15
      Params:         0       0       0       0       0       0       0       0       0       0       0       0       0       0       0       0       0
      Locals:         0       0       0       0       0       0       0       0       0       0       0       0       0       0       0       0       0
      Temps:          0       0       0       0       0       0       0       0       0       0       0       0       0       0       0       0       0
      Totals:         0       0       0       0       0       0       0       0       0       0       0       0       0       0       0       0       0
Total ram usage:        0 bytes
 Hardware stack levels used:    1
 Hardware stack levels required when called:    2
 This function calls:
		Nothing
 This function is called by:
		_Configure_HW
 This function uses a non-reentrant model


 *************** function _Config_Timer0 *****************
 Defined at:
		line 260 in file "TIMERS_XC8.c"
 Parameters:    Size  Location     Type
		None
 Auto vars:     Size  Location     Type
		None
 Return value:  Size  Location     Type
                  1    wreg      void 
 Registers used:
		None
 Tracked objects:
		On entry : 
		On exit  : 
		Unchanged: 
 Data sizes:     COMRAM   BANK0   BANK1   BANK2   BANK3   BANK4   BANK5   BANK6   BANK7   BANK8   BANK9  BANK10  BANK11  BANK12  BANK13  BANK14  BANK15
      Params:         0       0       0       0       0       0       0       0       0       0       0       0       0       0       0       0       0
      Locals:         0       0       0       0       0       0       0       0       0       0       0       0       0       0       0       0       0
      Temps:          0       0       0       0       0       0       0       0       0       0       0       0       0       0       0       0       0
      Totals:         0       0       0       0       0       0       0       0       0       0       0       0       0       0       0       0       0
Total ram usage:        0 bytes
 Hardware stack levels used:    1
 Hardware stack levels required when called:    2
 This function calls:
		Nothing
 This function is called by:
		_Configure_HW
 This function uses a non-reentrant model


 *************** function _isr *****************
 Defined at:
		line 110 in file "main.c"
 Parameters:    Size  Location     Type
		None
 Auto vars:     Size  Location     Type
		None
 Return value:  Size  Location     Type
                  1    wreg      void 
 Registers used:
		wreg, fsr2l, fsr2h, status,2, status,0, prodl, prodh, cstack
 Tracked objects:
		On entry : 
		On exit  : 
		Unchanged: 
 Data sizes:     COMRAM   BANK0   BANK1   BANK2   BANK3   BANK4   BANK5   BANK6   BANK7   BANK8   BANK9  BANK10  BANK11  BANK12  BANK13  BANK14  BANK15
      Params:         0       0       0       0       0       0       0       0       0       0       0       0       0       0       0       0       0
      Locals:         0       0       0       0       0       0       0       0       0       0       0       0       0       0       0       0       0
      Temps:         22       0       0       0       0       0       0       0       0       0       0       0       0       0       0       0       0
      Totals:        22       0       0       0       0       0       0       0       0       0       0       0       0       0       0       0       0
Total ram usage:       22 bytes
 Hardware stack levels used:    1
 Hardware stack levels required when called:    1
 This function calls:
		_Set_Timer0
		i2___fldiv
		i2___flmul
		i2___xxtofl
 This function is called by:
		Interrupt level 2
 This function uses a non-reentrant model


 *************** function i2___xxtofl *****************
 Defined at:
		line 10 in file "C:\Program Files (x86)\Microchip\xc8\v1.45\sources\common\xxtofl.c"
 Parameters:    Size  Location     Type
  sign            1    wreg     unsigned char 
  val             4    0[COMRAM] long 
 Auto vars:     Size  Location     Type
  sign            1    8[COMRAM] unsigned char 
  __xxtofl        4   10[COMRAM] unsigned long 
  __xxtofl        1    9[COMRAM] unsigned char 
 Return value:  Size  Location     Type
                  4    0[COMRAM] unsigned char 
 Registers used:
		wreg, status,2, status,0
 Tracked objects:
		On entry : 
		On exit  : 
		Unchanged: 
 Data sizes:     COMRAM   BANK0   BANK1   BANK2   BANK3   BANK4   BANK5   BANK6   BANK7   BANK8   BANK9  BANK10  BANK11  BANK12  BANK13  BANK14  BANK15
      Params:         4       0       0       0       0       0       0       0       0       0       0       0       0       0       0       0       0
      Locals:         6       0       0       0       0       0       0       0       0       0       0       0       0       0       0       0       0
      Temps:          4       0       0       0       0       0       0       0       0       0       0       0       0       0       0       0       0
      Totals:        14       0       0       0       0       0       0       0       0       0       0       0       0       0       0       0       0
Total ram usage:       14 bytes
 Hardware stack levels used:    1
 This function calls:
		Nothing
 This function is called by:
		_isr
 This function uses a non-reentrant model


 *************** function i2___flmul *****************
 Defined at:
		line 8 in file "C:\Program Files (x86)\Microchip\xc8\v1.45\sources\common\sprcmul.c"
 Parameters:    Size  Location     Type
  b               4   14[COMRAM] unsigned char 
  a               4   18[COMRAM] unsigned char 
 Auto vars:     Size  Location     Type
  __flmul         4   33[COMRAM] struct .
  __flmul         4   27[COMRAM] unsigned long 
  __flmul         2   37[COMRAM] struct .
  __flmul         1   32[COMRAM] unsigned char 
  __flmul         1   31[COMRAM] unsigned char 
  __flmul         1   26[COMRAM] unsigned char 
 Return value:  Size  Location     Type
                  4   14[COMRAM] unsigned char 
 Registers used:
		wreg, status,2, status,0, prodl, prodh
 Tracked objects:
		On entry : 
		On exit  : 
		Unchanged: 
 Data sizes:     COMRAM   BANK0   BANK1   BANK2   BANK3   BANK4   BANK5   BANK6   BANK7   BANK8   BANK9  BANK10  BANK11  BANK12  BANK13  BANK14  BANK15
      Params:         8       0       0       0       0       0       0       0       0       0       0       0       0       0       0       0       0
      Locals:        13       0       0       0       0       0       0       0       0       0       0       0       0       0       0       0       0
      Temps:          4       0       0       0       0       0       0       0       0       0       0       0       0       0       0       0       0
      Totals:        25       0       0       0       0       0       0       0       0       0       0       0       0       0       0       0       0
Total ram usage:       25 bytes
 Hardware stack levels used:    1
 This function calls:
		Nothing
 This function is called by:
		_isr
 This function uses a non-reentrant model


 *************** function i2___fldiv *****************
 Defined at:
		line 11 in file "C:\Program Files (x86)\Microchip\xc8\v1.45\sources\common\sprcdiv.c"
 Parameters:    Size  Location     Type
  b               4   39[COMRAM] unsigned char 
  a               4   43[COMRAM] unsigned char 
 Auto vars:     Size  Location     Type
  __fldiv         4   58[COMRAM] unsigned long 
  __fldiv         4   52[COMRAM] unsigned long 
  __fldiv         2   56[COMRAM] int 
  __fldiv         1   63[COMRAM] unsigned char 
  __fldiv         1   62[COMRAM] unsigned char 
  __fldiv         1   51[COMRAM] unsigned char 
 Return value:  Size  Location     Type
                  4   39[COMRAM] unsigned char 
 Registers used:
		wreg, status,2, status,0
 Tracked objects:
		On entry : 
		On exit  : 
		Unchanged: 
 Data sizes:     COMRAM   BANK0   BANK1   BANK2   BANK3   BANK4   BANK5   BANK6   BANK7   BANK8   BANK9  BANK10  BANK11  BANK12  BANK13  BANK14  BANK15
      Params:         8       0       0       0       0       0       0       0       0       0       0       0       0       0       0       0       0
      Locals:        13       0       0       0       0       0       0       0       0       0       0       0       0       0       0       0       0
      Temps:          4       0       0       0       0       0       0       0       0       0       0       0       0       0       0       0       0
      Totals:        25       0       0       0       0       0       0       0       0       0       0       0       0       0       0       0       0
Total ram usage:       25 bytes
 Hardware stack levels used:    1
 This function calls:
		Nothing
 This function is called by:
		_isr
 This function uses a non-reentrant model


 *************** function _Set_Timer0 *****************
 Defined at:
		line 288 in file "TIMERS_XC8.c"
 Parameters:    Size  Location     Type
  data_timer      2    0[COMRAM] unsigned int 
 Auto vars:     Size  Location     Type
		None
 Return value:  Size  Location     Type
                  1    wreg      void 
 Registers used:
		wreg, status,2
 Tracked objects:
		On entry : 
		On exit  : 
		Unchanged: 
 Data sizes:     COMRAM   BANK0   BANK1   BANK2   BANK3   BANK4   BANK5   BANK6   BANK7   BANK8   BANK9  BANK10  BANK11  BANK12  BANK13  BANK14  BANK15
      Params:         2       0       0       0       0       0       0       0       0       0       0       0       0       0       0       0       0
      Locals:         0       0       0       0       0       0       0       0       0       0       0       0       0       0       0       0       0
      Temps:          0       0       0       0       0       0       0       0       0       0       0       0       0       0       0       0       0
      Totals:         2       0       0       0       0       0       0       0       0       0       0       0       0       0       0       0       0
Total ram usage:        2 bytes
 Hardware stack levels used:    1
 This function calls:
		Nothing
 This function is called by:
		_isr
 This function uses a non-reentrant model



MODULE INFORMATION

Module		Function		Class		Link	Load	Size
C:\Program Files (x86)\Microchip\xc8\v1.45\sources\common\sprcdiv.c
		___fldiv       		CODE           	1DB4	0000	695

C:\Program Files (x86)\Microchip\xc8\v1.45\sources\common\sprcdiv.c estimated size: 695

SPI_XC8.c
		_SPI_SLAVE1    		CODE           	2E1E	0000	19

SPI_XC8.c estimated size: 19

C:\Program Files (x86)\Microchip\xc8\v1.45\sources\common\flge.c
		___flge        		CODE           	2A06	0000	291

C:\Program Files (x86)\Microchip\xc8\v1.45\sources\common\flge.c estimated size: 291

C:\Program Files (x86)\Microchip\xc8\v1.45\sources\common\sprcadd.c
		___fladd       		CODE           	1A76	0000	831

C:\Program Files (x86)\Microchip\xc8\v1.45\sources\common\sprcadd.c estimated size: 831

TIMERS_XC8.c
		_Config_Timer0 		CODE           	2E30	0000	19
		_Config_Timer2 		CODE           	2E42	0000	17
		_Set_Timer0    		CODE           	2E52	0000	11

TIMERS_XC8.c estimated size: 47

C:\Program Files (x86)\Microchip\xc8\v1.45\sources\common\fltol.c
		___fltol       		CODE           	2B28	0000	223

C:\Program Files (x86)\Microchip\xc8\v1.45\sources\common\fltol.c estimated size: 223

shared
		_Ki_vb         		SMALLCONST     	1001	0000	5
		_Kp_vb         		SMALLCONST     	1005	0000	5
		i2___fldiv     		CODE           	206A	0000	693
		__initialization		CODE           	2C06	0000	101
		i2___flmul     		CODE           	1726	0000	849
		i2___xxtofl    		CODE           	28B6	0000	337

shared estimated size: 1990

PWM_K22.c
		_Set_PWM2_Duty 		CODE           	2D6A	0000	51
		_Set_PWM3_Duty 		CODE           	2D2E	0000	61
		_Configure_PWM2		CODE           	2DEC	0000	33
		_Configure_PWM3		CODE           	2DCC	0000	33

PWM_K22.c estimated size: 178

C:\Program Files (x86)\Microchip\xc8\v1.45\sources\common\lwdiv.c
		___lwdiv       		CODE           	2CDA	0000	85

C:\Program Files (x86)\Microchip\xc8\v1.45\sources\common\lwdiv.c estimated size: 85

C:\Program Files (x86)\Microchip\xc8\v1.45\sources\common\xxtofl.c
		___xxtofl      		CODE           	2762	0000	341

C:\Program Files (x86)\Microchip\xc8\v1.45\sources\common\xxtofl.c estimated size: 341

C:\Program Files (x86)\Microchip\xc8\v1.45\sources\common\flneg.c
		___flneg       		CODE           	2D9C	0000	49

C:\Program Files (x86)\Microchip\xc8\v1.45\sources\common\flneg.c estimated size: 49

main.c
		_Control_down  		CODE           	231E	0000	561
		_main          		CODE           	100A	0000	971
		_isr           		CODE           	0008	0000	491
		_Configure_HW  		CODE           	2C7C	0000	95
		_Control_up    		CODE           	254E	0000	533

main.c estimated size: 2651

C:\Program Files (x86)\Microchip\xc8\v1.45\sources\common\sprcmul.c
		___flmul       		CODE           	13D4	0000	851

C:\Program Files (x86)\Microchip\xc8\v1.45\sources\common\sprcmul.c estimated size: 851

