Microchip MPLAB XC8 Compiler V1.45 ()

Linker command line:

-W-3 --edf=C:\Program Files (x86)\Microchip\xc8\v1.45\dat\en_msgs.txt -cs \
  -h+dist/default/production\Sincronismo_46K22.X.production.sym \
  --cmf=dist/default/production\Sincronismo_46K22.X.production.cmf -z \
  -Q18F46K22 -oC:\Users\asus\AppData\Local\Temp\s79o.2 \
  -Mdist/default/production/Sincronismo_46K22.X.production.map -E1 -ver=XC8 \
  --acfsm=1493 -ASTACK=0C7h-0f37h -pstack=STACK -ACODE=00h-0FFFFh \
  -ACONST=00h-0FFFFh -ASMALLCONST=01000h-010FFhx240 \
  -AMEDIUMCONST=01000h-0FFFFh -ACOMRAM=01h-05Fh -AABS1=00h-0F37h \
  -ABIGRAM=01h-0F37h -ARAM=060h-0FFh,0100h-01FFhx14,0F00h-0F37h \
  -ABANK0=060h-0FFh -ABANK1=0100h-01FFh -ABANK2=0200h-02FFh \
  -ABANK3=0300h-03FFh -ABANK4=0400h-04FFh -ABANK5=0500h-05FFh \
  -ABANK6=0600h-06FFh -ABANK7=0700h-07FFh -ABANK8=0800h-08FFh \
  -ABANK9=0900h-09FFh -ABANK10=0A00h-0AFFh -ABANK11=0B00h-0BFFh \
  -ABANK12=0C00h-0CFFh -ABANK13=0D00h-0DFFh -ABANK14=0E00h-0EFFh \
  -ABANK15=0F00h-0F37h -ASFR=0F38h-0F5Fh,0F60h-0FFFh \
  -preset_vec=00h,intcode=08h,intcodelo=018h,powerup,init -pramtop=01000h \
  -psmallconst=SMALLCONST -pmediumconst=MEDIUMCONST -pconst=CONST \
  -AFARRAM=00h-00h -ACONFIG=0300000h-030000Dh -pconfig=CONFIG \
  -AIDLOC=0200000h-0200007h -pidloc=IDLOC -AEEDATA=0F00000h-0F003FFh \
  -peeprom_data=EEDATA \
  -prdata=COMRAM,nvrram=COMRAM,nvbit=COMRAM,rbss=COMRAM,rbit=COMRAM \
  -pfarbss=FARRAM,fardata=FARRAM,nvFARRAM=FARRAM \
  -pintsave_regs=BIGRAM,bigbss=BIGRAM,bigdata=BIGRAM -pbss=RAM \
  -pidata=CODE,irdata=CODE,ibigdata=CODE,ifardata=CODE -prparam=COMRAM \
  C:\Users\asus\AppData\Local\Temp\s79o.obj \
  dist/default/production\Sincronismo_46K22.X.production.obj 

Object code version is 3.11

Machine type is 18F46K22

Call graph: (short form)




                Name                               Link     Load   Length Selector   Space Scale
C:\Users\asus\AppData\Local\Temp\s79o.obj
                init                                16C      16C        4        C       0
                reset_vec                             0        0        4        0       0
                idloc                            200000   200000        8   200000       0
                config                           300000   300000        E   300000       0
dist/default/production\Sincronismo_46K22.X.production.obj
                intcodelo                            18       18      154        C       0
                intcode                               8        8        6        4       0
                temp                                 45       45        1        1       1
                text18                              E54      E54       20        C       0
                text17                              E74      E74       1A        C       0
                text16                              F2A      F2A        A        C       0
                text15                              F3C      F3C        6        C       0
                text14                              F20      F20        A        C       0
                text13                              738      738      586        C       0
                text12                              F16      F16        A        C       0
                intcode_body                        170      170      5C8        C       0
                text10                              F0A      F0A        C        C       0
                text8                               F34      F34        8        C       0
                text7                               EA6      EA6       16        C       0
                text6                               EE4      EE4       14        C       0
                text5                               ED0      ED0       14        C       0
                text4                               EBC      EBC       14        C       0
                text3                               E8E      E8E       18        C       0
                text2                               EF8      EF8       12        C       0
                text1                               E18      E18       3C        C       0
                text0                               CBE      CBE      11C        C       0
                cstackCOMRAM                         28       28       1D        1       1
                cstackBANK0                          AC       AC       19       60       1
                dataBANK0                            C5       C5        2       60       1
                bssBANK0                             60       60       4C       60       1
                bssCOMRAM                             1        1       27        1       1
                cinit                               DDA      DDA       3E        C       0
                idataBANK0                          F42      F42        2        C       0

TOTAL           Name                               Link     Load   Length     Space
        CLASS   STACK          

        CLASS   CODE           
                intcodelo                            18       18      154         0
                intcode                               8        8        6         0
                init                                16C      16C        4         0
                reset_vec                             0        0        4         0
                text18                              E54      E54       20         0
                text17                              E74      E74       1A         0
                text16                              F2A      F2A        A         0
                text15                              F3C      F3C        6         0
                text14                              F20      F20        A         0
                text13                              738      738      586         0
                text12                              F16      F16        A         0
                intcode_body                        170      170      5C8         0
                text10                              F0A      F0A        C         0
                text8                               F34      F34        8         0
                text7                               EA6      EA6       16         0
                text6                               EE4      EE4       14         0
                text5                               ED0      ED0       14         0
                text4                               EBC      EBC       14         0
                text3                               E8E      E8E       18         0
                text2                               EF8      EF8       12         0
                text1                               E18      E18       3C         0
                text0                               CBE      CBE      11C         0
                cinit                               DDA      DDA       3E         0
                idataBANK0                          F42      F42        2         0

        CLASS   CONST          

        CLASS   SMALLCONST     

        CLASS   MEDIUMCONST    

        CLASS   COMRAM         
                temp                                 45       45        1         1
                cstackCOMRAM                         28       28       1D         1
                bssCOMRAM                             1        1       27         1

        CLASS   ABS1           

        CLASS   BIGRAM         

        CLASS   RAM            

        CLASS   BANK0          
                cstackBANK0                          AC       AC       19         1
                dataBANK0                            C5       C5        2         1
                bssBANK0                             60       60       4C         1

        CLASS   BANK1          

        CLASS   BANK2          

        CLASS   BANK3          

        CLASS   BANK4          

        CLASS   BANK5          

        CLASS   BANK6          

        CLASS   BANK7          

        CLASS   BANK8          

        CLASS   BANK9          

        CLASS   BANK10         

        CLASS   BANK11         

        CLASS   BANK12         

        CLASS   BANK13         

        CLASS   BANK14         

        CLASS   BANK15         

        CLASS   SFR            

        CLASS   FARRAM         

        CLASS   CONFIG         
                config                           300000   300000        E         0

        CLASS   IDLOC          
                idloc                            200000   200000        8         0

        CLASS   EEDATA         



SEGMENTS        Name                           Load    Length   Top    Selector   Space  Class

                reset_vec                      000000  000004  000004         0       0  CODE    
                bssCOMRAM                      000001  000045  000046         1       1  COMRAM  
                intcode                        000008  000006  00000E         4       0  CODE    
                intcodelo                      000018  000F2C  000F44         C       0  CODE    
                bssBANK0                       000060  000067  0000C7        60       1  BANK0   
                idloc                          200000  000008  200008    200000       0  IDLOC   
                config                         300000  00000E  30000E    300000       0  CONFIG  


UNUSED ADDRESS RANGES

        Name                Unused          Largest block    Delta
        BANK0            0000C7-0000FF               39
        BANK1            000100-0001FF              100
        BANK10           000A00-000AFF              100
        BANK11           000B00-000BFF              100
        BANK12           000C00-000CFF              100
        BANK13           000D00-000DFF              100
        BANK14           000E00-000EFF              100
        BANK15           000F00-000F37               38
        BANK2            000200-0002FF              100
        BANK3            000300-0003FF              100
        BANK4            000400-0004FF              100
        BANK5            000500-0005FF              100
        BANK6            000600-0006FF              100
        BANK7            000700-0007FF              100
        BANK8            000800-0008FF              100
        BANK9            000900-0009FF              100
        BIGRAM           000046-00005F               1A
                         0000C7-000F37              E71
        CODE             000004-000007                4
                         00000E-000017                A
                         000F44-00FFFF             F0BC
        COMRAM           000046-00005F               1A
        CONST            000004-000007                4
                         00000E-000017                A
                         000F44-00FFFF             F0BC
        EEDATA           F00000-F003FF              400
        MEDIUMCONST      001000-00FFFF             F000
        RAM              0000C7-000F37              100
        SFR              000F38-000FFF               28
        SMALLCONST       001000-00FFFF              100
        STACK            0000C7-000F37              E71

                                  Symbol Table

?_Get_Timer1             cstackCOMRAM 000028
?_Make_16                cstackCOMRAM 000028
Get_Timer1@Data          cstackCOMRAM 00002C
Make_16@data1            cstackCOMRAM 00002C
Make_16@data2            cstackCOMRAM 000028
Set_Timer0@data_timer    cstackCOMRAM 000028
Set_Timer1@data_timer    cstackBANK0  0000AC
Set_Timer2@data_timer    cstackCOMRAM 000028
Set_Timer3@data_timer    cstackCOMRAM 000028
_ADCON0bits              (abs)        000FC2
_ADCON1bits              (abs)        000FC1
_ADCON2bits              (abs)        000FC0
_ADRESH                  (abs)        000FC4
_ANSELA                  (abs)        000F38
_ANSELB                  (abs)        000F39
_ANSELC                  (abs)        000F3A
_ANSELD                  (abs)        000F3B
_ANSELE                  (abs)        000F3C
_Aux_PartidaFrio         bssCOMRAM    000027
_Confi_Int_Ext0          text8        000F34
_Config_Timer0           text7        000EA6
_Config_Timer1           text6        000EE4
_Config_Timer2           text5        000ED0
_Config_Timer3           text4        000EBC
_Configure_HW            text1        000E18
_Flag_Spi                bssBANK0     000082
_Get_Timer1              text18       000E54
_INTCON2bits             (abs)        000FF1
_INTCONbits              (abs)        000FF2
_LATAbits                (abs)        000F89
_LATBbits                (abs)        000F8A
_LATCbits                (abs)        000F8B
_LATDbits                (abs)        000F8C
_LATEbits                (abs)        000F8D
_Make_16                 text17       000E74
_No_Analogs              text3        000E8E
_PIE1bits                (abs)        000F9D
_PIE2bits                (abs)        000FA0
_PIR1bits                (abs)        000F9E
_PIR2bits                (abs)        000FA1
_PORTBbits               (abs)        000F81
_PORTEbits               (abs)        000F84
_PR2                     (abs)        000FBB
_Percentual_Etanol       bssBANK0     000084
_RCONbits                (abs)        000FD0
_SPI_SLAVE1              text2        000EF8
_SSP1BUF                 (abs)        000FC9
_SSP1CON1                (abs)        000FC6
_SSP1CON1bits            (abs)        000FC6
_SSP1IP                  (abs)        007CFB
_SSP1STAT                (abs)        000FC7
_SSP1STATbits            (abs)        000FC7
_SSP2BUF                 (abs)        000F6F
_SSP2CON1                (abs)        000F6C
_SSP2IP                  (abs)        007D2F
_SSP2STAT                (abs)        000F6D
_SSP2STATbits            (abs)        000F6D
_STKFUL                  (abs)        007FE7
_Set_Timer0              text16       000F2A
_Set_Timer1              text10       000F0A
_Set_Timer2              text15       000F3C
_Set_Timer3              text14       000F20
_Set_Vent                bssCOMRAM    000009
_T0CONbits               (abs)        000FD5
_T1CONbits               (abs)        000FCD
_T2CONbits               (abs)        000FBA
_T3CONbits               (abs)        000FB1
_T4CONbits               (abs)        000F51
_T5CONbits               (abs)        000F4E
_T6CONbits               (abs)        000F4A
_TMR0H                   (abs)        000FD7
_TMR0IP                  (abs)        007F8A
_TMR0L                   (abs)        000FD6
_TMR1H                   (abs)        000FCF
_TMR1IP                  (abs)        007CF8
_TMR1L                   (abs)        000FCE
_TMR2                    (abs)        000FBC
_TMR2IP                  (abs)        007CF9
_TMR3H                   (abs)        000FB3
_TMR3IP                  (abs)        007D11
_TMR3L                   (abs)        000FB2
_TMR4                    (abs)        000F53
_TMR5H                   (abs)        000F50
_TMR5IE                  (abs)        007BE9
_TMR5L                   (abs)        000F4F
_TMR6                    (abs)        000F4C
_TRISA                   (abs)        000F92
_TRISA5                  (abs)        007C95
_TRISB                   (abs)        000F93
_TRISB0                  (abs)        007C98
_TRISB1                  (abs)        007C99
_TRISB2                  (abs)        007C9A
_TRISC                   (abs)        000F94
_TRISC3                  (abs)        007CA3
_TRISC4                  (abs)        007CA4
_TRISC5                  (abs)        007CA5
_TRISD                   (abs)        000F95
_TRISD0                  (abs)        007CA8
_TRISD1                  (abs)        007CA9
_TRISD3                  (abs)        007CAB
_TRISD4                  (abs)        007CAC
_TRISE                   (abs)        000F96
_VEL_VENT2_count         dataBANK0    0000C5
__CFG_BOREN$OFF          (abs)        000000
__CFG_CP0$OFF            (abs)        000000
__CFG_CP1$OFF            (abs)        000000
__CFG_CPB$OFF            (abs)        000000
__CFG_CPD$OFF            (abs)        000000
__CFG_EBTR0$OFF          (abs)        000000
__CFG_EBTR1$OFF          (abs)        000000
__CFG_EBTRB$OFF          (abs)        000000
__CFG_FCMEN$OFF          (abs)        000000
__CFG_FOSC$HSHP          (abs)        000000
__CFG_IESO$OFF           (abs)        000000
__CFG_LVP$OFF            (abs)        000000
__CFG_PLLCFG$ON          (abs)        000000
__CFG_PWRTEN$OFF         (abs)        000000
__CFG_STVREN$OFF         (abs)        000000
__CFG_WDTEN$OFF          (abs)        000000
__CFG_WDTPS$32768        (abs)        000000
__CFG_WRT0$OFF           (abs)        000000
__CFG_WRT1$OFF           (abs)        000000
__CFG_WRTB$OFF           (abs)        000000
__CFG_WRTC$OFF           (abs)        000000
__CFG_WRTD$OFF           (abs)        000000
__CFG_XINST$OFF          (abs)        000000
__HRAM                   (abs)        000000
__Habs1                  abs1         000000
__Hbank0                 bank0        000000
__Hbank1                 bank1        000000
__Hbank10                bank10       000000
__Hbank11                bank11       000000
__Hbank12                bank12       000000
__Hbank13                bank13       000000
__Hbank14                bank14       000000
__Hbank15                bank15       000000
__Hbank2                 bank2        000000
__Hbank3                 bank3        000000
__Hbank4                 bank4        000000
__Hbank5                 bank5        000000
__Hbank6                 bank6        000000
__Hbank7                 bank7        000000
__Hbank8                 bank8        000000
__Hbank9                 bank9        000000
__Hbigbss                bigbss       000000
__Hbigdata               bigdata      000000
__Hbigram                bigram       000000
__Hbss                   bss          000000
__HbssBANK0              bssBANK0     000000
__HbssCOMRAM             bssCOMRAM    000000
__Hcinit                 cinit        000000
__Hclrtext               clrtext      000000
__Hcomram                comram       000000
__Hconfig                config       30000E
__Hconst                 const        000000
__HcstackBANK0           cstackBANK0  000000
__HcstackCOMRAM          cstackCOMRAM 000000
__Hdata                  data         000000
__HdataBANK0             dataBANK0    000000
__Heeprom_data           eeprom_data  000000
__Hfarbss                farbss       000000
__Hfardata               fardata      000000
__Hibigdata              ibigdata     000000
__Hidata                 idata        000000
__HidataBANK0            idataBANK0   000000
__Hidloc                 idloc        200008
__Hifardata              ifardata     000000
__Hinit                  init         000170
__Hintcode               intcode      00000E
__Hintcode_body          intcode_body 000000
__Hintcodelo             intcodelo    00016C
__Hintentry              intentry     000000
__Hintret                intret       000000
__Hintsave_regs          intsave_regs 000000
__Hirdata                irdata       000000
__Hmediumconst           mediumconst  000000
__HnvFARRAM              nvFARRAM     000000
__Hnvbit                 nvbit        000000
__Hnvrram                nvrram       000000
__Hparam                 rparam       000000
__Hpowerup               powerup      00016C
__Hram                   ram          000000
__Hramtop                ramtop       001000
__Hrbit                  rbit         000000
__Hrbss                  rbss         000000
__Hrdata                 rdata        000000
__Hreset_vec             reset_vec    000004
__Hrparam                rparam       000000
__Hsfr                   sfr          000000
__Hsmallconst            smallconst   000000
__Hspace_0               (abs)        30000E
__Hspace_1               (abs)        0000C7
__Hspace_2               (abs)        000000
__Hstack                 stack        000000
__Hstruct                struct       000000
__Htemp                  temp         000046
__Htext                  text         000000
__Htext0                 text0        000000
__Htext1                 text1        000000
__Htext10                text10       000000
__Htext12                text12       000000
__Htext13                text13       000000
__Htext14                text14       000000
__Htext15                text15       000000
__Htext16                text16       000000
__Htext17                text17       000000
__Htext18                text18       000000
__Htext2                 text2        000000
__Htext3                 text3        000000
__Htext4                 text4        000000
__Htext5                 text5        000000
__Htext6                 text6        000000
__Htext7                 text7        000000
__Htext8                 text8        000000
__LRAM                   (abs)        000001
__Labs1                  abs1         000000
__Lbank0                 bank0        000000
__Lbank1                 bank1        000000
__Lbank10                bank10       000000
__Lbank11                bank11       000000
__Lbank12                bank12       000000
__Lbank13                bank13       000000
__Lbank14                bank14       000000
__Lbank15                bank15       000000
__Lbank2                 bank2        000000
__Lbank3                 bank3        000000
__Lbank4                 bank4        000000
__Lbank5                 bank5        000000
__Lbank6                 bank6        000000
__Lbank7                 bank7        000000
__Lbank8                 bank8        000000
__Lbank9                 bank9        000000
__Lbigbss                bigbss       000000
__Lbigdata               bigdata      000000
__Lbigram                bigram       000000
__Lbss                   bss          000000
__LbssBANK0              bssBANK0     000000
__LbssCOMRAM             bssCOMRAM    000000
__Lcinit                 cinit        000000
__Lclrtext               clrtext      000000
__Lcomram                comram       000000
__Lconfig                config       300000
__Lconst                 const        000000
__LcstackBANK0           cstackBANK0  000000
__LcstackCOMRAM          cstackCOMRAM 000000
__Ldata                  data         000000
__LdataBANK0             dataBANK0    000000
__Leeprom_data           eeprom_data  000000
__Lfarbss                farbss       000000
__Lfardata               fardata      000000
__Libigdata              ibigdata     000000
__Lidata                 idata        000000
__LidataBANK0            idataBANK0   000000
__Lidloc                 idloc        200000
__Lifardata              ifardata     000000
__Linit                  init         00016C
__Lintcode               intcode      000008
__Lintcode_body          intcode_body 000000
__Lintcodelo             intcodelo    000018
__Lintentry              intentry     000000
__Lintret                intret       000000
__Lintsave_regs          intsave_regs 000000
__Lirdata                irdata       000000
__Lmediumconst           mediumconst  000000
__LnvFARRAM              nvFARRAM     000000
__Lnvbit                 nvbit        000000
__Lnvrram                nvrram       000000
__Lparam                 rparam       000000
__Lpowerup               powerup      00016C
__Lram                   ram          000000
__Lramtop                ramtop       001000
__Lrbit                  rbit         000000
__Lrbss                  rbss         000000
__Lrdata                 rdata        000000
__Lreset_vec             reset_vec    000000
__Lrparam                rparam       000000
__Lsfr                   sfr          000000
__Lsmallconst            smallconst   000000
__Lspace_0               (abs)        000000
__Lspace_1               (abs)        000000
__Lspace_2               (abs)        000000
__Lstack                 stack        000000
__Lstruct                struct       000000
__Ltemp                  temp         000045
__Ltext                  text         000000
__Ltext0                 text0        000000
__Ltext1                 text1        000000
__Ltext10                text10       000000
__Ltext12                text12       000000
__Ltext13                text13       000000
__Ltext14                text14       000000
__Ltext15                text15       000000
__Ltext16                text16       000000
__Ltext17                text17       000000
__Ltext18                text18       000000
__Ltext2                 text2        000000
__Ltext3                 text3        000000
__Ltext4                 text4        000000
__Ltext5                 text5        000000
__Ltext6                 text6        000000
__Ltext7                 text7        000000
__Ltext8                 text8        000000
__S0                     (abs)        30000E
__S1                     (abs)        0000C7
__S2                     (abs)        000000
___inthi_sp              stack        000000
___intlo_sp              stack        000000
___param_bank            (abs)        000000
___rparam_used           (abs)        000001
___sp                    stack        000000
__accesstop              (abs)        000060
__activetblptr           (abs)        000002
__end_of_Confi_Int_Ext0  text8        000F3C
__end_of_Config_Timer0   text7        000EBC
__end_of_Config_Timer1   text6        000EF8
__end_of_Config_Timer2   text5        000EE4
__end_of_Config_Timer3   text4        000ED0
__end_of_Configure_HW    text1        000E54
__end_of_Get_Timer1      text18       000E74
__end_of_Make_16         text17       000E8E
__end_of_No_Analogs      text3        000EA6
__end_of_SPI_SLAVE1      text2        000F0A
__end_of_Set_Timer0      text16       000F34
__end_of_Set_Timer1      text10       000F16
__end_of_Set_Timer2      text15       000F42
__end_of_Set_Timer3      text14       000F2A
__end_of__initialization cinit        000E0A
__end_of_conta_dente     text13       000CBE
__end_of_isr             intcodelo    00016C
__end_of_isr2            intcode_body 000738
__end_of_main            text0        000DDA
__end_ofi2_Set_Timer1    text12       000F20
__initialization         cinit        000DDA
__mediumconst            mediumconst  000000
__pbssBANK0              bssBANK0     000060
__pbssCOMRAM             bssCOMRAM    000001
__pcinit                 cinit        000DDA
__pcstackBANK0           cstackBANK0  0000AC
__pcstackCOMRAM          cstackCOMRAM 000028
__pdataBANK0             dataBANK0    0000C5
__pidataBANK0            idataBANK0   000F42
__pintcode               intcode      000008
__pintcode_body          intcode_body 000170
__pintcodelo             intcodelo    000018
__ptext0                 text0        000CBE
__ptext1                 text1        000E18
__ptext10                text10       000F0A
__ptext12                text12       000F16
__ptext13                text13       000738
__ptext14                text14       000F20
__ptext15                text15       000F3C
__ptext16                text16       000F2A
__ptext17                text17       000E74
__ptext18                text18       000E54
__ptext2                 text2        000EF8
__ptext3                 text3        000E8E
__ptext4                 text4        000EBC
__ptext5                 text5        000ED0
__ptext6                 text6        000EE4
__ptext7                 text7        000EA6
__ptext8                 text8        000F34
__ramtop                 ramtop       001000
__size_of_Confi_Int_Ext0 (abs)        000000
__size_of_Config_Timer0  (abs)        000000
__size_of_Config_Timer1  (abs)        000000
__size_of_Config_Timer2  (abs)        000000
__size_of_Config_Timer3  (abs)        000000
__size_of_Configure_HW   (abs)        000000
__size_of_Get_Timer1     (abs)        000000
__size_of_Make_16        (abs)        000000
__size_of_No_Analogs     (abs)        000000
__size_of_SPI_SLAVE1     (abs)        000000
__size_of_Set_Timer0     (abs)        000000
__size_of_Set_Timer1     (abs)        000000
__size_of_Set_Timer2     (abs)        000000
__size_of_Set_Timer3     (abs)        000000
__size_of_conta_dente    (abs)        000000
__size_of_isr            (abs)        000000
__size_of_isr2           (abs)        000000
__size_of_main           (abs)        000000
__size_ofi2_Set_Timer1   (abs)        000000
__smallconst             smallconst   000000
_a                       bssBANK0     0000AA
_b                       bssBANK0     0000A8
_c                       bssBANK0     0000A6
_conta_dente             text13       000738
_cutoff                  bssBANK0     00008C
_d                       bssBANK0     0000A4
_dente                   bssCOMRAM    000025
_dm                      bssBANK0     0000A0
_e                       bssBANK0     0000A2
_falha_ok                bssBANK0     00008E
_fase_ok                 bssBANK0     000090
_flag_Vent               bssBANK0     000094
_ig_dente_14             bssCOMRAM    000017
_ig_dente_14_ant         bssBANK0     00009A
_ig_dente_23             bssCOMRAM    000019
_ig_dente_23_ant         bssBANK0     00009C
_ig_pos                  bssCOMRAM    000023
_ig_tmr_disparo          bssCOMRAM    00001B
_ij14_pos                bssCOMRAM    000021
_ij23_pos                bssBANK0     00009E
_ij_dente_14             bssCOMRAM    000015
_ij_dente_14_ant         bssBANK0     000098
_ij_dente_14_extra       bssBANK0     00008A
_ij_dente_23             bssCOMRAM    000013
_ij_dente_23_ant         bssBANK0     000096
_ij_dente_23_extra       bssBANK0     000088
_ij_tmr_disparo          bssCOMRAM    000005
_isr                     intcodelo    000018
_isr2                    intcode      000008
_main                    text0        000CBE
_rotacao                 bssCOMRAM    00000F
_rotacao_ant             bssCOMRAM    00000D
_sinal_fase              bssCOMRAM    00000B
_spi_ctr                 bssBANK0     000092
_t_agua                  bssBANK0     000086
_t_periodo               bssBANK0     00007C
_t_periodo_ref           bssBANK0     000078
_tempo_bob               bssCOMRAM    000011
_tempo_inj               bssCOMRAM    000001
_valor                   bssBANK0     000060
_volta14                 bssCOMRAM    00001F
_volta23                 bssCOMRAM    00001D
btemp                    temp         000045
end_of_initialization    cinit        000E0A
i2Set_Timer1@data_timer  cstackCOMRAM 000028
i2_Set_Timer1            text12       000F16
int$flags                temp         000045
int_func                 intcode_body 000170
intlevel0                text         000000
intlevel1                text         000000
intlevel2                text         000000
intlevel3                text         000000
stackhi                  (abs)        000F37
stacklo                  (abs)        0000C7
start                    init         00016C
start_initialization     cinit        000DDA
wtemp6                   temp         000046


FUNCTION INFORMATION:

 *************** function _main *****************
 Defined at:
		line 958 in file "main.c"
 Parameters:    Size  Location     Type
		None
 Auto vars:     Size  Location     Type
		None
 Return value:  Size  Location     Type
                  1    wreg      void 
 Registers used:
		wreg, status,2, cstack
 Tracked objects:
		On entry : 
		On exit  : 
		Unchanged: 
 Data sizes:     COMRAM   BANK0   BANK1   BANK2   BANK3   BANK4   BANK5   BANK6   BANK7   BANK8   BANK9  BANK10  BANK11  BANK12  BANK13  BANK14  BANK15
      Params:         0       0       0       0       0       0       0       0       0       0       0       0       0       0       0       0       0
      Locals:         0       0       0       0       0       0       0       0       0       0       0       0       0       0       0       0       0
      Temps:          0       0       0       0       0       0       0       0       0       0       0       0       0       0       0       0       0
      Totals:         0       0       0       0       0       0       0       0       0       0       0       0       0       0       0       0       0
Total ram usage:        0 bytes
 Hardware stack levels required when called:    7
 This function calls:
		_Configure_HW
 This function is called by:
		Startup code after reset
 This function uses a non-reentrant model


 *************** function _Configure_HW *****************
 Defined at:
		line 924 in file "main.c"
 Parameters:    Size  Location     Type
		None
 Auto vars:     Size  Location     Type
		None
 Return value:  Size  Location     Type
                  1    wreg      void 
 Registers used:
		wreg, status,2, cstack
 Tracked objects:
		On entry : 
		On exit  : 
		Unchanged: 
 Data sizes:     COMRAM   BANK0   BANK1   BANK2   BANK3   BANK4   BANK5   BANK6   BANK7   BANK8   BANK9  BANK10  BANK11  BANK12  BANK13  BANK14  BANK15
      Params:         0       0       0       0       0       0       0       0       0       0       0       0       0       0       0       0       0
      Locals:         0       0       0       0       0       0       0       0       0       0       0       0       0       0       0       0       0
      Temps:          0       0       0       0       0       0       0       0       0       0       0       0       0       0       0       0       0
      Totals:         0       0       0       0       0       0       0       0       0       0       0       0       0       0       0       0       0
Total ram usage:        0 bytes
 Hardware stack levels used:    1
 Hardware stack levels required when called:    6
 This function calls:
		_Confi_Int_Ext0
		_Config_Timer0
		_Config_Timer1
		_Config_Timer2
		_Config_Timer3
		_No_Analogs
		_SPI_SLAVE1
 This function is called by:
		_main
 This function uses a non-reentrant model


 *************** function _SPI_SLAVE1 *****************
 Defined at:
		line 72 in file "SPI_XC8.c"
 Parameters:    Size  Location     Type
		None
 Auto vars:     Size  Location     Type
		None
 Return value:  Size  Location     Type
                  1    wreg      void 
 Registers used:
		wreg, status,2
 Tracked objects:
		On entry : 
		On exit  : 
		Unchanged: 
 Data sizes:     COMRAM   BANK0   BANK1   BANK2   BANK3   BANK4   BANK5   BANK6   BANK7   BANK8   BANK9  BANK10  BANK11  BANK12  BANK13  BANK14  BANK15
      Params:         0       0       0       0       0       0       0       0       0       0       0       0       0       0       0       0       0
      Locals:         0       0       0       0       0       0       0       0       0       0       0       0       0       0       0       0       0
      Temps:          0       0       0       0       0       0       0       0       0       0       0       0       0       0       0       0       0
      Totals:         0       0       0       0       0       0       0       0       0       0       0       0       0       0       0       0       0
Total ram usage:        0 bytes
 Hardware stack levels used:    1
 Hardware stack levels required when called:    5
 This function calls:
		Nothing
 This function is called by:
		_Configure_HW
 This function uses a non-reentrant model


 *************** function _No_Analogs *****************
 Defined at:
		line 915 in file "main.c"
 Parameters:    Size  Location     Type
		None
 Auto vars:     Size  Location     Type
		None
 Return value:  Size  Location     Type
                  1    wreg      void 
 Registers used:
		wreg, status,2
 Tracked objects:
		On entry : 
		On exit  : 
		Unchanged: 
 Data sizes:     COMRAM   BANK0   BANK1   BANK2   BANK3   BANK4   BANK5   BANK6   BANK7   BANK8   BANK9  BANK10  BANK11  BANK12  BANK13  BANK14  BANK15
      Params:         0       0       0       0       0       0       0       0       0       0       0       0       0       0       0       0       0
      Locals:         0       0       0       0       0       0       0       0       0       0       0       0       0       0       0       0       0
      Temps:          0       0       0       0       0       0       0       0       0       0       0       0       0       0       0       0       0
      Totals:         0       0       0       0       0       0       0       0       0       0       0       0       0       0       0       0       0
Total ram usage:        0 bytes
 Hardware stack levels used:    1
 Hardware stack levels required when called:    5
 This function calls:
		Nothing
 This function is called by:
		_Configure_HW
 This function uses a non-reentrant model


 *************** function _Config_Timer3 *****************
 Defined at:
		line 51 in file "TIMERS_XC8.c"
 Parameters:    Size  Location     Type
		None
 Auto vars:     Size  Location     Type
		None
 Return value:  Size  Location     Type
                  1    wreg      void 
 Registers used:
		wreg, status,2
 Tracked objects:
		On entry : 
		On exit  : 
		Unchanged: 
 Data sizes:     COMRAM   BANK0   BANK1   BANK2   BANK3   BANK4   BANK5   BANK6   BANK7   BANK8   BANK9  BANK10  BANK11  BANK12  BANK13  BANK14  BANK15
      Params:         0       0       0       0       0       0       0       0       0       0       0       0       0       0       0       0       0
      Locals:         0       0       0       0       0       0       0       0       0       0       0       0       0       0       0       0       0
      Temps:          0       0       0       0       0       0       0       0       0       0       0       0       0       0       0       0       0
      Totals:         0       0       0       0       0       0       0       0       0       0       0       0       0       0       0       0       0
Total ram usage:        0 bytes
 Hardware stack levels used:    1
 Hardware stack levels required when called:    5
 This function calls:
		Nothing
 This function is called by:
		_Configure_HW
 This function uses a non-reentrant model


 *************** function _Config_Timer2 *****************
 Defined at:
		line 125 in file "TIMERS_XC8.c"
 Parameters:    Size  Location     Type
		None
 Auto vars:     Size  Location     Type
		None
 Return value:  Size  Location     Type
                  1    wreg      void 
 Registers used:
		None
 Tracked objects:
		On entry : 
		On exit  : 
		Unchanged: 
 Data sizes:     COMRAM   BANK0   BANK1   BANK2   BANK3   BANK4   BANK5   BANK6   BANK7   BANK8   BANK9  BANK10  BANK11  BANK12  BANK13  BANK14  BANK15
      Params:         0       0       0       0       0       0       0       0       0       0       0       0       0       0       0       0       0
      Locals:         0       0       0       0       0       0       0       0       0       0       0       0       0       0       0       0       0
      Temps:          0       0       0       0       0       0       0       0       0       0       0       0       0       0       0       0       0
      Totals:         0       0       0       0       0       0       0       0       0       0       0       0       0       0       0       0       0
Total ram usage:        0 bytes
 Hardware stack levels used:    1
 Hardware stack levels required when called:    5
 This function calls:
		Nothing
 This function is called by:
		_Configure_HW
 This function uses a non-reentrant model


 *************** function _Config_Timer1 *****************
 Defined at:
		line 14 in file "TIMERS_XC8.c"
 Parameters:    Size  Location     Type
		None
 Auto vars:     Size  Location     Type
		None
 Return value:  Size  Location     Type
                  1    wreg      void 
 Registers used:
		wreg, status,2
 Tracked objects:
		On entry : 
		On exit  : 
		Unchanged: 
 Data sizes:     COMRAM   BANK0   BANK1   BANK2   BANK3   BANK4   BANK5   BANK6   BANK7   BANK8   BANK9  BANK10  BANK11  BANK12  BANK13  BANK14  BANK15
      Params:         0       0       0       0       0       0       0       0       0       0       0       0       0       0       0       0       0
      Locals:         0       0       0       0       0       0       0       0       0       0       0       0       0       0       0       0       0
      Temps:          0       0       0       0       0       0       0       0       0       0       0       0       0       0       0       0       0
      Totals:         0       0       0       0       0       0       0       0       0       0       0       0       0       0       0       0       0
Total ram usage:        0 bytes
 Hardware stack levels used:    1
 Hardware stack levels required when called:    5
 This function calls:
		Nothing
 This function is called by:
		_Configure_HW
 This function uses a non-reentrant model


 *************** function _Config_Timer0 *****************
 Defined at:
		line 270 in file "TIMERS_XC8.c"
 Parameters:    Size  Location     Type
		None
 Auto vars:     Size  Location     Type
		None
 Return value:  Size  Location     Type
                  1    wreg      void 
 Registers used:
		None
 Tracked objects:
		On entry : 
		On exit  : 
		Unchanged: 
 Data sizes:     COMRAM   BANK0   BANK1   BANK2   BANK3   BANK4   BANK5   BANK6   BANK7   BANK8   BANK9  BANK10  BANK11  BANK12  BANK13  BANK14  BANK15
      Params:         0       0       0       0       0       0       0       0       0       0       0       0       0       0       0       0       0
      Locals:         0       0       0       0       0       0       0       0       0       0       0       0       0       0       0       0       0
      Temps:          0       0       0       0       0       0       0       0       0       0       0       0       0       0       0       0       0
      Totals:         0       0       0       0       0       0       0       0       0       0       0       0       0       0       0       0       0
Total ram usage:        0 bytes
 Hardware stack levels used:    1
 Hardware stack levels required when called:    5
 This function calls:
		Nothing
 This function is called by:
		_Configure_HW
 This function uses a non-reentrant model


 *************** function _Confi_Int_Ext0 *****************
 Defined at:
		line 12 in file "EXT_INT.c"
 Parameters:    Size  Location     Type
		None
 Auto vars:     Size  Location     Type
		None
 Return value:  Size  Location     Type
                  1    wreg      void 
 Registers used:
		None
 Tracked objects:
		On entry : 
		On exit  : 
		Unchanged: 
 Data sizes:     COMRAM   BANK0   BANK1   BANK2   BANK3   BANK4   BANK5   BANK6   BANK7   BANK8   BANK9  BANK10  BANK11  BANK12  BANK13  BANK14  BANK15
      Params:         0       0       0       0       0       0       0       0       0       0       0       0       0       0       0       0       0
      Locals:         0       0       0       0       0       0       0       0       0       0       0       0       0       0       0       0       0
      Temps:          0       0       0       0       0       0       0       0       0       0       0       0       0       0       0       0       0
      Totals:         0       0       0       0       0       0       0       0       0       0       0       0       0       0       0       0       0
Total ram usage:        0 bytes
 Hardware stack levels used:    1
 Hardware stack levels required when called:    5
 This function calls:
		Nothing
 This function is called by:
		_Configure_HW
 This function uses a non-reentrant model


 *************** function _isr *****************
 Defined at:
		line 635 in file "main.c"
 Parameters:    Size  Location     Type
		None
 Auto vars:     Size  Location     Type
		None
 Return value:  Size  Location     Type
                  1    wreg      void 
 Registers used:
		wreg, status,2, status,0, cstack
 Tracked objects:
		On entry : 
		On exit  : 
		Unchanged: 
 Data sizes:     COMRAM   BANK0   BANK1   BANK2   BANK3   BANK4   BANK5   BANK6   BANK7   BANK8   BANK9  BANK10  BANK11  BANK12  BANK13  BANK14  BANK15
      Params:         0       0       0       0       0       0       0       0       0       0       0       0       0       0       0       0       0
      Locals:         0       0       0       0       0       0       0       0       0       0       0       0       0       0       0       0       0
      Temps:          0      23       0       0       0       0       0       0       0       0       0       0       0       0       0       0       0
      Totals:         0      23       0       0       0       0       0       0       0       0       0       0       0       0       0       0       0
Total ram usage:       23 bytes
 Hardware stack levels used:    1
 Hardware stack levels required when called:    4
 This function calls:
		_Set_Timer1
 This function is called by:
		Interrupt level 1
 This function uses a non-reentrant model


 *************** function _Set_Timer1 *****************
 Defined at:
		line 37 in file "TIMERS_XC8.c"
 Parameters:    Size  Location     Type
  data_timer      2    0[BANK0 ] unsigned int 
 Auto vars:     Size  Location     Type
		None
 Return value:  Size  Location     Type
                  1    wreg      void 
 Registers used:
		wreg, status,2
 Tracked objects:
		On entry : 
		On exit  : 
		Unchanged: 
 Data sizes:     COMRAM   BANK0   BANK1   BANK2   BANK3   BANK4   BANK5   BANK6   BANK7   BANK8   BANK9  BANK10  BANK11  BANK12  BANK13  BANK14  BANK15
      Params:         0       2       0       0       0       0       0       0       0       0       0       0       0       0       0       0       0
      Locals:         0       0       0       0       0       0       0       0       0       0       0       0       0       0       0       0       0
      Temps:          0       0       0       0       0       0       0       0       0       0       0       0       0       0       0       0       0
      Totals:         0       2       0       0       0       0       0       0       0       0       0       0       0       0       0       0       0
Total ram usage:        2 bytes
 Hardware stack levels used:    1
 Hardware stack levels required when called:    3
 This function calls:
		Nothing
 This function is called by:
		_isr
 This function uses a non-reentrant model


 *************** function _isr2 *****************
 Defined at:
		line 245 in file "main.c"
 Parameters:    Size  Location     Type
		None
 Auto vars:     Size  Location     Type
		None
 Return value:  Size  Location     Type
                  1    wreg      void 
 Registers used:
		wreg, fsr2l, fsr2h, status,2, status,0, cstack
 Tracked objects:
		On entry : 
		On exit  : 
		Unchanged: 
 Data sizes:     COMRAM   BANK0   BANK1   BANK2   BANK3   BANK4   BANK5   BANK6   BANK7   BANK8   BANK9  BANK10  BANK11  BANK12  BANK13  BANK14  BANK15
      Params:         0       0       0       0       0       0       0       0       0       0       0       0       0       0       0       0       0
      Locals:         0       0       0       0       0       0       0       0       0       0       0       0       0       0       0       0       0
      Temps:         20       0       0       0       0       0       0       0       0       0       0       0       0       0       0       0       0
      Totals:        20       0       0       0       0       0       0       0       0       0       0       0       0       0       0       0       0
Total ram usage:       20 bytes
 Hardware stack levels used:    1
 Hardware stack levels required when called:    2
 This function calls:
		_Get_Timer1
		_Set_Timer0
		_Set_Timer2
		_Set_Timer3
		_conta_dente
		i2_Set_Timer1
 This function is called by:
		Interrupt level 2
 This function uses a non-reentrant model


 *************** function i2_Set_Timer1 *****************
 Defined at:
		line 37 in file "TIMERS_XC8.c"
 Parameters:    Size  Location     Type
  data_timer      2    0[COMRAM] unsigned int 
 Auto vars:     Size  Location     Type
		None
 Return value:  Size  Location     Type
                  1    wreg      void 
 Registers used:
		wreg, status,2
 Tracked objects:
		On entry : 
		On exit  : 
		Unchanged: 
 Data sizes:     COMRAM   BANK0   BANK1   BANK2   BANK3   BANK4   BANK5   BANK6   BANK7   BANK8   BANK9  BANK10  BANK11  BANK12  BANK13  BANK14  BANK15
      Params:         2       0       0       0       0       0       0       0       0       0       0       0       0       0       0       0       0
      Locals:         0       0       0       0       0       0       0       0       0       0       0       0       0       0       0       0       0
      Temps:          0       0       0       0       0       0       0       0       0       0       0       0       0       0       0       0       0
      Totals:         2       0       0       0       0       0       0       0       0       0       0       0       0       0       0       0       0
Total ram usage:        2 bytes
 Hardware stack levels used:    1
 This function calls:
		Nothing
 This function is called by:
		_isr2
 This function uses a non-reentrant model


 *************** function _conta_dente *****************
 Defined at:
		line 685 in file "main.c"
 Parameters:    Size  Location     Type
		None
 Auto vars:     Size  Location     Type
		None
 Return value:  Size  Location     Type
                  1    wreg      void 
 Registers used:
		wreg, status,2, status,0, cstack
 Tracked objects:
		On entry : 
		On exit  : 
		Unchanged: 
 Data sizes:     COMRAM   BANK0   BANK1   BANK2   BANK3   BANK4   BANK5   BANK6   BANK7   BANK8   BANK9  BANK10  BANK11  BANK12  BANK13  BANK14  BANK15
      Params:         0       0       0       0       0       0       0       0       0       0       0       0       0       0       0       0       0
      Locals:         0       0       0       0       0       0       0       0       0       0       0       0       0       0       0       0       0
      Temps:          4       0       0       0       0       0       0       0       0       0       0       0       0       0       0       0       0
      Totals:         4       0       0       0       0       0       0       0       0       0       0       0       0       0       0       0       0
Total ram usage:        4 bytes
 Hardware stack levels used:    1
 Hardware stack levels required when called:    1
 This function calls:
		_Make_16
		_Set_Timer0
		_Set_Timer2
		_Set_Timer3
 This function is called by:
		_isr2
 This function uses a non-reentrant model


 *************** function _Set_Timer3 *****************
 Defined at:
		line 75 in file "TIMERS_XC8.c"
 Parameters:    Size  Location     Type
  data_timer      2    0[COMRAM] unsigned int 
 Auto vars:     Size  Location     Type
		None
 Return value:  Size  Location     Type
                  1    wreg      void 
 Registers used:
		wreg, status,2
 Tracked objects:
		On entry : 
		On exit  : 
		Unchanged: 
 Data sizes:     COMRAM   BANK0   BANK1   BANK2   BANK3   BANK4   BANK5   BANK6   BANK7   BANK8   BANK9  BANK10  BANK11  BANK12  BANK13  BANK14  BANK15
      Params:         2       0       0       0       0       0       0       0       0       0       0       0       0       0       0       0       0
      Locals:         0       0       0       0       0       0       0       0       0       0       0       0       0       0       0       0       0
      Temps:          0       0       0       0       0       0       0       0       0       0       0       0       0       0       0       0       0
      Totals:         2       0       0       0       0       0       0       0       0       0       0       0       0       0       0       0       0
Total ram usage:        2 bytes
 Hardware stack levels used:    1
 This function calls:
		Nothing
 This function is called by:
		_isr2
		_conta_dente
 This function uses a non-reentrant model


 *************** function _Set_Timer2 *****************
 Defined at:
		line 165 in file "TIMERS_XC8.c"
 Parameters:    Size  Location     Type
  data_timer      2    0[COMRAM] unsigned int 
 Auto vars:     Size  Location     Type
		None
 Return value:  Size  Location     Type
                  1    wreg      void 
 Registers used:
		None
 Tracked objects:
		On entry : 
		On exit  : 
		Unchanged: 
 Data sizes:     COMRAM   BANK0   BANK1   BANK2   BANK3   BANK4   BANK5   BANK6   BANK7   BANK8   BANK9  BANK10  BANK11  BANK12  BANK13  BANK14  BANK15
      Params:         2       0       0       0       0       0       0       0       0       0       0       0       0       0       0       0       0
      Locals:         0       0       0       0       0       0       0       0       0       0       0       0       0       0       0       0       0
      Temps:          0       0       0       0       0       0       0       0       0       0       0       0       0       0       0       0       0
      Totals:         2       0       0       0       0       0       0       0       0       0       0       0       0       0       0       0       0
Total ram usage:        2 bytes
 Hardware stack levels used:    1
 This function calls:
		Nothing
 This function is called by:
		_isr2
		_conta_dente
 This function uses a non-reentrant model


 *************** function _Set_Timer0 *****************
 Defined at:
		line 301 in file "TIMERS_XC8.c"
 Parameters:    Size  Location     Type
  data_timer      2    0[COMRAM] unsigned int 
 Auto vars:     Size  Location     Type
		None
 Return value:  Size  Location     Type
                  1    wreg      void 
 Registers used:
		wreg, status,2
 Tracked objects:
		On entry : 
		On exit  : 
		Unchanged: 
 Data sizes:     COMRAM   BANK0   BANK1   BANK2   BANK3   BANK4   BANK5   BANK6   BANK7   BANK8   BANK9  BANK10  BANK11  BANK12  BANK13  BANK14  BANK15
      Params:         2       0       0       0       0       0       0       0       0       0       0       0       0       0       0       0       0
      Locals:         0       0       0       0       0       0       0       0       0       0       0       0       0       0       0       0       0
      Temps:          0       0       0       0       0       0       0       0       0       0       0       0       0       0       0       0       0
      Totals:         2       0       0       0       0       0       0       0       0       0       0       0       0       0       0       0       0
Total ram usage:        2 bytes
 Hardware stack levels used:    1
 This function calls:
		Nothing
 This function is called by:
		_isr2
		_conta_dente
 This function uses a non-reentrant model


 *************** function _Make_16 *****************
 Defined at:
		line 239 in file "main.c"
 Parameters:    Size  Location     Type
  data1           1    wreg     unsigned char 
  data2           1    0[COMRAM] unsigned char 
 Auto vars:     Size  Location     Type
  data1           1    4[COMRAM] unsigned char 
 Return value:  Size  Location     Type
                  2    0[COMRAM] unsigned int 
 Registers used:
		wreg, status,2, status,0
 Tracked objects:
		On entry : 
		On exit  : 
		Unchanged: 
 Data sizes:     COMRAM   BANK0   BANK1   BANK2   BANK3   BANK4   BANK5   BANK6   BANK7   BANK8   BANK9  BANK10  BANK11  BANK12  BANK13  BANK14  BANK15
      Params:         2       0       0       0       0       0       0       0       0       0       0       0       0       0       0       0       0
      Locals:         1       0       0       0       0       0       0       0       0       0       0       0       0       0       0       0       0
      Temps:          2       0       0       0       0       0       0       0       0       0       0       0       0       0       0       0       0
      Totals:         5       0       0       0       0       0       0       0       0       0       0       0       0       0       0       0       0
Total ram usage:        5 bytes
 Hardware stack levels used:    1
 This function calls:
		Nothing
 This function is called by:
		_conta_dente
 This function uses a non-reentrant model


 *************** function _Get_Timer1 *****************
 Defined at:
		line 43 in file "TIMERS_XC8.c"
 Parameters:    Size  Location     Type
		None
 Auto vars:     Size  Location     Type
  Data            2    4[COMRAM] unsigned int 
 Return value:  Size  Location     Type
                  2    0[COMRAM] unsigned int 
 Registers used:
		wreg, status,2, status,0
 Tracked objects:
		On entry : 
		On exit  : 
		Unchanged: 
 Data sizes:     COMRAM   BANK0   BANK1   BANK2   BANK3   BANK4   BANK5   BANK6   BANK7   BANK8   BANK9  BANK10  BANK11  BANK12  BANK13  BANK14  BANK15
      Params:         2       0       0       0       0       0       0       0       0       0       0       0       0       0       0       0       0
      Locals:         2       0       0       0       0       0       0       0       0       0       0       0       0       0       0       0       0
      Temps:          2       0       0       0       0       0       0       0       0       0       0       0       0       0       0       0       0
      Totals:         6       0       0       0       0       0       0       0       0       0       0       0       0       0       0       0       0
Total ram usage:        6 bytes
 Hardware stack levels used:    1
 This function calls:
		Nothing
 This function is called by:
		_isr2
 This function uses a non-reentrant model



MODULE INFORMATION

Module		Function		Class		Link	Load	Size
SPI_XC8.c
		_SPI_SLAVE1    		CODE           	0EF8	0000	19

SPI_XC8.c estimated size: 19

EXT_INT.c
		_Confi_Int_Ext0		CODE           	0F34	0000	9

EXT_INT.c estimated size: 9

TIMERS_XC8.c
		_Config_Timer0 		CODE           	0EA6	0000	23
		_Config_Timer1 		CODE           	0EE4	0000	21
		_Config_Timer2 		CODE           	0ED0	0000	21
		_Config_Timer3 		CODE           	0EBC	0000	21
		_Get_Timer1    		CODE           	0E54	0000	33
		_Set_Timer0    		CODE           	0F2A	0000	11
		_Set_Timer1    		CODE           	0F0A	0000	13
		_Set_Timer2    		CODE           	0F3C	0000	7
		_Set_Timer3    		CODE           	0F20	0000	11

TIMERS_XC8.c estimated size: 161

shared
		i2_Set_Timer1  		CODE           	0F16	0000	11
		__initialization		CODE           	0DDA	0000	49

shared estimated size: 60

main.c
		_main          		CODE           	0CBE	0000	285
		_conta_dente   		CODE           	0738	0000	1415
		_isr           		CODE           	0018	0000	341
		_No_Analogs    		CODE           	0E8E	0000	25
		_Make_16       		CODE           	0E74	0000	27
		_Configure_HW  		CODE           	0E18	0000	61
		_isr2          		CODE           	0008	0000	1487

main.c estimated size: 3641

